2022-07-13 04:05:41,540 ng_k_s.py [line:470] run_bft INFO Node 5 starts to run at time:1657656341.540129 
2022-07-13 04:05:41,591 ng_k_s.py [line:382] _finalize_output INFO ************************************************************* 
2022-07-13 04:05:41,592 ng_k_s.py [line:383] _finalize_output INFO                          warm-up start                        
2022-07-13 04:05:41,592 ng_k_s.py [line:384] _finalize_output INFO ************************************************************* 
2022-07-13 04:05:46,619 ng_k_s.py [line:390] _finalize_output INFO warm-up time: 5.079058 
2022-07-13 04:05:46,619 ng_k_s.py [line:391] _finalize_output INFO ************************************************************* 
2022-07-13 04:05:46,619 ng_k_s.py [line:392] _finalize_output INFO                        warm-up finished                       
2022-07-13 04:05:46,619 ng_k_s.py [line:393] _finalize_output INFO ************************************************************* 
2022-07-13 04:05:48,032 ng_k_s.py [line:453] _finalize_output INFO node: 5 epoch: 1 run: 6.492555, total delivered Txs after warm-up: 13000, average delay after warm-up: 3.832344,  tps after warm-up: 9197.053014, average vaba delay after warm-up: 0.706461 
2022-07-13 04:05:49,460 ng_k_s.py [line:330] _run_VABA_round INFO sid: 5: 0 txs batches need to call help in epoch 2, 0 in total, 0.000000  
2022-07-13 04:05:49,460 ng_k_s.py [line:453] _finalize_output INFO node: 5 epoch: 2 run: 7.920352, total delivered Txs after warm-up: 18600, average delay after warm-up: 3.619905,  tps after warm-up: 6546.314585, average vaba delay after warm-up: 0.945440 
2022-07-13 04:05:49,512 ng_k_s.py [line:288] catch INFO sid: 5: 0 txs batches need to call help after 50ms in epoch 2, 0 in total, 0.000000  
2022-07-13 04:05:49,563 ng_k_s.py [line:302] catch INFO sid: 5: 0 txs batches need to call help after 100ms in epoch 2, 0 in total, 0.000000  
2022-07-13 04:05:50,596 ng_k_s.py [line:330] _run_VABA_round INFO sid: 5: 0 txs batches need to call help in epoch 3, 0 in total, 0.000000  
2022-07-13 04:05:50,597 ng_k_s.py [line:453] _finalize_output INFO node: 5 epoch: 3 run: 9.056919, total delivered Txs after warm-up: 25400, average delay after warm-up: 3.432970,  tps after warm-up: 6385.341384, average vaba delay after warm-up: 0.993137 
2022-07-13 04:05:50,649 ng_k_s.py [line:288] catch INFO sid: 5: 0 txs batches need to call help after 50ms in epoch 3, 0 in total, 0.000000  
2022-07-13 04:05:50,700 ng_k_s.py [line:302] catch INFO sid: 5: 0 txs batches need to call help after 100ms in epoch 3, 0 in total, 0.000000  
2022-07-13 04:05:51,991 ng_k_s.py [line:330] _run_VABA_round INFO sid: 5: 0 txs batches need to call help in epoch 4, 0 in total, 0.000000  
2022-07-13 04:05:51,994 ng_k_s.py [line:453] _finalize_output INFO node: 5 epoch: 4 run: 10.454632, total delivered Txs after warm-up: 31100, average delay after warm-up: 3.335491,  tps after warm-up: 5785.429331, average vaba delay after warm-up: 1.073986 
2022-07-13 04:05:52,047 ng_k_s.py [line:288] catch INFO sid: 5: 0 txs batches need to call help after 50ms in epoch 4, 0 in total, 0.000000  
2022-07-13 04:05:52,097 ng_k_s.py [line:302] catch INFO sid: 5: 0 txs batches need to call help after 100ms in epoch 4, 0 in total, 0.000000  
2024-07-12 16:53:47,978 sufp_node.py [line:79] run INFO node 5's starts to run consensus on process id 28570 
2024-07-12 16:53:47,979 sufp_node.py [line:80] run INFO parameters: N=16, f=5, S=10, T=1, fast-batch=10000, acs-batch=62, K=1, O=0 
2024-07-12 16:53:47,979 sufp_node.py [line:62] prepare_bootstrap INFO node id 5 is inserting dummy payload TXs 
2024-07-12 16:53:47,979 sufp_node.py [line:70] prepare_bootstrap INFO node id 5 just inserts 50000 TXs 
2024-07-12 16:53:47,979 sufp_node.py [line:70] prepare_bootstrap INFO node id 5 just inserts 50000 TXs 
2024-07-12 16:53:47,979 sufp_node.py [line:74] prepare_bootstrap INFO node id 5 completed the loading of dummy TXs 
2024-07-12 16:53:47,980 Superfast.py [line:178] run_bft INFO Node 5 starts to run at time:1720774427.9800446 
2024-07-12 16:53:47,980 Superfast.py [line:231] _run_epoch INFO Node enters epoch 0 
2024-07-12 16:53:47,980 superfastpath.py [line:43] sufastpath INFO Entering fast path 
2024-07-12 16:53:47,981 superfastpath.py [line:225] one_slot INFO Entering slot 1 
2024-07-12 16:53:48,013 superfastpath.py [line:295] one_slot INFO Leaving slot 1 
2024-07-12 16:53:48,013 superfastpath.py [line:225] one_slot INFO Entering slot 2 
2024-07-12 16:53:48,630 superfastpath.py [line:286] one_slot INFO Fast block at Node 5 for Epoch sidAFAST0 and Slot 1 has delay, TPS and TXs: 0.6067159175872803, 10000 
2024-07-12 16:53:48,633 superfastpath.py [line:288] one_slot INFO AVG TPS: 15328, delay: 0.606716 
2024-07-12 16:53:48,633 superfastpath.py [line:295] one_slot INFO Leaving slot 2 
2024-07-12 16:53:48,633 superfastpath.py [line:225] one_slot INFO Entering slot 3 
2024-07-12 16:53:48,959 superfastpath.py [line:286] one_slot INFO Fast block at Node 5 for Epoch sidAFAST0 and Slot 2 has delay, TPS and TXs: 0.9010157585144043, 10000 
2024-07-12 16:53:48,960 superfastpath.py [line:288] one_slot INFO AVG TPS: 20428, delay: 0.753866 
2024-07-12 16:53:48,960 superfastpath.py [line:295] one_slot INFO Leaving slot 3 
2024-07-12 16:53:48,960 superfastpath.py [line:225] one_slot INFO Entering slot 4 
2024-07-12 16:53:49,347 superfastpath.py [line:286] one_slot INFO Fast block at Node 5 for Epoch sidAFAST0 and Slot 3 has delay, TPS and TXs: 0.6314249038696289, 10000 
2024-07-12 16:53:49,348 superfastpath.py [line:288] one_slot INFO AVG TPS: 21944, delay: 0.713052 
2024-07-12 16:53:49,348 superfastpath.py [line:295] one_slot INFO Leaving slot 4 
2024-07-12 16:53:49,348 superfastpath.py [line:225] one_slot INFO Entering slot 5 
2024-07-12 16:53:49,637 superfastpath.py [line:286] one_slot INFO Fast block at Node 5 for Epoch sidAFAST0 and Slot 4 has delay, TPS and TXs: 0.6625316143035889, 10000 
2024-07-12 16:53:49,637 superfastpath.py [line:288] one_slot INFO AVG TPS: 24145, delay: 0.700422 
2024-07-12 16:53:49,637 superfastpath.py [line:295] one_slot INFO Leaving slot 5 
2024-07-12 16:53:49,637 superfastpath.py [line:225] one_slot INFO Entering slot 6 
2024-07-12 16:53:50,111 superfastpath.py [line:286] one_slot INFO Fast block at Node 5 for Epoch sidAFAST0 and Slot 5 has delay, TPS and TXs: 0.7268004417419434, 10000 
2024-07-12 16:53:50,112 superfastpath.py [line:288] one_slot INFO AVG TPS: 23460, delay: 0.705698 
2024-07-12 16:53:50,112 superfastpath.py [line:295] one_slot INFO Leaving slot 6 
2024-07-12 16:53:50,112 superfastpath.py [line:225] one_slot INFO Entering slot 7 
2024-07-12 16:53:50,448 superfastpath.py [line:286] one_slot INFO Fast block at Node 5 for Epoch sidAFAST0 and Slot 6 has delay, TPS and TXs: 0.7987067699432373, 10000 
2024-07-12 16:53:50,462 superfastpath.py [line:288] one_slot INFO AVG TPS: 24183, delay: 0.721199 
2024-07-12 16:53:50,462 superfastpath.py [line:295] one_slot INFO Leaving slot 7 
2024-07-12 16:53:50,462 superfastpath.py [line:225] one_slot INFO Entering slot 8 
2024-07-12 16:53:50,745 superfastpath.py [line:286] one_slot INFO Fast block at Node 5 for Epoch sidAFAST0 and Slot 7 has delay, TPS and TXs: 0.6050875186920166, 10000 
2024-07-12 16:53:50,745 superfastpath.py [line:288] one_slot INFO AVG TPS: 25318, delay: 0.704612 
2024-07-12 16:53:50,746 superfastpath.py [line:295] one_slot INFO Leaving slot 8 
2024-07-12 16:53:50,746 superfastpath.py [line:225] one_slot INFO Entering slot 9 
2024-07-12 16:53:51,117 superfastpath.py [line:286] one_slot INFO Fast block at Node 5 for Epoch sidAFAST0 and Slot 8 has delay, TPS and TXs: 0.6310513019561768, 10000 
2024-07-12 16:53:51,117 superfastpath.py [line:288] one_slot INFO AVG TPS: 25509, delay: 0.695417 
2024-07-12 16:53:51,117 superfastpath.py [line:295] one_slot INFO Leaving slot 9 
2024-07-12 16:53:51,117 superfastpath.py [line:225] one_slot INFO Entering slot 10 
2024-07-12 16:53:51,429 superfastpath.py [line:286] one_slot INFO Fast block at Node 5 for Epoch sidAFAST0 and Slot 9 has delay, TPS and TXs: 0.6279146671295166, 10000 
2024-07-12 16:53:51,429 superfastpath.py [line:288] one_slot INFO AVG TPS: 26100, delay: 0.687917 
2024-07-12 16:53:51,430 superfastpath.py [line:295] one_slot INFO Leaving slot 10 
2024-07-12 16:53:51,430 superfastpath.py [line:225] one_slot INFO Entering slot 11 
2024-07-12 16:53:51,498 superfastpath.py [line:286] one_slot INFO Fast block at Node 5 for Epoch sidAFAST0 and Slot 10 has delay, TPS and TXs: 0.33078598976135254, 10000 
2024-07-12 16:53:51,498 superfastpath.py [line:288] one_slot INFO AVG TPS: 28431, delay: 0.652203 
2024-07-12 16:53:51,500 superfastpath.py [line:295] one_slot INFO Leaving slot 11 
2024-07-12 16:53:51,502 superfastpath.py [line:359] sufastpath INFO Leaves fastpath at 12 slot 
2024-07-12 16:53:51,503 Superfast.py [line:308] wait_for_fastpath INFO Fastpath of epoch 0 completed 
2024-07-12 16:53:51,503 Superfast.py [line:336] _run_epoch INFO Fastpath tps: 28381 
2024-07-12 16:53:56,505 Superfast.py [line:208] run_bft INFO node 5 breaks in 8.525126 seconds in epoch 0 with total delivered Txs 100000 and average delay 0.652203 
