2022-07-13 04:05:41,914 ng_k_s.py [line:470] run_bft INFO Node 13 starts to run at time:1657656341.914228 
2022-07-13 04:05:41,964 ng_k_s.py [line:382] _finalize_output INFO ************************************************************* 
2022-07-13 04:05:41,964 ng_k_s.py [line:383] _finalize_output INFO                          warm-up start                        
2022-07-13 04:05:41,964 ng_k_s.py [line:384] _finalize_output INFO ************************************************************* 
2022-07-13 04:05:46,627 ng_k_s.py [line:390] _finalize_output INFO warm-up time: 4.713479 
2022-07-13 04:05:46,627 ng_k_s.py [line:391] _finalize_output INFO ************************************************************* 
2022-07-13 04:05:46,628 ng_k_s.py [line:392] _finalize_output INFO                        warm-up finished                       
2022-07-13 04:05:46,628 ng_k_s.py [line:393] _finalize_output INFO ************************************************************* 
2022-07-13 04:05:48,120 ng_k_s.py [line:453] _finalize_output INFO node: 13 epoch: 1 run: 6.206080, total delivered Txs after warm-up: 13000, average delay after warm-up: 3.919969,  tps after warm-up: 8709.630231, average vaba delay after warm-up: 0.745970 
2022-07-13 04:05:49,317 ng_k_s.py [line:330] _run_VABA_round INFO sid: 13: 0 txs batches need to call help in epoch 2, 0 in total, 0.000000  
2022-07-13 04:05:49,322 ng_k_s.py [line:453] _finalize_output INFO node: 13 epoch: 2 run: 7.408354, total delivered Txs after warm-up: 18600, average delay after warm-up: 3.639630,  tps after warm-up: 6901.991715, average vaba delay after warm-up: 0.897816 
2022-07-13 04:05:49,380 ng_k_s.py [line:288] catch INFO sid: 13: 0 txs batches need to call help after 50ms in epoch 2, 0 in total, 0.000000  
2022-07-13 04:05:49,438 ng_k_s.py [line:302] catch INFO sid: 13: 0 txs batches need to call help after 100ms in epoch 2, 0 in total, 0.000000  
2022-07-13 04:05:50,806 ng_k_s.py [line:330] _run_VABA_round INFO sid: 13: 0 txs batches need to call help in epoch 3, 0 in total, 0.000000  
2022-07-13 04:05:50,810 ng_k_s.py [line:453] _finalize_output INFO node: 13 epoch: 3 run: 8.896351, total delivered Txs after warm-up: 25400, average delay after warm-up: 3.504580,  tps after warm-up: 6072.383759, average vaba delay after warm-up: 1.045263 
2022-07-13 04:05:50,866 ng_k_s.py [line:288] catch INFO sid: 13: 0 txs batches need to call help after 50ms in epoch 3, 0 in total, 0.000000  
2022-07-13 04:05:50,919 ng_k_s.py [line:302] catch INFO sid: 13: 0 txs batches need to call help after 100ms in epoch 3, 0 in total, 0.000000  
2022-07-13 04:05:52,096 ng_k_s.py [line:330] _run_VABA_round INFO sid: 13: 0 txs batches need to call help in epoch 4, 0 in total, 0.000000  
2022-07-13 04:05:52,103 ng_k_s.py [line:453] _finalize_output INFO node: 13 epoch: 4 run: 10.189109, total delivered Txs after warm-up: 31100, average delay after warm-up: 3.413876,  tps after warm-up: 5679.711694, average vaba delay after warm-up: 1.094680 
2022-07-13 04:05:52,163 ng_k_s.py [line:288] catch INFO sid: 13: 0 txs batches need to call help after 50ms in epoch 4, 0 in total, 0.000000  
2022-07-13 04:05:52,230 ng_k_s.py [line:302] catch INFO sid: 13: 0 txs batches need to call help after 100ms in epoch 4, 0 in total, 0.000000  
2024-07-12 16:53:48,148 sufp_node.py [line:79] run INFO node 13's starts to run consensus on process id 28578 
2024-07-12 16:53:48,148 sufp_node.py [line:80] run INFO parameters: N=16, f=5, S=10, T=1, fast-batch=10000, acs-batch=62, K=1, O=0 
2024-07-12 16:53:48,148 sufp_node.py [line:62] prepare_bootstrap INFO node id 13 is inserting dummy payload TXs 
2024-07-12 16:53:48,149 sufp_node.py [line:70] prepare_bootstrap INFO node id 13 just inserts 50000 TXs 
2024-07-12 16:53:48,149 sufp_node.py [line:70] prepare_bootstrap INFO node id 13 just inserts 50000 TXs 
2024-07-12 16:53:48,149 sufp_node.py [line:74] prepare_bootstrap INFO node id 13 completed the loading of dummy TXs 
2024-07-12 16:53:48,149 Superfast.py [line:178] run_bft INFO Node 13 starts to run at time:1720774428.1494474 
2024-07-12 16:53:48,149 Superfast.py [line:231] _run_epoch INFO Node enters epoch 0 
2024-07-12 16:53:48,150 superfastpath.py [line:43] sufastpath INFO Entering fast path 
2024-07-12 16:53:48,150 superfastpath.py [line:225] one_slot INFO Entering slot 1 
2024-07-12 16:53:48,249 superfastpath.py [line:295] one_slot INFO Leaving slot 1 
2024-07-12 16:53:48,249 superfastpath.py [line:225] one_slot INFO Entering slot 2 
2024-07-12 16:53:48,681 superfastpath.py [line:286] one_slot INFO Fast block at Node 13 for Epoch sidAFAST0 and Slot 1 has delay, TPS and TXs: 0.4868354797363281, 10000 
2024-07-12 16:53:48,682 superfastpath.py [line:288] one_slot INFO AVG TPS: 18810, delay: 0.486835 
2024-07-12 16:53:48,682 superfastpath.py [line:295] one_slot INFO Leaving slot 2 
2024-07-12 16:53:48,682 superfastpath.py [line:225] one_slot INFO Entering slot 3 
2024-07-12 16:53:49,000 superfastpath.py [line:286] one_slot INFO Fast block at Node 13 for Epoch sidAFAST0 and Slot 2 has delay, TPS and TXs: 0.7362217903137207, 10000 
2024-07-12 16:53:49,000 superfastpath.py [line:288] one_slot INFO AVG TPS: 23523, delay: 0.611529 
2024-07-12 16:53:49,000 superfastpath.py [line:295] one_slot INFO Leaving slot 3 
2024-07-12 16:53:49,000 superfastpath.py [line:225] one_slot INFO Entering slot 4 
2024-07-12 16:53:49,373 superfastpath.py [line:286] one_slot INFO Fast block at Node 13 for Epoch sidAFAST0 and Slot 3 has delay, TPS and TXs: 0.6627545356750488, 10000 
2024-07-12 16:53:49,373 superfastpath.py [line:288] one_slot INFO AVG TPS: 24532, delay: 0.628604 
2024-07-12 16:53:49,373 superfastpath.py [line:295] one_slot INFO Leaving slot 4 
2024-07-12 16:53:49,373 superfastpath.py [line:225] one_slot INFO Entering slot 5 
2024-07-12 16:53:49,776 superfastpath.py [line:286] one_slot INFO Fast block at Node 13 for Epoch sidAFAST0 and Slot 4 has delay, TPS and TXs: 0.748079776763916, 10000 
2024-07-12 16:53:49,777 superfastpath.py [line:288] one_slot INFO AVG TPS: 24591, delay: 0.658473 
2024-07-12 16:53:49,777 superfastpath.py [line:295] one_slot INFO Leaving slot 5 
2024-07-12 16:53:49,777 superfastpath.py [line:225] one_slot INFO Entering slot 6 
2024-07-12 16:53:50,214 superfastpath.py [line:286] one_slot INFO Fast block at Node 13 for Epoch sidAFAST0 and Slot 5 has delay, TPS and TXs: 0.7510364055633545, 10000 
2024-07-12 16:53:50,214 superfastpath.py [line:288] one_slot INFO AVG TPS: 24224, delay: 0.676986 
2024-07-12 16:53:50,215 superfastpath.py [line:295] one_slot INFO Leaving slot 6 
2024-07-12 16:53:50,215 superfastpath.py [line:225] one_slot INFO Entering slot 7 
2024-07-12 16:53:50,535 superfastpath.py [line:286] one_slot INFO Fast block at Node 13 for Epoch sidAFAST0 and Slot 6 has delay, TPS and TXs: 0.7236213684082031, 10000 
2024-07-12 16:53:50,536 superfastpath.py [line:288] one_slot INFO AVG TPS: 25150, delay: 0.684758 
2024-07-12 16:53:50,536 superfastpath.py [line:295] one_slot INFO Leaving slot 7 
2024-07-12 16:53:50,536 superfastpath.py [line:225] one_slot INFO Entering slot 8 
2024-07-12 16:53:51,002 superfastpath.py [line:286] one_slot INFO Fast block at Node 13 for Epoch sidAFAST0 and Slot 7 has delay, TPS and TXs: 0.6671109199523926, 10000 
2024-07-12 16:53:51,003 superfastpath.py [line:288] one_slot INFO AVG TPS: 24538, delay: 0.682237 
2024-07-12 16:53:51,003 superfastpath.py [line:295] one_slot INFO Leaving slot 8 
2024-07-12 16:53:51,003 superfastpath.py [line:225] one_slot INFO Entering slot 9 
2024-07-12 16:53:51,131 superfastpath.py [line:286] one_slot INFO Fast block at Node 13 for Epoch sidAFAST0 and Slot 8 has delay, TPS and TXs: 0.5829384326934814, 10000 
2024-07-12 16:53:51,131 superfastpath.py [line:288] one_slot INFO AVG TPS: 26838, delay: 0.669825 
2024-07-12 16:53:51,131 superfastpath.py [line:295] one_slot INFO Leaving slot 9 
2024-07-12 16:53:51,131 superfastpath.py [line:225] one_slot INFO Entering slot 10 
2024-07-12 16:53:51,434 superfastpath.py [line:286] one_slot INFO Fast block at Node 13 for Epoch sidAFAST0 and Slot 9 has delay, TPS and TXs: 0.3943502902984619, 10000 
2024-07-12 16:53:51,434 superfastpath.py [line:288] one_slot INFO AVG TPS: 27404, delay: 0.639217 
2024-07-12 16:53:51,434 superfastpath.py [line:295] one_slot INFO Leaving slot 10 
2024-07-12 16:53:51,435 superfastpath.py [line:225] one_slot INFO Entering slot 11 
2024-07-12 16:53:51,496 superfastpath.py [line:286] one_slot INFO Fast block at Node 13 for Epoch sidAFAST0 and Slot 10 has delay, TPS and TXs: 0.31188058853149414, 10000 
2024-07-12 16:53:51,496 superfastpath.py [line:288] one_slot INFO AVG TPS: 29883, delay: 0.606483 
2024-07-12 16:53:51,496 superfastpath.py [line:295] one_slot INFO Leaving slot 11 
2024-07-12 16:53:51,497 superfastpath.py [line:359] sufastpath INFO Leaves fastpath at 12 slot 
2024-07-12 16:53:51,499 Superfast.py [line:308] wait_for_fastpath INFO Fastpath of epoch 0 completed 
2024-07-12 16:53:51,499 Superfast.py [line:336] _run_epoch INFO Fastpath tps: 29850 
2024-07-12 16:53:56,501 Superfast.py [line:208] run_bft INFO node 13 breaks in 8.352331 seconds in epoch 0 with total delivered Txs 100000 and average delay 0.606483 
