2024-07-12 16:37:18,346 sufp_node.py [line:79] run INFO node 0's starts to run consensus on process id 28098 
2024-07-12 16:37:18,346 sufp_node.py [line:80] run INFO parameters: N=4, f=1, S=10, T=1, fast-batch=10000, acs-batch=250, K=1, O=0 
2024-07-12 16:37:18,346 sufp_node.py [line:62] prepare_bootstrap INFO node id 0 is inserting dummy payload TXs 
2024-07-12 16:37:18,347 sufp_node.py [line:70] prepare_bootstrap INFO node id 0 just inserts 50000 TXs 
2024-07-12 16:37:18,348 sufp_node.py [line:70] prepare_bootstrap INFO node id 0 just inserts 50000 TXs 
2024-07-12 16:37:18,348 sufp_node.py [line:74] prepare_bootstrap INFO node id 0 completed the loading of dummy TXs 
2024-07-12 16:37:18,348 Superfast.py [line:178] run_bft INFO Node 0 starts to run at time:1720773438.3486545 
2024-07-12 16:37:18,348 Superfast.py [line:231] _run_epoch INFO Node enters epoch 0 
2024-07-12 16:37:18,350 superfastpath.py [line:43] sufastpath INFO Entering fast path 
2024-07-12 16:37:18,350 superfastpath.py [line:225] one_slot INFO Entering slot 1 
2024-07-12 16:37:18,424 superfastpath.py [line:295] one_slot INFO Leaving slot 1 
2024-07-12 16:37:18,424 superfastpath.py [line:225] one_slot INFO Entering slot 2 
2024-07-12 16:37:18,575 superfastpath.py [line:286] one_slot INFO Fast block at Node 0 for Epoch sidAFAST0 and Slot 1 has delay, TPS and TXs: 0.20808911323547363, 10000 
2024-07-12 16:37:18,575 superfastpath.py [line:288] one_slot INFO AVG TPS: 44517, delay: 0.208089 
2024-07-12 16:37:18,575 superfastpath.py [line:295] one_slot INFO Leaving slot 2 
2024-07-12 16:37:18,575 superfastpath.py [line:225] one_slot INFO Entering slot 3 
2024-07-12 16:37:18,645 superfastpath.py [line:286] one_slot INFO Fast block at Node 0 for Epoch sidAFAST0 and Slot 2 has delay, TPS and TXs: 0.20860600471496582, 10000 
2024-07-12 16:37:18,646 superfastpath.py [line:288] one_slot INFO AVG TPS: 67677, delay: 0.208348 
2024-07-12 16:37:18,646 superfastpath.py [line:295] one_slot INFO Leaving slot 3 
2024-07-12 16:37:18,646 superfastpath.py [line:225] one_slot INFO Entering slot 4 
2024-07-12 16:37:18,715 superfastpath.py [line:286] one_slot INFO Fast block at Node 0 for Epoch sidAFAST0 and Slot 3 has delay, TPS and TXs: 0.12732219696044922, 10000 
2024-07-12 16:37:18,715 superfastpath.py [line:288] one_slot INFO AVG TPS: 82112, delay: 0.181339 
2024-07-12 16:37:18,716 superfastpath.py [line:295] one_slot INFO Leaving slot 4 
2024-07-12 16:37:18,716 superfastpath.py [line:225] one_slot INFO Entering slot 5 
2024-07-12 16:37:18,782 superfastpath.py [line:286] one_slot INFO Fast block at Node 0 for Epoch sidAFAST0 and Slot 4 has delay, TPS and TXs: 0.12634849548339844, 10000 
2024-07-12 16:37:18,782 superfastpath.py [line:288] one_slot INFO AVG TPS: 92560, delay: 0.167591 
2024-07-12 16:37:18,782 superfastpath.py [line:295] one_slot INFO Leaving slot 5 
2024-07-12 16:37:18,783 superfastpath.py [line:225] one_slot INFO Entering slot 6 
2024-07-12 16:37:18,853 superfastpath.py [line:286] one_slot INFO Fast block at Node 0 for Epoch sidAFAST0 and Slot 5 has delay, TPS and TXs: 0.1221160888671875, 10000 
2024-07-12 16:37:18,853 superfastpath.py [line:288] one_slot INFO AVG TPS: 99417, delay: 0.158496 
2024-07-12 16:37:18,854 superfastpath.py [line:295] one_slot INFO Leaving slot 6 
2024-07-12 16:37:18,855 superfastpath.py [line:225] one_slot INFO Entering slot 7 
2024-07-12 16:37:18,926 superfastpath.py [line:286] one_slot INFO Fast block at Node 0 for Epoch sidAFAST0 and Slot 6 has delay, TPS and TXs: 0.13180851936340332, 10000 
2024-07-12 16:37:18,926 superfastpath.py [line:288] one_slot INFO AVG TPS: 104102, delay: 0.154048 
2024-07-12 16:37:18,927 superfastpath.py [line:295] one_slot INFO Leaving slot 7 
2024-07-12 16:37:18,927 superfastpath.py [line:225] one_slot INFO Entering slot 8 
2024-07-12 16:37:19,000 superfastpath.py [line:286] one_slot INFO Fast block at Node 0 for Epoch sidAFAST0 and Slot 7 has delay, TPS and TXs: 0.13383102416992188, 10000 
2024-07-12 16:37:19,000 superfastpath.py [line:288] one_slot INFO AVG TPS: 107760, delay: 0.151160 
2024-07-12 16:37:19,000 superfastpath.py [line:295] one_slot INFO Leaving slot 8 
2024-07-12 16:37:19,000 superfastpath.py [line:225] one_slot INFO Entering slot 9 
2024-07-12 16:37:19,097 superfastpath.py [line:286] one_slot INFO Fast block at Node 0 for Epoch sidAFAST0 and Slot 8 has delay, TPS and TXs: 0.15935468673706055, 10000 
2024-07-12 16:37:19,097 superfastpath.py [line:288] one_slot INFO AVG TPS: 107110, delay: 0.152185 
2024-07-12 16:37:19,097 superfastpath.py [line:295] one_slot INFO Leaving slot 9 
2024-07-12 16:37:19,098 superfastpath.py [line:225] one_slot INFO Entering slot 10 
2024-07-12 16:37:19,160 superfastpath.py [line:286] one_slot INFO Fast block at Node 0 for Epoch sidAFAST0 and Slot 9 has delay, TPS and TXs: 0.14856195449829102, 10000 
2024-07-12 16:37:19,160 superfastpath.py [line:288] one_slot INFO AVG TPS: 111073, delay: 0.151782 
2024-07-12 16:37:19,160 superfastpath.py [line:295] one_slot INFO Leaving slot 10 
2024-07-12 16:37:19,161 superfastpath.py [line:225] one_slot INFO Entering slot 11 
2024-07-12 16:37:19,226 superfastpath.py [line:286] one_slot INFO Fast block at Node 0 for Epoch sidAFAST0 and Slot 10 has delay, TPS and TXs: 0.11825919151306152, 10000 
2024-07-12 16:37:19,226 superfastpath.py [line:288] one_slot INFO AVG TPS: 114129, delay: 0.148430 
2024-07-12 16:37:19,226 superfastpath.py [line:295] one_slot INFO Leaving slot 11 
2024-07-12 16:37:19,226 superfastpath.py [line:359] sufastpath INFO Leaves fastpath at 12 slot 
2024-07-12 16:37:19,227 Superfast.py [line:308] wait_for_fastpath INFO Fastpath of epoch 0 completed 
2024-07-12 16:37:19,227 Superfast.py [line:336] _run_epoch INFO Fastpath tps: 113868 
2024-07-12 16:39:03,713 sufp_node.py [line:79] run INFO node 0's starts to run consensus on process id 28184 
2024-07-12 16:39:03,714 sufp_node.py [line:80] run INFO parameters: N=4, f=1, S=10, T=1, fast-batch=10000, acs-batch=250, K=1, O=0 
2024-07-12 16:39:03,714 sufp_node.py [line:62] prepare_bootstrap INFO node id 0 is inserting dummy payload TXs 
2024-07-12 16:39:03,715 sufp_node.py [line:70] prepare_bootstrap INFO node id 0 just inserts 50000 TXs 
2024-07-12 16:39:03,716 sufp_node.py [line:70] prepare_bootstrap INFO node id 0 just inserts 50000 TXs 
2024-07-12 16:39:03,716 sufp_node.py [line:74] prepare_bootstrap INFO node id 0 completed the loading of dummy TXs 
2024-07-12 16:39:03,716 Superfast.py [line:178] run_bft INFO Node 0 starts to run at time:1720773543.7164724 
2024-07-12 16:39:03,716 Superfast.py [line:231] _run_epoch INFO Node enters epoch 0 
2024-07-12 16:39:03,718 superfastpath.py [line:43] sufastpath INFO Entering fast path 
2024-07-12 16:39:03,718 superfastpath.py [line:225] one_slot INFO Entering slot 1 
2024-07-12 16:39:03,794 superfastpath.py [line:295] one_slot INFO Leaving slot 1 
2024-07-12 16:39:03,795 superfastpath.py [line:225] one_slot INFO Entering slot 2 
2024-07-12 16:39:03,881 superfastpath.py [line:286] one_slot INFO Fast block at Node 0 for Epoch sidAFAST0 and Slot 1 has delay, TPS and TXs: 0.14592885971069336, 10000 
2024-07-12 16:39:03,881 superfastpath.py [line:288] one_slot INFO AVG TPS: 61188, delay: 0.145929 
2024-07-12 16:39:03,882 superfastpath.py [line:295] one_slot INFO Leaving slot 2 
2024-07-12 16:39:03,882 superfastpath.py [line:225] one_slot INFO Entering slot 3 
2024-07-12 16:39:03,947 superfastpath.py [line:286] one_slot INFO Fast block at Node 0 for Epoch sidAFAST0 and Slot 2 has delay, TPS and TXs: 0.1414177417755127, 10000 
2024-07-12 16:39:03,948 superfastpath.py [line:288] one_slot INFO AVG TPS: 87128, delay: 0.143673 
2024-07-12 16:39:03,948 superfastpath.py [line:295] one_slot INFO Leaving slot 3 
2024-07-12 16:39:03,948 superfastpath.py [line:225] one_slot INFO Entering slot 4 
2024-07-12 16:39:04,012 superfastpath.py [line:286] one_slot INFO Fast block at Node 0 for Epoch sidAFAST0 and Slot 3 has delay, TPS and TXs: 0.11910533905029297, 10000 
2024-07-12 16:39:04,012 superfastpath.py [line:288] one_slot INFO AVG TPS: 102057, delay: 0.135484 
2024-07-12 16:39:04,012 superfastpath.py [line:295] one_slot INFO Leaving slot 4 
2024-07-12 16:39:04,012 superfastpath.py [line:225] one_slot INFO Entering slot 5 
2024-07-12 16:39:04,079 superfastpath.py [line:286] one_slot INFO Fast block at Node 0 for Epoch sidAFAST0 and Slot 4 has delay, TPS and TXs: 0.11743450164794922, 10000 
2024-07-12 16:39:04,079 superfastpath.py [line:288] one_slot INFO AVG TPS: 110754, delay: 0.130972 
2024-07-12 16:39:04,079 superfastpath.py [line:295] one_slot INFO Leaving slot 5 
2024-07-12 16:39:04,079 superfastpath.py [line:225] one_slot INFO Entering slot 6 
2024-07-12 16:39:04,158 superfastpath.py [line:286] one_slot INFO Fast block at Node 0 for Epoch sidAFAST0 and Slot 5 has delay, TPS and TXs: 0.1343393325805664, 10000 
2024-07-12 16:39:04,158 superfastpath.py [line:288] one_slot INFO AVG TPS: 113634, delay: 0.131645 
2024-07-12 16:39:04,158 superfastpath.py [line:295] one_slot INFO Leaving slot 6 
2024-07-12 16:39:04,159 superfastpath.py [line:225] one_slot INFO Entering slot 7 
2024-07-12 16:39:04,212 superfastpath.py [line:286] one_slot INFO Fast block at Node 0 for Epoch sidAFAST0 and Slot 6 has delay, TPS and TXs: 0.12104988098144531, 10000 
2024-07-12 16:39:04,212 superfastpath.py [line:288] one_slot INFO AVG TPS: 121542, delay: 0.129879 
2024-07-12 16:39:04,212 superfastpath.py [line:295] one_slot INFO Leaving slot 7 
2024-07-12 16:39:04,212 superfastpath.py [line:225] one_slot INFO Entering slot 8 
2024-07-12 16:39:04,280 superfastpath.py [line:286] one_slot INFO Fast block at Node 0 for Epoch sidAFAST0 and Slot 7 has delay, TPS and TXs: 0.11262345314025879, 10000 
2024-07-12 16:39:04,280 superfastpath.py [line:288] one_slot INFO AVG TPS: 124500, delay: 0.127414 
2024-07-12 16:39:04,280 superfastpath.py [line:295] one_slot INFO Leaving slot 8 
2024-07-12 16:39:04,281 superfastpath.py [line:225] one_slot INFO Entering slot 9 
2024-07-12 16:39:04,350 superfastpath.py [line:286] one_slot INFO Fast block at Node 0 for Epoch sidAFAST0 and Slot 8 has delay, TPS and TXs: 0.12816381454467773, 10000 
2024-07-12 16:39:04,350 superfastpath.py [line:288] one_slot INFO AVG TPS: 126524, delay: 0.127508 
2024-07-12 16:39:04,351 superfastpath.py [line:295] one_slot INFO Leaving slot 9 
2024-07-12 16:39:04,352 superfastpath.py [line:225] one_slot INFO Entering slot 10 
2024-07-12 16:39:04,421 superfastpath.py [line:286] one_slot INFO Fast block at Node 0 for Epoch sidAFAST0 and Slot 9 has delay, TPS and TXs: 0.12935090065002441, 10000 
2024-07-12 16:39:04,422 superfastpath.py [line:288] one_slot INFO AVG TPS: 127924, delay: 0.127713 
2024-07-12 16:39:04,422 superfastpath.py [line:295] one_slot INFO Leaving slot 10 
2024-07-12 16:39:04,422 superfastpath.py [line:225] one_slot INFO Entering slot 11 
2024-07-12 16:39:04,474 superfastpath.py [line:286] one_slot INFO Fast block at Node 0 for Epoch sidAFAST0 and Slot 10 has delay, TPS and TXs: 0.10477590560913086, 10000 
2024-07-12 16:39:04,475 superfastpath.py [line:288] one_slot INFO AVG TPS: 132166, delay: 0.125419 
2024-07-12 16:39:04,475 superfastpath.py [line:295] one_slot INFO Leaving slot 11 
2024-07-12 16:39:04,475 superfastpath.py [line:359] sufastpath INFO Leaves fastpath at 12 slot 
2024-07-12 16:39:04,475 Superfast.py [line:308] wait_for_fastpath INFO Fastpath of epoch 0 completed 
2024-07-12 16:39:04,475 Superfast.py [line:336] _run_epoch INFO Fastpath tps: 131765 
2024-07-12 16:42:15,019 sufp_node.py [line:79] run INFO node 0's starts to run consensus on process id 28278 
2024-07-12 16:42:15,020 sufp_node.py [line:80] run INFO parameters: N=4, f=1, S=10, T=1, fast-batch=10000, acs-batch=250, K=1, O=0 
2024-07-12 16:42:15,020 sufp_node.py [line:62] prepare_bootstrap INFO node id 0 is inserting dummy payload TXs 
2024-07-12 16:42:15,022 sufp_node.py [line:70] prepare_bootstrap INFO node id 0 just inserts 50000 TXs 
2024-07-12 16:42:15,022 sufp_node.py [line:70] prepare_bootstrap INFO node id 0 just inserts 50000 TXs 
2024-07-12 16:42:15,022 sufp_node.py [line:74] prepare_bootstrap INFO node id 0 completed the loading of dummy TXs 
2024-07-12 16:42:15,023 Superfast.py [line:178] run_bft INFO Node 0 starts to run at time:1720773735.0230544 
2024-07-12 16:42:15,023 Superfast.py [line:231] _run_epoch INFO Node enters epoch 0 
2024-07-12 16:42:15,025 superfastpath.py [line:43] sufastpath INFO Entering fast path 
2024-07-12 16:42:15,025 superfastpath.py [line:225] one_slot INFO Entering slot 1 
2024-07-12 16:42:15,116 superfastpath.py [line:295] one_slot INFO Leaving slot 1 
2024-07-12 16:42:15,116 superfastpath.py [line:225] one_slot INFO Entering slot 2 
2024-07-12 16:42:15,243 superfastpath.py [line:286] one_slot INFO Fast block at Node 0 for Epoch sidAFAST0 and Slot 1 has delay, TPS and TXs: 0.20578789710998535, 10000 
2024-07-12 16:42:15,243 superfastpath.py [line:288] one_slot INFO AVG TPS: 45889, delay: 0.205788 
2024-07-12 16:42:15,243 superfastpath.py [line:295] one_slot INFO Leaving slot 2 
2024-07-12 16:42:15,243 superfastpath.py [line:225] one_slot INFO Entering slot 3 
2024-07-12 16:42:15,311 superfastpath.py [line:286] one_slot INFO Fast block at Node 0 for Epoch sidAFAST0 and Slot 2 has delay, TPS and TXs: 0.18343067169189453, 10000 
2024-07-12 16:42:15,311 superfastpath.py [line:288] one_slot INFO AVG TPS: 69942, delay: 0.194609 
2024-07-12 16:42:15,311 superfastpath.py [line:295] one_slot INFO Leaving slot 3 
2024-07-12 16:42:15,311 superfastpath.py [line:225] one_slot INFO Entering slot 4 
2024-07-12 16:42:15,376 superfastpath.py [line:286] one_slot INFO Fast block at Node 0 for Epoch sidAFAST0 and Slot 3 has delay, TPS and TXs: 0.121826171875, 10000 
2024-07-12 16:42:15,376 superfastpath.py [line:288] one_slot INFO AVG TPS: 85425, delay: 0.170348 
2024-07-12 16:42:15,376 superfastpath.py [line:295] one_slot INFO Leaving slot 4 
2024-07-12 16:42:15,377 superfastpath.py [line:225] one_slot INFO Entering slot 5 
2024-07-12 16:42:15,440 superfastpath.py [line:286] one_slot INFO Fast block at Node 0 for Epoch sidAFAST0 and Slot 4 has delay, TPS and TXs: 0.11760544776916504, 10000 
2024-07-12 16:42:15,440 superfastpath.py [line:288] one_slot INFO AVG TPS: 96460, delay: 0.157163 
2024-07-12 16:42:15,440 superfastpath.py [line:295] one_slot INFO Leaving slot 5 
2024-07-12 16:42:15,440 superfastpath.py [line:225] one_slot INFO Entering slot 6 
2024-07-12 16:42:15,509 superfastpath.py [line:286] one_slot INFO Fast block at Node 0 for Epoch sidAFAST0 and Slot 5 has delay, TPS and TXs: 0.11776113510131836, 10000 
2024-07-12 16:42:15,509 superfastpath.py [line:288] one_slot INFO AVG TPS: 103265, delay: 0.149282 
2024-07-12 16:42:15,510 superfastpath.py [line:295] one_slot INFO Leaving slot 6 
2024-07-12 16:42:15,510 superfastpath.py [line:225] one_slot INFO Entering slot 7 
2024-07-12 16:42:15,567 superfastpath.py [line:286] one_slot INFO Fast block at Node 0 for Epoch sidAFAST0 and Slot 6 has delay, TPS and TXs: 0.11631011962890625, 10000 
2024-07-12 16:42:15,567 superfastpath.py [line:288] one_slot INFO AVG TPS: 110675, delay: 0.143787 
2024-07-12 16:42:15,567 superfastpath.py [line:295] one_slot INFO Leaving slot 7 
2024-07-12 16:42:15,568 superfastpath.py [line:225] one_slot INFO Entering slot 8 
2024-07-12 16:42:15,628 superfastpath.py [line:286] one_slot INFO Fast block at Node 0 for Epoch sidAFAST0 and Slot 7 has delay, TPS and TXs: 0.10896611213684082, 10000 
2024-07-12 16:42:15,628 superfastpath.py [line:288] one_slot INFO AVG TPS: 116037, delay: 0.138813 
2024-07-12 16:42:15,629 superfastpath.py [line:295] one_slot INFO Leaving slot 8 
2024-07-12 16:42:15,629 superfastpath.py [line:225] one_slot INFO Entering slot 9 
2024-07-12 16:42:15,692 superfastpath.py [line:286] one_slot INFO Fast block at Node 0 for Epoch sidAFAST0 and Slot 8 has delay, TPS and TXs: 0.11246442794799805, 10000 
2024-07-12 16:42:15,692 superfastpath.py [line:288] one_slot INFO AVG TPS: 119988, delay: 0.135519 
2024-07-12 16:42:15,692 superfastpath.py [line:295] one_slot INFO Leaving slot 9 
2024-07-12 16:42:15,693 superfastpath.py [line:225] one_slot INFO Entering slot 10 
2024-07-12 16:42:15,758 superfastpath.py [line:286] one_slot INFO Fast block at Node 0 for Epoch sidAFAST0 and Slot 9 has delay, TPS and TXs: 0.11999273300170898, 10000 
2024-07-12 16:42:15,758 superfastpath.py [line:288] one_slot INFO AVG TPS: 122827, delay: 0.133794 
2024-07-12 16:42:15,758 superfastpath.py [line:295] one_slot INFO Leaving slot 10 
2024-07-12 16:42:15,758 superfastpath.py [line:225] one_slot INFO Entering slot 11 
2024-07-12 16:42:15,817 superfastpath.py [line:286] one_slot INFO Fast block at Node 0 for Epoch sidAFAST0 and Slot 10 has delay, TPS and TXs: 0.10770416259765625, 10000 
2024-07-12 16:42:15,817 superfastpath.py [line:288] one_slot INFO AVG TPS: 126227, delay: 0.131185 
2024-07-12 16:42:15,817 superfastpath.py [line:295] one_slot INFO Leaving slot 11 
2024-07-12 16:42:15,818 superfastpath.py [line:359] sufastpath INFO Leaves fastpath at 12 slot 
2024-07-12 16:42:15,818 Superfast.py [line:308] wait_for_fastpath INFO Fastpath of epoch 0 completed 
2024-07-12 16:42:15,818 Superfast.py [line:336] _run_epoch INFO Fastpath tps: 125810 
2024-07-12 16:45:20,587 sufp_node.py [line:79] run INFO node 0's starts to run consensus on process id 28394 
2024-07-12 16:45:20,638 sufp_node.py [line:80] run INFO parameters: N=4, f=1, S=10, T=1, fast-batch=10000, acs-batch=250, K=1, O=0 
2024-07-12 16:45:20,638 sufp_node.py [line:62] prepare_bootstrap INFO node id 0 is inserting dummy payload TXs 
2024-07-12 16:45:20,639 sufp_node.py [line:70] prepare_bootstrap INFO node id 0 just inserts 50000 TXs 
2024-07-12 16:45:20,639 sufp_node.py [line:70] prepare_bootstrap INFO node id 0 just inserts 50000 TXs 
2024-07-12 16:45:20,639 sufp_node.py [line:74] prepare_bootstrap INFO node id 0 completed the loading of dummy TXs 
2024-07-12 16:45:20,639 Superfast.py [line:178] run_bft INFO Node 0 starts to run at time:1720773920.6394205 
2024-07-12 16:45:20,639 Superfast.py [line:231] _run_epoch INFO Node enters epoch 0 
2024-07-12 16:45:20,640 superfastpath.py [line:43] sufastpath INFO Entering fast path 
2024-07-12 16:45:20,640 superfastpath.py [line:225] one_slot INFO Entering slot 1 
2024-07-12 16:45:20,669 superfastpath.py [line:295] one_slot INFO Leaving slot 1 
2024-07-12 16:45:20,670 superfastpath.py [line:225] one_slot INFO Entering slot 2 
2024-07-12 16:45:20,773 superfastpath.py [line:286] one_slot INFO Fast block at Node 0 for Epoch sidAFAST0 and Slot 1 has delay, TPS and TXs: 0.1180422306060791, 10000 
2024-07-12 16:45:20,773 superfastpath.py [line:288] one_slot INFO AVG TPS: 75202, delay: 0.118042 
2024-07-12 16:45:20,773 superfastpath.py [line:295] one_slot INFO Leaving slot 2 
2024-07-12 16:45:20,773 superfastpath.py [line:225] one_slot INFO Entering slot 3 
2024-07-12 16:45:20,843 superfastpath.py [line:286] one_slot INFO Fast block at Node 0 for Epoch sidAFAST0 and Slot 2 has delay, TPS and TXs: 0.15984582901000977, 10000 
2024-07-12 16:45:20,843 superfastpath.py [line:288] one_slot INFO AVG TPS: 98460, delay: 0.138944 
2024-07-12 16:45:20,844 superfastpath.py [line:295] one_slot INFO Leaving slot 3 
2024-07-12 16:45:20,844 superfastpath.py [line:225] one_slot INFO Entering slot 4 
2024-07-12 16:45:20,917 superfastpath.py [line:286] one_slot INFO Fast block at Node 0 for Epoch sidAFAST0 and Slot 3 has delay, TPS and TXs: 0.1322343349456787, 10000 
2024-07-12 16:45:20,917 superfastpath.py [line:288] one_slot INFO AVG TPS: 108119, delay: 0.136707 
2024-07-12 16:45:20,918 superfastpath.py [line:295] one_slot INFO Leaving slot 4 
2024-07-12 16:45:20,918 superfastpath.py [line:225] one_slot INFO Entering slot 5 
2024-07-12 16:45:20,998 superfastpath.py [line:286] one_slot INFO Fast block at Node 0 for Epoch sidAFAST0 and Slot 4 has delay, TPS and TXs: 0.1392371654510498, 10000 
2024-07-12 16:45:20,999 superfastpath.py [line:288] one_slot INFO AVG TPS: 111506, delay: 0.137340 
2024-07-12 16:45:20,999 superfastpath.py [line:295] one_slot INFO Leaving slot 5 
2024-07-12 16:45:20,999 superfastpath.py [line:225] one_slot INFO Entering slot 6 
2024-07-12 16:45:21,063 superfastpath.py [line:286] one_slot INFO Fast block at Node 0 for Epoch sidAFAST0 and Slot 5 has delay, TPS and TXs: 0.13454985618591309, 10000 
2024-07-12 16:45:21,063 superfastpath.py [line:288] one_slot INFO AVG TPS: 118174, delay: 0.136782 
2024-07-12 16:45:21,063 superfastpath.py [line:295] one_slot INFO Leaving slot 6 
2024-07-12 16:45:21,064 superfastpath.py [line:225] one_slot INFO Entering slot 7 
2024-07-12 16:45:21,127 superfastpath.py [line:286] one_slot INFO Fast block at Node 0 for Epoch sidAFAST0 and Slot 6 has delay, TPS and TXs: 0.11479043960571289, 10000 
2024-07-12 16:45:21,128 superfastpath.py [line:288] one_slot INFO AVG TPS: 123017, delay: 0.133117 
2024-07-12 16:45:21,128 superfastpath.py [line:295] one_slot INFO Leaving slot 7 
2024-07-12 16:45:21,129 superfastpath.py [line:225] one_slot INFO Entering slot 8 
2024-07-12 16:45:21,201 superfastpath.py [line:286] one_slot INFO Fast block at Node 0 for Epoch sidAFAST0 and Slot 7 has delay, TPS and TXs: 0.12421965599060059, 10000 
2024-07-12 16:45:21,201 superfastpath.py [line:288] one_slot INFO AVG TPS: 124662, delay: 0.131846 
2024-07-12 16:45:21,202 superfastpath.py [line:295] one_slot INFO Leaving slot 8 
2024-07-12 16:45:21,202 superfastpath.py [line:225] one_slot INFO Entering slot 9 
2024-07-12 16:45:21,274 superfastpath.py [line:286] one_slot INFO Fast block at Node 0 for Epoch sidAFAST0 and Slot 8 has delay, TPS and TXs: 0.13351726531982422, 10000 
2024-07-12 16:45:21,274 superfastpath.py [line:288] one_slot INFO AVG TPS: 126122, delay: 0.132055 
2024-07-12 16:45:21,275 superfastpath.py [line:295] one_slot INFO Leaving slot 9 
2024-07-12 16:45:21,276 superfastpath.py [line:225] one_slot INFO Entering slot 10 
2024-07-12 16:45:21,351 superfastpath.py [line:286] one_slot INFO Fast block at Node 0 for Epoch sidAFAST0 and Slot 9 has delay, TPS and TXs: 0.13666653633117676, 10000 
2024-07-12 16:45:21,351 superfastpath.py [line:288] one_slot INFO AVG TPS: 126613, delay: 0.132567 
2024-07-12 16:45:21,351 superfastpath.py [line:295] one_slot INFO Leaving slot 10 
2024-07-12 16:45:21,351 superfastpath.py [line:225] one_slot INFO Entering slot 11 
2024-07-12 16:45:21,393 superfastpath.py [line:286] one_slot INFO Fast block at Node 0 for Epoch sidAFAST0 and Slot 10 has delay, TPS and TXs: 0.10096025466918945, 10000 
2024-07-12 16:45:21,393 superfastpath.py [line:288] one_slot INFO AVG TPS: 132742, delay: 0.129406 
2024-07-12 16:45:21,394 superfastpath.py [line:295] one_slot INFO Leaving slot 11 
2024-07-12 16:45:21,394 superfastpath.py [line:359] sufastpath INFO Leaves fastpath at 12 slot 
2024-07-12 16:45:21,395 Superfast.py [line:308] wait_for_fastpath INFO Fastpath of epoch 0 completed 
2024-07-12 16:45:21,395 Superfast.py [line:336] _run_epoch INFO Fastpath tps: 132308 
2024-07-12 16:45:21,424 Superfast.py [line:372] _run_epoch INFO ===================== 
2024-07-12 16:45:21,424 Superfast.py [line:373] _run_epoch INFO avg dealy: 0.134044 
2024-07-12 16:45:21,424 Superfast.py [line:374] _run_epoch INFO avg tps  : 124650 
2024-07-12 16:45:21,424 Superfast.py [line:375] _run_epoch INFO ===================== 
2024-07-12 16:45:26,426 Superfast.py [line:208] run_bft INFO node 0 breaks in 5.786966 seconds in epoch 0 with total delivered Txs 100000 and average delay 0.129406 
2024-07-12 16:53:47,737 sufp_node.py [line:79] run INFO node 0's starts to run consensus on process id 28565 
2024-07-12 16:53:47,738 sufp_node.py [line:80] run INFO parameters: N=16, f=5, S=10, T=1, fast-batch=10000, acs-batch=62, K=1, O=0 
2024-07-12 16:53:47,738 sufp_node.py [line:62] prepare_bootstrap INFO node id 0 is inserting dummy payload TXs 
2024-07-12 16:53:47,739 sufp_node.py [line:70] prepare_bootstrap INFO node id 0 just inserts 50000 TXs 
2024-07-12 16:53:47,739 sufp_node.py [line:70] prepare_bootstrap INFO node id 0 just inserts 50000 TXs 
2024-07-12 16:53:47,740 sufp_node.py [line:74] prepare_bootstrap INFO node id 0 completed the loading of dummy TXs 
2024-07-12 16:53:47,740 Superfast.py [line:178] run_bft INFO Node 0 starts to run at time:1720774427.7405028 
2024-07-12 16:53:47,740 Superfast.py [line:231] _run_epoch INFO Node enters epoch 0 
2024-07-12 16:53:47,742 superfastpath.py [line:43] sufastpath INFO Entering fast path 
2024-07-12 16:53:47,742 superfastpath.py [line:225] one_slot INFO Entering slot 1 
2024-07-12 16:53:47,816 superfastpath.py [line:295] one_slot INFO Leaving slot 1 
2024-07-12 16:53:47,816 superfastpath.py [line:225] one_slot INFO Entering slot 2 
2024-07-12 16:53:48,304 superfastpath.py [line:286] one_slot INFO Fast block at Node 0 for Epoch sidAFAST0 and Slot 1 has delay, TPS and TXs: 0.5423626899719238, 10000 
2024-07-12 16:53:48,304 superfastpath.py [line:288] one_slot INFO AVG TPS: 17796, delay: 0.542363 
2024-07-12 16:53:48,304 superfastpath.py [line:295] one_slot INFO Leaving slot 2 
2024-07-12 16:53:48,304 superfastpath.py [line:225] one_slot INFO Entering slot 3 
2024-07-12 16:53:48,735 superfastpath.py [line:286] one_slot INFO Fast block at Node 0 for Epoch sidAFAST0 and Slot 2 has delay, TPS and TXs: 0.8975560665130615, 10000 
2024-07-12 16:53:48,735 superfastpath.py [line:288] one_slot INFO AVG TPS: 20148, delay: 0.719959 
2024-07-12 16:53:48,735 superfastpath.py [line:295] one_slot INFO Leaving slot 3 
2024-07-12 16:53:48,736 superfastpath.py [line:225] one_slot INFO Entering slot 4 
2024-07-12 16:53:49,028 superfastpath.py [line:286] one_slot INFO Fast block at Node 0 for Epoch sidAFAST0 and Slot 3 has delay, TPS and TXs: 0.6939342021942139, 10000 
2024-07-12 16:53:49,028 superfastpath.py [line:288] one_slot INFO AVG TPS: 23331, delay: 0.711284 
2024-07-12 16:53:49,029 superfastpath.py [line:295] one_slot INFO Leaving slot 4 
2024-07-12 16:53:49,029 superfastpath.py [line:225] one_slot INFO Entering slot 5 
2024-07-12 16:53:49,492 superfastpath.py [line:286] one_slot INFO Fast block at Node 0 for Epoch sidAFAST0 and Slot 4 has delay, TPS and TXs: 0.7283318042755127, 10000 
2024-07-12 16:53:49,492 superfastpath.py [line:288] one_slot INFO AVG TPS: 22862, delay: 0.715546 
2024-07-12 16:53:49,492 superfastpath.py [line:295] one_slot INFO Leaving slot 5 
2024-07-12 16:53:49,492 superfastpath.py [line:225] one_slot INFO Entering slot 6 
2024-07-12 16:53:49,764 superfastpath.py [line:286] one_slot INFO Fast block at Node 0 for Epoch sidAFAST0 and Slot 5 has delay, TPS and TXs: 0.7202053070068359, 10000 
2024-07-12 16:53:49,764 superfastpath.py [line:288] one_slot INFO AVG TPS: 24733, delay: 0.716478 
2024-07-12 16:53:49,764 superfastpath.py [line:295] one_slot INFO Leaving slot 6 
2024-07-12 16:53:49,764 superfastpath.py [line:225] one_slot INFO Entering slot 7 
2024-07-12 16:53:50,264 superfastpath.py [line:286] one_slot INFO Fast block at Node 0 for Epoch sidAFAST0 and Slot 6 has delay, TPS and TXs: 0.7566604614257812, 10000 
2024-07-12 16:53:50,264 superfastpath.py [line:288] one_slot INFO AVG TPS: 23791, delay: 0.723175 
2024-07-12 16:53:50,264 superfastpath.py [line:295] one_slot INFO Leaving slot 7 
2024-07-12 16:53:50,265 superfastpath.py [line:225] one_slot INFO Entering slot 8 
2024-07-12 16:53:50,641 superfastpath.py [line:286] one_slot INFO Fast block at Node 0 for Epoch sidAFAST0 and Slot 7 has delay, TPS and TXs: 0.8415038585662842, 10000 
2024-07-12 16:53:50,642 superfastpath.py [line:288] one_slot INFO AVG TPS: 24144, delay: 0.740079 
2024-07-12 16:53:50,642 superfastpath.py [line:295] one_slot INFO Leaving slot 8 
2024-07-12 16:53:50,642 superfastpath.py [line:225] one_slot INFO Entering slot 9 
2024-07-12 16:53:50,939 superfastpath.py [line:286] one_slot INFO Fast block at Node 0 for Epoch sidAFAST0 and Slot 8 has delay, TPS and TXs: 0.6569764614105225, 10000 
2024-07-12 16:53:50,988 superfastpath.py [line:288] one_slot INFO AVG TPS: 24648, delay: 0.729691 
2024-07-12 16:53:50,991 superfastpath.py [line:295] one_slot INFO Leaving slot 9 
2024-07-12 16:53:50,991 superfastpath.py [line:225] one_slot INFO Entering slot 10 
2024-07-12 16:53:51,173 superfastpath.py [line:286] one_slot INFO Fast block at Node 0 for Epoch sidAFAST0 and Slot 9 has delay, TPS and TXs: 0.5176191329956055, 10000 
2024-07-12 16:53:51,173 superfastpath.py [line:288] one_slot INFO AVG TPS: 26235, delay: 0.706128 
2024-07-12 16:53:51,173 superfastpath.py [line:295] one_slot INFO Leaving slot 10 
2024-07-12 16:53:51,173 superfastpath.py [line:225] one_slot INFO Entering slot 11 
2024-07-12 16:53:51,426 superfastpath.py [line:286] one_slot INFO Fast block at Node 0 for Epoch sidAFAST0 and Slot 10 has delay, TPS and TXs: 0.39816713333129883, 10000 
2024-07-12 16:53:51,426 superfastpath.py [line:288] one_slot INFO AVG TPS: 27145, delay: 0.675332 
2024-07-12 16:53:51,426 superfastpath.py [line:295] one_slot INFO Leaving slot 11 
2024-07-12 16:53:51,427 superfastpath.py [line:359] sufastpath INFO Leaves fastpath at 12 slot 
2024-07-12 16:53:51,428 Superfast.py [line:308] wait_for_fastpath INFO Fastpath of epoch 0 completed 
2024-07-12 16:53:51,428 Superfast.py [line:336] _run_epoch INFO Fastpath tps: 27116 
2024-07-12 16:53:51,560 Superfast.py [line:372] _run_epoch INFO ===================== 
2024-07-12 16:53:51,561 Superfast.py [line:373] _run_epoch INFO avg dealy: 0.651501 
2024-07-12 16:53:51,561 Superfast.py [line:374] _run_epoch INFO avg tps  : 28159 
2024-07-12 16:53:51,561 Superfast.py [line:375] _run_epoch INFO ===================== 
2024-07-12 16:53:56,563 Superfast.py [line:208] run_bft INFO node 0 breaks in 8.822713 seconds in epoch 0 with total delivered Txs 100000 and average delay 0.675332 
