2024-07-12 16:37:18,291 sufp_node.py [line:79] run INFO node 3's starts to run consensus on process id 28101 
2024-07-12 16:37:18,292 sufp_node.py [line:80] run INFO parameters: N=4, f=1, S=10, T=1, fast-batch=10000, acs-batch=250, K=1, O=0 
2024-07-12 16:37:18,292 sufp_node.py [line:62] prepare_bootstrap INFO node id 3 is inserting dummy payload TXs 
2024-07-12 16:37:18,293 sufp_node.py [line:70] prepare_bootstrap INFO node id 3 just inserts 50000 TXs 
2024-07-12 16:37:18,293 sufp_node.py [line:70] prepare_bootstrap INFO node id 3 just inserts 50000 TXs 
2024-07-12 16:37:18,293 sufp_node.py [line:74] prepare_bootstrap INFO node id 3 completed the loading of dummy TXs 
2024-07-12 16:37:18,294 Superfast.py [line:178] run_bft INFO Node 3 starts to run at time:1720773438.2939842 
2024-07-12 16:37:18,294 Superfast.py [line:231] _run_epoch INFO Node enters epoch 0 
2024-07-12 16:37:18,295 superfastpath.py [line:43] sufastpath INFO Entering fast path 
2024-07-12 16:37:18,296 superfastpath.py [line:225] one_slot INFO Entering slot 1 
2024-07-12 16:37:18,535 superfastpath.py [line:295] one_slot INFO Leaving slot 1 
2024-07-12 16:37:18,536 superfastpath.py [line:225] one_slot INFO Entering slot 2 
2024-07-12 16:37:18,624 superfastpath.py [line:286] one_slot INFO Fast block at Node 3 for Epoch sidAFAST0 and Slot 1 has delay, TPS and TXs: 0.3175489902496338, 10000 
2024-07-12 16:37:18,624 superfastpath.py [line:288] one_slot INFO AVG TPS: 30410, delay: 0.317549 
2024-07-12 16:37:18,624 superfastpath.py [line:295] one_slot INFO Leaving slot 2 
2024-07-12 16:37:18,624 superfastpath.py [line:225] one_slot INFO Entering slot 3 
2024-07-12 16:37:18,698 superfastpath.py [line:286] one_slot INFO Fast block at Node 3 for Epoch sidAFAST0 and Slot 2 has delay, TPS and TXs: 0.15228939056396484, 10000 
2024-07-12 16:37:18,698 superfastpath.py [line:288] one_slot INFO AVG TPS: 49651, delay: 0.234919 
2024-07-12 16:37:18,698 superfastpath.py [line:295] one_slot INFO Leaving slot 3 
2024-07-12 16:37:18,698 superfastpath.py [line:225] one_slot INFO Entering slot 4 
2024-07-12 16:37:18,767 superfastpath.py [line:286] one_slot INFO Fast block at Node 3 for Epoch sidAFAST0 and Slot 3 has delay, TPS and TXs: 0.13100957870483398, 10000 
2024-07-12 16:37:18,767 superfastpath.py [line:288] one_slot INFO AVG TPS: 63557, delay: 0.200283 
2024-07-12 16:37:18,768 superfastpath.py [line:295] one_slot INFO Leaving slot 4 
2024-07-12 16:37:18,768 superfastpath.py [line:225] one_slot INFO Entering slot 5 
2024-07-12 16:37:18,831 superfastpath.py [line:286] one_slot INFO Fast block at Node 3 for Epoch sidAFAST0 and Slot 4 has delay, TPS and TXs: 0.12348580360412598, 10000 
2024-07-12 16:37:18,831 superfastpath.py [line:288] one_slot INFO AVG TPS: 74684, delay: 0.181083 
2024-07-12 16:37:18,831 superfastpath.py [line:295] one_slot INFO Leaving slot 5 
2024-07-12 16:37:18,831 superfastpath.py [line:225] one_slot INFO Entering slot 6 
2024-07-12 16:37:18,912 superfastpath.py [line:286] one_slot INFO Fast block at Node 3 for Epoch sidAFAST0 and Slot 5 has delay, TPS and TXs: 0.13261055946350098, 10000 
2024-07-12 16:37:18,912 superfastpath.py [line:288] one_slot INFO AVG TPS: 81083, delay: 0.171389 
2024-07-12 16:37:18,912 superfastpath.py [line:295] one_slot INFO Leaving slot 6 
2024-07-12 16:37:18,912 superfastpath.py [line:225] one_slot INFO Entering slot 7 
2024-07-12 16:37:18,978 superfastpath.py [line:286] one_slot INFO Fast block at Node 3 for Epoch sidAFAST0 and Slot 6 has delay, TPS and TXs: 0.1365184783935547, 10000 
2024-07-12 16:37:18,978 superfastpath.py [line:288] one_slot INFO AVG TPS: 87933, delay: 0.165577 
2024-07-12 16:37:18,978 superfastpath.py [line:295] one_slot INFO Leaving slot 7 
2024-07-12 16:37:18,978 superfastpath.py [line:225] one_slot INFO Entering slot 8 
2024-07-12 16:37:19,062 superfastpath.py [line:286] one_slot INFO Fast block at Node 3 for Epoch sidAFAST0 and Slot 7 has delay, TPS and TXs: 0.1372983455657959, 10000 
2024-07-12 16:37:19,062 superfastpath.py [line:288] one_slot INFO AVG TPS: 91300, delay: 0.161537 
2024-07-12 16:37:19,062 superfastpath.py [line:295] one_slot INFO Leaving slot 8 
2024-07-12 16:37:19,062 superfastpath.py [line:225] one_slot INFO Entering slot 9 
2024-07-12 16:37:19,146 superfastpath.py [line:286] one_slot INFO Fast block at Node 3 for Epoch sidAFAST0 and Slot 8 has delay, TPS and TXs: 0.15994691848754883, 10000 
2024-07-12 16:37:19,197 superfastpath.py [line:288] one_slot INFO AVG TPS: 88778, delay: 0.161339 
2024-07-12 16:37:19,197 superfastpath.py [line:295] one_slot INFO Leaving slot 9 
2024-07-12 16:37:19,197 superfastpath.py [line:225] one_slot INFO Entering slot 10 
2024-07-12 16:37:19,236 superfastpath.py [line:286] one_slot INFO Fast block at Node 3 for Epoch sidAFAST0 and Slot 9 has delay, TPS and TXs: 0.15994048118591309, 10000 
2024-07-12 16:37:19,236 superfastpath.py [line:288] one_slot INFO AVG TPS: 95647, delay: 0.161183 
2024-07-12 16:37:19,237 superfastpath.py [line:295] one_slot INFO Leaving slot 10 
2024-07-12 16:37:19,237 superfastpath.py [line:225] one_slot INFO Entering slot 11 
2024-07-12 16:37:19,247 superfastpath.py [line:286] one_slot INFO Fast block at Node 3 for Epoch sidAFAST0 and Slot 10 has delay, TPS and TXs: 0.04064440727233887, 10000 
2024-07-12 16:37:19,248 superfastpath.py [line:288] one_slot INFO AVG TPS: 105022, delay: 0.149129 
2024-07-12 16:37:19,248 superfastpath.py [line:295] one_slot INFO Leaving slot 11 
2024-07-12 16:37:19,248 superfastpath.py [line:359] sufastpath INFO Leaves fastpath at 12 slot 
2024-07-12 16:37:19,248 Superfast.py [line:308] wait_for_fastpath INFO Fastpath of epoch 0 completed 
2024-07-12 16:37:19,248 Superfast.py [line:336] _run_epoch INFO Fastpath tps: 104811 
2024-07-12 16:39:03,715 sufp_node.py [line:79] run INFO node 3's starts to run consensus on process id 28187 
2024-07-12 16:39:03,715 sufp_node.py [line:80] run INFO parameters: N=4, f=1, S=10, T=1, fast-batch=10000, acs-batch=250, K=1, O=0 
2024-07-12 16:39:03,715 sufp_node.py [line:62] prepare_bootstrap INFO node id 3 is inserting dummy payload TXs 
2024-07-12 16:39:03,716 sufp_node.py [line:70] prepare_bootstrap INFO node id 3 just inserts 50000 TXs 
2024-07-12 16:39:03,717 sufp_node.py [line:70] prepare_bootstrap INFO node id 3 just inserts 50000 TXs 
2024-07-12 16:39:03,717 sufp_node.py [line:74] prepare_bootstrap INFO node id 3 completed the loading of dummy TXs 
2024-07-12 16:39:03,717 Superfast.py [line:178] run_bft INFO Node 3 starts to run at time:1720773543.7174153 
2024-07-12 16:39:03,717 Superfast.py [line:231] _run_epoch INFO Node enters epoch 0 
2024-07-12 16:39:03,719 superfastpath.py [line:43] sufastpath INFO Entering fast path 
2024-07-12 16:39:03,719 superfastpath.py [line:225] one_slot INFO Entering slot 1 
2024-07-12 16:39:03,857 superfastpath.py [line:295] one_slot INFO Leaving slot 1 
2024-07-12 16:39:03,857 superfastpath.py [line:225] one_slot INFO Entering slot 2 
2024-07-12 16:39:03,929 superfastpath.py [line:286] one_slot INFO Fast block at Node 3 for Epoch sidAFAST0 and Slot 1 has delay, TPS and TXs: 0.19925236701965332, 10000 
2024-07-12 16:39:03,929 superfastpath.py [line:288] one_slot INFO AVG TPS: 47650, delay: 0.199252 
2024-07-12 16:39:03,929 superfastpath.py [line:295] one_slot INFO Leaving slot 2 
2024-07-12 16:39:03,929 superfastpath.py [line:225] one_slot INFO Entering slot 3 
2024-07-12 16:39:03,994 superfastpath.py [line:286] one_slot INFO Fast block at Node 3 for Epoch sidAFAST0 and Slot 2 has delay, TPS and TXs: 0.12829899787902832, 10000 
2024-07-12 16:39:03,994 superfastpath.py [line:288] one_slot INFO AVG TPS: 72646, delay: 0.163776 
2024-07-12 16:39:03,994 superfastpath.py [line:295] one_slot INFO Leaving slot 3 
2024-07-12 16:39:03,994 superfastpath.py [line:225] one_slot INFO Entering slot 4 
2024-07-12 16:39:04,053 superfastpath.py [line:286] one_slot INFO Fast block at Node 3 for Epoch sidAFAST0 and Slot 3 has delay, TPS and TXs: 0.11536312103271484, 10000 
2024-07-12 16:39:04,053 superfastpath.py [line:288] one_slot INFO AVG TPS: 89854, delay: 0.147638 
2024-07-12 16:39:04,053 superfastpath.py [line:295] one_slot INFO Leaving slot 4 
2024-07-12 16:39:04,053 superfastpath.py [line:225] one_slot INFO Entering slot 5 
2024-07-12 16:39:04,142 superfastpath.py [line:286] one_slot INFO Fast block at Node 3 for Epoch sidAFAST0 and Slot 4 has delay, TPS and TXs: 0.13297438621520996, 10000 
2024-07-12 16:39:04,142 superfastpath.py [line:288] one_slot INFO AVG TPS: 94468, delay: 0.143972 
2024-07-12 16:39:04,142 superfastpath.py [line:295] one_slot INFO Leaving slot 5 
2024-07-12 16:39:04,142 superfastpath.py [line:225] one_slot INFO Entering slot 6 
2024-07-12 16:39:04,198 superfastpath.py [line:286] one_slot INFO Fast block at Node 3 for Epoch sidAFAST0 and Slot 5 has delay, TPS and TXs: 0.13567066192626953, 10000 
2024-07-12 16:39:04,198 superfastpath.py [line:288] one_slot INFO AVG TPS: 104440, delay: 0.142312 
2024-07-12 16:39:04,198 superfastpath.py [line:295] one_slot INFO Leaving slot 6 
2024-07-12 16:39:04,198 superfastpath.py [line:225] one_slot INFO Entering slot 7 
2024-07-12 16:39:04,271 superfastpath.py [line:286] one_slot INFO Fast block at Node 3 for Epoch sidAFAST0 and Slot 6 has delay, TPS and TXs: 0.11617183685302734, 10000 
2024-07-12 16:39:04,271 superfastpath.py [line:288] one_slot INFO AVG TPS: 108702, delay: 0.137955 
2024-07-12 16:39:04,271 superfastpath.py [line:295] one_slot INFO Leaving slot 7 
2024-07-12 16:39:04,271 superfastpath.py [line:225] one_slot INFO Entering slot 8 
2024-07-12 16:39:04,349 superfastpath.py [line:286] one_slot INFO Fast block at Node 3 for Epoch sidAFAST0 and Slot 7 has delay, TPS and TXs: 0.13649821281433105, 10000 
2024-07-12 16:39:04,349 superfastpath.py [line:288] one_slot INFO AVG TPS: 111025, delay: 0.137747 
2024-07-12 16:39:04,349 superfastpath.py [line:295] one_slot INFO Leaving slot 8 
2024-07-12 16:39:04,350 superfastpath.py [line:225] one_slot INFO Entering slot 9 
2024-07-12 16:39:04,419 superfastpath.py [line:286] one_slot INFO Fast block at Node 3 for Epoch sidAFAST0 and Slot 8 has delay, TPS and TXs: 0.1326909065246582, 10000 
2024-07-12 16:39:04,420 superfastpath.py [line:288] one_slot INFO AVG TPS: 114172, delay: 0.137115 
2024-07-12 16:39:04,420 superfastpath.py [line:295] one_slot INFO Leaving slot 9 
2024-07-12 16:39:04,420 superfastpath.py [line:225] one_slot INFO Entering slot 10 
2024-07-12 16:39:04,475 superfastpath.py [line:286] one_slot INFO Fast block at Node 3 for Epoch sidAFAST0 and Slot 9 has delay, TPS and TXs: 0.11441564559936523, 10000 
2024-07-12 16:39:04,475 superfastpath.py [line:288] one_slot INFO AVG TPS: 119050, delay: 0.134593 
2024-07-12 16:39:04,475 superfastpath.py [line:295] one_slot INFO Leaving slot 10 
2024-07-12 16:39:04,475 superfastpath.py [line:225] one_slot INFO Entering slot 11 
2024-07-12 16:39:04,491 superfastpath.py [line:286] one_slot INFO Fast block at Node 3 for Epoch sidAFAST0 and Slot 10 has delay, TPS and TXs: 0.05550646781921387, 10000 
2024-07-12 16:39:04,491 superfastpath.py [line:288] one_slot INFO AVG TPS: 129536, delay: 0.126684 
2024-07-12 16:39:04,491 superfastpath.py [line:295] one_slot INFO Leaving slot 11 
2024-07-12 16:39:04,491 superfastpath.py [line:359] sufastpath INFO Leaves fastpath at 12 slot 
2024-07-12 16:39:04,491 Superfast.py [line:308] wait_for_fastpath INFO Fastpath of epoch 0 completed 
2024-07-12 16:39:04,491 Superfast.py [line:336] _run_epoch INFO Fastpath tps: 129182 
2024-07-12 16:42:15,039 sufp_node.py [line:79] run INFO node 3's starts to run consensus on process id 28281 
2024-07-12 16:42:15,040 sufp_node.py [line:80] run INFO parameters: N=4, f=1, S=10, T=1, fast-batch=10000, acs-batch=250, K=1, O=0 
2024-07-12 16:42:15,040 sufp_node.py [line:62] prepare_bootstrap INFO node id 3 is inserting dummy payload TXs 
2024-07-12 16:42:15,041 sufp_node.py [line:70] prepare_bootstrap INFO node id 3 just inserts 50000 TXs 
2024-07-12 16:42:15,042 sufp_node.py [line:70] prepare_bootstrap INFO node id 3 just inserts 50000 TXs 
2024-07-12 16:42:15,042 sufp_node.py [line:74] prepare_bootstrap INFO node id 3 completed the loading of dummy TXs 
2024-07-12 16:42:15,042 Superfast.py [line:178] run_bft INFO Node 3 starts to run at time:1720773735.0427122 
2024-07-12 16:42:15,043 Superfast.py [line:231] _run_epoch INFO Node enters epoch 0 
2024-07-12 16:42:15,044 superfastpath.py [line:43] sufastpath INFO Entering fast path 
2024-07-12 16:42:15,045 superfastpath.py [line:225] one_slot INFO Entering slot 1 
2024-07-12 16:42:15,219 superfastpath.py [line:295] one_slot INFO Leaving slot 1 
2024-07-12 16:42:15,219 superfastpath.py [line:225] one_slot INFO Entering slot 2 
2024-07-12 16:42:15,305 superfastpath.py [line:286] one_slot INFO Fast block at Node 3 for Epoch sidAFAST0 and Slot 1 has delay, TPS and TXs: 0.2462766170501709, 10000 
2024-07-12 16:42:15,306 superfastpath.py [line:288] one_slot INFO AVG TPS: 38352, delay: 0.246277 
2024-07-12 16:42:15,306 superfastpath.py [line:295] one_slot INFO Leaving slot 2 
2024-07-12 16:42:15,306 superfastpath.py [line:225] one_slot INFO Entering slot 3 
2024-07-12 16:42:15,355 superfastpath.py [line:286] one_slot INFO Fast block at Node 3 for Epoch sidAFAST0 and Slot 2 has delay, TPS and TXs: 0.12477421760559082, 10000 
2024-07-12 16:42:15,355 superfastpath.py [line:288] one_slot INFO AVG TPS: 64427, delay: 0.185525 
2024-07-12 16:42:15,355 superfastpath.py [line:295] one_slot INFO Leaving slot 3 
2024-07-12 16:42:15,355 superfastpath.py [line:225] one_slot INFO Entering slot 4 
2024-07-12 16:42:15,419 superfastpath.py [line:286] one_slot INFO Fast block at Node 3 for Epoch sidAFAST0 and Slot 3 has delay, TPS and TXs: 0.10222792625427246, 10000 
2024-07-12 16:42:15,419 superfastpath.py [line:288] one_slot INFO AVG TPS: 80232, delay: 0.157760 
2024-07-12 16:42:15,419 superfastpath.py [line:295] one_slot INFO Leaving slot 4 
2024-07-12 16:42:15,419 superfastpath.py [line:225] one_slot INFO Entering slot 5 
2024-07-12 16:42:15,490 superfastpath.py [line:286] one_slot INFO Fast block at Node 3 for Epoch sidAFAST0 and Slot 4 has delay, TPS and TXs: 0.12410235404968262, 10000 
2024-07-12 16:42:15,490 superfastpath.py [line:288] one_slot INFO AVG TPS: 89873, delay: 0.149345 
2024-07-12 16:42:15,490 superfastpath.py [line:295] one_slot INFO Leaving slot 5 
2024-07-12 16:42:15,490 superfastpath.py [line:225] one_slot INFO Entering slot 6 
2024-07-12 16:42:15,553 superfastpath.py [line:286] one_slot INFO Fast block at Node 3 for Epoch sidAFAST0 and Slot 5 has delay, TPS and TXs: 0.12335324287414551, 10000 
2024-07-12 16:42:15,553 superfastpath.py [line:288] one_slot INFO AVG TPS: 98442, delay: 0.144147 
2024-07-12 16:42:15,553 superfastpath.py [line:295] one_slot INFO Leaving slot 6 
2024-07-12 16:42:15,553 superfastpath.py [line:225] one_slot INFO Entering slot 7 
2024-07-12 16:42:15,614 superfastpath.py [line:286] one_slot INFO Fast block at Node 3 for Epoch sidAFAST0 and Slot 6 has delay, TPS and TXs: 0.11544609069824219, 10000 
2024-07-12 16:42:15,614 superfastpath.py [line:288] one_slot INFO AVG TPS: 105356, delay: 0.139363 
2024-07-12 16:42:15,614 superfastpath.py [line:295] one_slot INFO Leaving slot 7 
2024-07-12 16:42:15,614 superfastpath.py [line:225] one_slot INFO Entering slot 8 
2024-07-12 16:42:15,687 superfastpath.py [line:286] one_slot INFO Fast block at Node 3 for Epoch sidAFAST0 and Slot 7 has delay, TPS and TXs: 0.11953163146972656, 10000 
2024-07-12 16:42:15,687 superfastpath.py [line:288] one_slot INFO AVG TPS: 108953, delay: 0.136530 
2024-07-12 16:42:15,687 superfastpath.py [line:295] one_slot INFO Leaving slot 8 
2024-07-12 16:42:15,688 superfastpath.py [line:225] one_slot INFO Entering slot 9 
2024-07-12 16:42:15,752 superfastpath.py [line:286] one_slot INFO Fast block at Node 3 for Epoch sidAFAST0 and Slot 8 has delay, TPS and TXs: 0.125762939453125, 10000 
2024-07-12 16:42:15,753 superfastpath.py [line:288] one_slot INFO AVG TPS: 113040, delay: 0.135184 
2024-07-12 16:42:15,753 superfastpath.py [line:295] one_slot INFO Leaving slot 9 
2024-07-12 16:42:15,753 superfastpath.py [line:225] one_slot INFO Entering slot 10 
2024-07-12 16:42:15,829 superfastpath.py [line:286] one_slot INFO Fast block at Node 3 for Epoch sidAFAST0 and Slot 9 has delay, TPS and TXs: 0.12580442428588867, 10000 
2024-07-12 16:42:15,829 superfastpath.py [line:288] one_slot INFO AVG TPS: 114737, delay: 0.134142 
2024-07-12 16:42:15,829 superfastpath.py [line:295] one_slot INFO Leaving slot 10 
2024-07-12 16:42:15,829 superfastpath.py [line:225] one_slot INFO Entering slot 11 
2024-07-12 16:42:15,839 superfastpath.py [line:286] one_slot INFO Fast block at Node 3 for Epoch sidAFAST0 and Slot 10 has delay, TPS and TXs: 0.0774998664855957, 10000 
2024-07-12 16:42:15,839 superfastpath.py [line:288] one_slot INFO AVG TPS: 125912, delay: 0.128478 
2024-07-12 16:42:15,839 superfastpath.py [line:295] one_slot INFO Leaving slot 11 
2024-07-12 16:42:15,839 superfastpath.py [line:359] sufastpath INFO Leaves fastpath at 12 slot 
2024-07-12 16:42:15,839 Superfast.py [line:308] wait_for_fastpath INFO Fastpath of epoch 0 completed 
2024-07-12 16:42:15,839 Superfast.py [line:336] _run_epoch INFO Fastpath tps: 125527 
2024-07-12 16:45:20,578 sufp_node.py [line:79] run INFO node 3's starts to run consensus on process id 28397 
2024-07-12 16:45:20,579 sufp_node.py [line:80] run INFO parameters: N=4, f=1, S=10, T=1, fast-batch=10000, acs-batch=250, K=1, O=0 
2024-07-12 16:45:20,638 sufp_node.py [line:62] prepare_bootstrap INFO node id 3 is inserting dummy payload TXs 
2024-07-12 16:45:20,639 sufp_node.py [line:70] prepare_bootstrap INFO node id 3 just inserts 50000 TXs 
2024-07-12 16:45:20,639 sufp_node.py [line:70] prepare_bootstrap INFO node id 3 just inserts 50000 TXs 
2024-07-12 16:45:20,639 sufp_node.py [line:74] prepare_bootstrap INFO node id 3 completed the loading of dummy TXs 
2024-07-12 16:45:20,639 Superfast.py [line:178] run_bft INFO Node 3 starts to run at time:1720773920.6393955 
2024-07-12 16:45:20,639 Superfast.py [line:231] _run_epoch INFO Node enters epoch 0 
2024-07-12 16:45:20,640 superfastpath.py [line:43] sufastpath INFO Entering fast path 
2024-07-12 16:45:20,640 superfastpath.py [line:225] one_slot INFO Entering slot 1 
2024-07-12 16:45:20,746 superfastpath.py [line:295] one_slot INFO Leaving slot 1 
2024-07-12 16:45:20,746 superfastpath.py [line:225] one_slot INFO Entering slot 2 
2024-07-12 16:45:20,836 superfastpath.py [line:286] one_slot INFO Fast block at Node 3 for Epoch sidAFAST0 and Slot 1 has delay, TPS and TXs: 0.18112874031066895, 10000 
2024-07-12 16:45:20,837 superfastpath.py [line:288] one_slot INFO AVG TPS: 50817, delay: 0.181129 
2024-07-12 16:45:20,837 superfastpath.py [line:295] one_slot INFO Leaving slot 2 
2024-07-12 16:45:20,837 superfastpath.py [line:225] one_slot INFO Entering slot 3 
2024-07-12 16:45:20,907 superfastpath.py [line:286] one_slot INFO Fast block at Node 3 for Epoch sidAFAST0 and Slot 2 has delay, TPS and TXs: 0.14728260040283203, 10000 
2024-07-12 16:45:20,907 superfastpath.py [line:288] one_slot INFO AVG TPS: 74888, delay: 0.164206 
2024-07-12 16:45:20,907 superfastpath.py [line:295] one_slot INFO Leaving slot 3 
2024-07-12 16:45:20,907 superfastpath.py [line:225] one_slot INFO Entering slot 4 
2024-07-12 16:45:20,979 superfastpath.py [line:286] one_slot INFO Fast block at Node 3 for Epoch sidAFAST0 and Slot 3 has delay, TPS and TXs: 0.12944579124450684, 10000 
2024-07-12 16:45:20,979 superfastpath.py [line:288] one_slot INFO AVG TPS: 88463, delay: 0.152619 
2024-07-12 16:45:20,979 superfastpath.py [line:295] one_slot INFO Leaving slot 4 
2024-07-12 16:45:20,979 superfastpath.py [line:225] one_slot INFO Entering slot 5 
2024-07-12 16:45:21,056 superfastpath.py [line:286] one_slot INFO Fast block at Node 3 for Epoch sidAFAST0 and Slot 4 has delay, TPS and TXs: 0.13890743255615234, 10000 
2024-07-12 16:45:21,056 superfastpath.py [line:288] one_slot INFO AVG TPS: 96094, delay: 0.149191 
2024-07-12 16:45:21,056 superfastpath.py [line:295] one_slot INFO Leaving slot 5 
2024-07-12 16:45:21,056 superfastpath.py [line:225] one_slot INFO Entering slot 6 
2024-07-12 16:45:21,109 superfastpath.py [line:286] one_slot INFO Fast block at Node 3 for Epoch sidAFAST0 and Slot 5 has delay, TPS and TXs: 0.12055444717407227, 10000 
2024-07-12 16:45:21,109 superfastpath.py [line:288] one_slot INFO AVG TPS: 106613, delay: 0.143464 
2024-07-12 16:45:21,109 superfastpath.py [line:295] one_slot INFO Leaving slot 6 
2024-07-12 16:45:21,109 superfastpath.py [line:225] one_slot INFO Entering slot 7 
2024-07-12 16:45:21,180 superfastpath.py [line:286] one_slot INFO Fast block at Node 3 for Epoch sidAFAST0 and Slot 6 has delay, TPS and TXs: 0.11154937744140625, 10000 
2024-07-12 16:45:21,180 superfastpath.py [line:288] one_slot INFO AVG TPS: 111074, delay: 0.138145 
2024-07-12 16:45:21,180 superfastpath.py [line:295] one_slot INFO Leaving slot 7 
2024-07-12 16:45:21,180 superfastpath.py [line:225] one_slot INFO Entering slot 8 
2024-07-12 16:45:21,271 superfastpath.py [line:286] one_slot INFO Fast block at Node 3 for Epoch sidAFAST0 and Slot 7 has delay, TPS and TXs: 0.1462101936340332, 10000 
2024-07-12 16:45:21,272 superfastpath.py [line:288] one_slot INFO AVG TPS: 110833, delay: 0.139297 
2024-07-12 16:45:21,272 superfastpath.py [line:295] one_slot INFO Leaving slot 8 
2024-07-12 16:45:21,272 superfastpath.py [line:225] one_slot INFO Entering slot 9 
2024-07-12 16:45:21,333 superfastpath.py [line:286] one_slot INFO Fast block at Node 3 for Epoch sidAFAST0 and Slot 8 has delay, TPS and TXs: 0.141432523727417, 10000 
2024-07-12 16:45:21,333 superfastpath.py [line:288] one_slot INFO AVG TPS: 115421, delay: 0.139564 
2024-07-12 16:45:21,333 superfastpath.py [line:295] one_slot INFO Leaving slot 9 
2024-07-12 16:45:21,333 superfastpath.py [line:225] one_slot INFO Entering slot 10 
2024-07-12 16:45:21,395 superfastpath.py [line:286] one_slot INFO Fast block at Node 3 for Epoch sidAFAST0 and Slot 9 has delay, TPS and TXs: 0.11150169372558594, 10000 
2024-07-12 16:45:21,396 superfastpath.py [line:288] one_slot INFO AVG TPS: 119087, delay: 0.136446 
2024-07-12 16:45:21,396 superfastpath.py [line:295] one_slot INFO Leaving slot 10 
2024-07-12 16:45:21,396 superfastpath.py [line:225] one_slot INFO Entering slot 11 
2024-07-12 16:45:21,412 superfastpath.py [line:286] one_slot INFO Fast block at Node 3 for Epoch sidAFAST0 and Slot 10 has delay, TPS and TXs: 0.06334853172302246, 10000 
2024-07-12 16:45:21,413 superfastpath.py [line:288] one_slot INFO AVG TPS: 129438, delay: 0.129136 
2024-07-12 16:45:21,413 superfastpath.py [line:295] one_slot INFO Leaving slot 11 
2024-07-12 16:45:21,413 superfastpath.py [line:359] sufastpath INFO Leaves fastpath at 12 slot 
2024-07-12 16:45:21,413 Superfast.py [line:308] wait_for_fastpath INFO Fastpath of epoch 0 completed 
2024-07-12 16:45:21,413 Superfast.py [line:336] _run_epoch INFO Fastpath tps: 129193 
2024-07-12 16:45:26,414 Superfast.py [line:208] run_bft INFO node 3 breaks in 5.775094 seconds in epoch 0 with total delivered Txs 100000 and average delay 0.129136 
2024-07-12 16:53:48,096 sufp_node.py [line:79] run INFO node 3's starts to run consensus on process id 28568 
2024-07-12 16:53:48,096 sufp_node.py [line:80] run INFO parameters: N=16, f=5, S=10, T=1, fast-batch=10000, acs-batch=62, K=1, O=0 
2024-07-12 16:53:48,096 sufp_node.py [line:62] prepare_bootstrap INFO node id 3 is inserting dummy payload TXs 
2024-07-12 16:53:48,096 sufp_node.py [line:70] prepare_bootstrap INFO node id 3 just inserts 50000 TXs 
2024-07-12 16:53:48,096 sufp_node.py [line:70] prepare_bootstrap INFO node id 3 just inserts 50000 TXs 
2024-07-12 16:53:48,096 sufp_node.py [line:74] prepare_bootstrap INFO node id 3 completed the loading of dummy TXs 
2024-07-12 16:53:48,097 Superfast.py [line:178] run_bft INFO Node 3 starts to run at time:1720774428.0970867 
2024-07-12 16:53:48,097 Superfast.py [line:231] _run_epoch INFO Node enters epoch 0 
2024-07-12 16:53:48,097 superfastpath.py [line:43] sufastpath INFO Entering fast path 
2024-07-12 16:53:48,097 superfastpath.py [line:225] one_slot INFO Entering slot 1 
2024-07-12 16:53:48,136 superfastpath.py [line:295] one_slot INFO Leaving slot 1 
2024-07-12 16:53:48,136 superfastpath.py [line:225] one_slot INFO Entering slot 2 
2024-07-12 16:53:48,628 superfastpath.py [line:286] one_slot INFO Fast block at Node 3 for Epoch sidAFAST0 and Slot 1 has delay, TPS and TXs: 0.5113193988800049, 10000 
2024-07-12 16:53:48,628 superfastpath.py [line:288] one_slot INFO AVG TPS: 18844, delay: 0.511319 
2024-07-12 16:53:48,628 superfastpath.py [line:295] one_slot INFO Leaving slot 2 
2024-07-12 16:53:48,629 superfastpath.py [line:225] one_slot INFO Entering slot 3 
2024-07-12 16:53:48,947 superfastpath.py [line:286] one_slot INFO Fast block at Node 3 for Epoch sidAFAST0 and Slot 2 has delay, TPS and TXs: 0.7234766483306885, 10000 
2024-07-12 16:53:48,948 superfastpath.py [line:288] one_slot INFO AVG TPS: 23524, delay: 0.617398 
2024-07-12 16:53:48,948 superfastpath.py [line:295] one_slot INFO Leaving slot 3 
2024-07-12 16:53:48,948 superfastpath.py [line:225] one_slot INFO Entering slot 4 
2024-07-12 16:53:49,252 superfastpath.py [line:286] one_slot INFO Fast block at Node 3 for Epoch sidAFAST0 and Slot 3 has delay, TPS and TXs: 0.5752575397491455, 10000 
2024-07-12 16:53:49,252 superfastpath.py [line:288] one_slot INFO AVG TPS: 25985, delay: 0.603351 
2024-07-12 16:53:49,252 superfastpath.py [line:295] one_slot INFO Leaving slot 4 
2024-07-12 16:53:49,253 superfastpath.py [line:225] one_slot INFO Entering slot 5 
2024-07-12 16:53:49,766 superfastpath.py [line:286] one_slot INFO Fast block at Node 3 for Epoch sidAFAST0 and Slot 4 has delay, TPS and TXs: 0.7809274196624756, 10000 
2024-07-12 16:53:49,768 superfastpath.py [line:288] one_slot INFO AVG TPS: 23972, delay: 0.647745 
2024-07-12 16:53:49,770 superfastpath.py [line:295] one_slot INFO Leaving slot 5 
2024-07-12 16:53:49,771 superfastpath.py [line:225] one_slot INFO Entering slot 6 
2024-07-12 16:53:50,161 superfastpath.py [line:286] one_slot INFO Fast block at Node 3 for Epoch sidAFAST0 and Slot 5 has delay, TPS and TXs: 0.8384053707122803, 10000 
2024-07-12 16:53:50,161 superfastpath.py [line:288] one_slot INFO AVG TPS: 24226, delay: 0.685877 
2024-07-12 16:53:50,163 superfastpath.py [line:295] one_slot INFO Leaving slot 6 
2024-07-12 16:53:50,164 superfastpath.py [line:225] one_slot INFO Entering slot 7 
2024-07-12 16:53:50,525 superfastpath.py [line:286] one_slot INFO Fast block at Node 3 for Epoch sidAFAST0 and Slot 6 has delay, TPS and TXs: 0.7213301658630371, 10000 
2024-07-12 16:53:50,525 superfastpath.py [line:288] one_slot INFO AVG TPS: 24717, delay: 0.691786 
2024-07-12 16:53:50,525 superfastpath.py [line:295] one_slot INFO Leaving slot 7 
2024-07-12 16:53:50,525 superfastpath.py [line:225] one_slot INFO Entering slot 8 
2024-07-12 16:53:50,846 superfastpath.py [line:286] one_slot INFO Fast block at Node 3 for Epoch sidAFAST0 and Slot 7 has delay, TPS and TXs: 0.6311030387878418, 10000 
2024-07-12 16:53:50,846 superfastpath.py [line:288] one_slot INFO AVG TPS: 25464, delay: 0.683117 
2024-07-12 16:53:50,846 superfastpath.py [line:295] one_slot INFO Leaving slot 8 
2024-07-12 16:53:50,847 superfastpath.py [line:225] one_slot INFO Entering slot 9 
2024-07-12 16:53:51,147 superfastpath.py [line:286] one_slot INFO Fast block at Node 3 for Epoch sidAFAST0 and Slot 8 has delay, TPS and TXs: 0.5813114643096924, 10000 
2024-07-12 16:53:51,147 superfastpath.py [line:288] one_slot INFO AVG TPS: 26231, delay: 0.670391 
2024-07-12 16:53:51,148 superfastpath.py [line:295] one_slot INFO Leaving slot 9 
2024-07-12 16:53:51,148 superfastpath.py [line:225] one_slot INFO Entering slot 10 
2024-07-12 16:53:51,428 superfastpath.py [line:286] one_slot INFO Fast block at Node 3 for Epoch sidAFAST0 and Slot 9 has delay, TPS and TXs: 0.5345380306243896, 10000 
2024-07-12 16:53:51,428 superfastpath.py [line:288] one_slot INFO AVG TPS: 27020, delay: 0.655297 
2024-07-12 16:53:51,428 superfastpath.py [line:295] one_slot INFO Leaving slot 10 
2024-07-12 16:53:51,428 superfastpath.py [line:225] one_slot INFO Entering slot 11 
2024-07-12 16:53:51,479 superfastpath.py [line:286] one_slot INFO Fast block at Node 3 for Epoch sidAFAST0 and Slot 10 has delay, TPS and TXs: 0.2874572277069092, 10000 
2024-07-12 16:53:51,479 superfastpath.py [line:288] one_slot INFO AVG TPS: 29570, delay: 0.618513 
2024-07-12 16:53:51,479 superfastpath.py [line:295] one_slot INFO Leaving slot 11 
2024-07-12 16:53:51,479 superfastpath.py [line:359] sufastpath INFO Leaves fastpath at 12 slot 
2024-07-12 16:53:51,489 Superfast.py [line:308] wait_for_fastpath INFO Fastpath of epoch 0 completed 
2024-07-12 16:53:51,494 Superfast.py [line:336] _run_epoch INFO Fastpath tps: 29456 
2024-07-12 16:53:56,495 Superfast.py [line:208] run_bft INFO node 3 breaks in 8.398688 seconds in epoch 0 with total delivered Txs 100000 and average delay 0.618513 
