2022-07-13 04:05:42,020 ng_k_s.py [line:470] run_bft INFO Node 4 starts to run at time:1657656342.0199559 
2022-07-13 04:05:42,072 ng_k_s.py [line:382] _finalize_output INFO ************************************************************* 
2022-07-13 04:05:42,072 ng_k_s.py [line:383] _finalize_output INFO                          warm-up start                        
2022-07-13 04:05:42,072 ng_k_s.py [line:384] _finalize_output INFO ************************************************************* 
2022-07-13 04:05:46,647 ng_k_s.py [line:390] _finalize_output INFO warm-up time: 4.627711 
2022-07-13 04:05:46,647 ng_k_s.py [line:391] _finalize_output INFO ************************************************************* 
2022-07-13 04:05:46,647 ng_k_s.py [line:392] _finalize_output INFO                        warm-up finished                       
2022-07-13 04:05:46,648 ng_k_s.py [line:393] _finalize_output INFO ************************************************************* 
2022-07-13 04:05:48,089 ng_k_s.py [line:453] _finalize_output INFO node: 4 epoch: 1 run: 6.069563, total delivered Txs after warm-up: 13000, average delay after warm-up: 3.889180,  tps after warm-up: 9016.179895, average vaba delay after warm-up: 0.720631 
2022-07-13 04:05:49,328 ng_k_s.py [line:330] _run_VABA_round INFO sid: 4: 0 txs batches need to call help in epoch 2, 0 in total, 0.000000  
2022-07-13 04:05:49,330 ng_k_s.py [line:453] _finalize_output INFO node: 4 epoch: 2 run: 7.310861, total delivered Txs after warm-up: 18600, average delay after warm-up: 3.620590,  tps after warm-up: 6932.151739, average vaba delay after warm-up: 0.892324 
2022-07-13 04:05:49,385 ng_k_s.py [line:288] catch INFO sid: 4: 0 txs batches need to call help after 50ms in epoch 2, 0 in total, 0.000000  
2022-07-13 04:05:49,435 ng_k_s.py [line:302] catch INFO sid: 4: 0 txs batches need to call help after 100ms in epoch 2, 0 in total, 0.000000  
2022-07-13 04:05:50,689 ng_k_s.py [line:330] _run_VABA_round INFO sid: 4: 0 txs batches need to call help in epoch 3, 0 in total, 0.000000  
2022-07-13 04:05:50,691 ng_k_s.py [line:453] _finalize_output INFO node: 4 epoch: 3 run: 8.671863, total delivered Txs after warm-up: 25400, average delay after warm-up: 3.458844,  tps after warm-up: 6280.673888, average vaba delay after warm-up: 1.008573 
2022-07-13 04:05:50,746 ng_k_s.py [line:288] catch INFO sid: 4: 0 txs batches need to call help after 50ms in epoch 3, 0 in total, 0.000000  
2022-07-13 04:05:50,806 ng_k_s.py [line:302] catch INFO sid: 4: 0 txs batches need to call help after 100ms in epoch 3, 0 in total, 0.000000  
2022-07-13 04:05:52,191 ng_k_s.py [line:330] _run_VABA_round INFO sid: 4: 0 txs batches need to call help in epoch 4, 0 in total, 0.000000  
2022-07-13 04:05:52,194 ng_k_s.py [line:453] _finalize_output INFO node: 4 epoch: 4 run: 10.174573, total delivered Txs after warm-up: 31100, average delay after warm-up: 3.393236,  tps after warm-up: 5606.773818, average vaba delay after warm-up: 1.106575 
2022-07-13 04:05:52,245 ng_k_s.py [line:288] catch INFO sid: 4: 0 txs batches need to call help after 50ms in epoch 4, 0 in total, 0.000000  
2022-07-13 04:05:52,296 ng_k_s.py [line:302] catch INFO sid: 4: 0 txs batches need to call help after 100ms in epoch 4, 0 in total, 0.000000  
2024-07-12 16:53:47,902 sufp_node.py [line:79] run INFO node 4's starts to run consensus on process id 28569 
2024-07-12 16:53:47,903 sufp_node.py [line:80] run INFO parameters: N=16, f=5, S=10, T=1, fast-batch=10000, acs-batch=62, K=1, O=0 
2024-07-12 16:53:47,903 sufp_node.py [line:62] prepare_bootstrap INFO node id 4 is inserting dummy payload TXs 
2024-07-12 16:53:47,903 sufp_node.py [line:70] prepare_bootstrap INFO node id 4 just inserts 50000 TXs 
2024-07-12 16:53:47,903 sufp_node.py [line:70] prepare_bootstrap INFO node id 4 just inserts 50000 TXs 
2024-07-12 16:53:47,904 sufp_node.py [line:74] prepare_bootstrap INFO node id 4 completed the loading of dummy TXs 
2024-07-12 16:53:47,904 Superfast.py [line:178] run_bft INFO Node 4 starts to run at time:1720774427.9041567 
2024-07-12 16:53:47,904 Superfast.py [line:231] _run_epoch INFO Node enters epoch 0 
2024-07-12 16:53:47,905 superfastpath.py [line:43] sufastpath INFO Entering fast path 
2024-07-12 16:53:47,905 superfastpath.py [line:225] one_slot INFO Entering slot 1 
2024-07-12 16:53:47,978 superfastpath.py [line:295] one_slot INFO Leaving slot 1 
2024-07-12 16:53:47,978 superfastpath.py [line:225] one_slot INFO Entering slot 2 
2024-07-12 16:53:48,599 superfastpath.py [line:286] one_slot INFO Fast block at Node 4 for Epoch sidAFAST0 and Slot 1 has delay, TPS and TXs: 0.6750774383544922, 10000 
2024-07-12 16:53:48,600 superfastpath.py [line:288] one_slot INFO AVG TPS: 14392, delay: 0.675077 
2024-07-12 16:53:48,600 superfastpath.py [line:295] one_slot INFO Leaving slot 2 
2024-07-12 16:53:48,600 superfastpath.py [line:225] one_slot INFO Entering slot 3 
2024-07-12 16:53:48,939 superfastpath.py [line:286] one_slot INFO Fast block at Node 4 for Epoch sidAFAST0 and Slot 2 has delay, TPS and TXs: 0.924468994140625, 10000 
2024-07-12 16:53:48,941 superfastpath.py [line:288] one_slot INFO AVG TPS: 19300, delay: 0.799773 
2024-07-12 16:53:48,941 superfastpath.py [line:295] one_slot INFO Leaving slot 3 
2024-07-12 16:53:48,942 superfastpath.py [line:225] one_slot INFO Entering slot 4 
2024-07-12 16:53:49,246 superfastpath.py [line:286] one_slot INFO Fast block at Node 4 for Epoch sidAFAST0 and Slot 3 has delay, TPS and TXs: 0.5965166091918945, 10000 
2024-07-12 16:53:49,247 superfastpath.py [line:288] one_slot INFO AVG TPS: 22357, delay: 0.732021 
2024-07-12 16:53:49,247 superfastpath.py [line:295] one_slot INFO Leaving slot 4 
2024-07-12 16:53:49,247 superfastpath.py [line:225] one_slot INFO Entering slot 5 
2024-07-12 16:53:49,765 superfastpath.py [line:286] one_slot INFO Fast block at Node 4 for Epoch sidAFAST0 and Slot 4 has delay, TPS and TXs: 0.7918758392333984, 10000 
2024-07-12 16:53:49,765 superfastpath.py [line:288] one_slot INFO AVG TPS: 21506, delay: 0.746985 
2024-07-12 16:53:49,765 superfastpath.py [line:295] one_slot INFO Leaving slot 5 
2024-07-12 16:53:49,765 superfastpath.py [line:225] one_slot INFO Entering slot 6 
2024-07-12 16:53:50,102 superfastpath.py [line:286] one_slot INFO Fast block at Node 4 for Epoch sidAFAST0 and Slot 5 has delay, TPS and TXs: 0.8241283893585205, 10000 
2024-07-12 16:53:50,102 superfastpath.py [line:288] one_slot INFO AVG TPS: 22755, delay: 0.762413 
2024-07-12 16:53:50,102 superfastpath.py [line:295] one_slot INFO Leaving slot 6 
2024-07-12 16:53:50,102 superfastpath.py [line:225] one_slot INFO Entering slot 7 
2024-07-12 16:53:50,556 superfastpath.py [line:286] one_slot INFO Fast block at Node 4 for Epoch sidAFAST0 and Slot 6 has delay, TPS and TXs: 0.7398092746734619, 10000 
2024-07-12 16:53:50,556 superfastpath.py [line:288] one_slot INFO AVG TPS: 22630, delay: 0.758646 
2024-07-12 16:53:50,556 superfastpath.py [line:295] one_slot INFO Leaving slot 7 
2024-07-12 16:53:50,556 superfastpath.py [line:225] one_slot INFO Entering slot 8 
2024-07-12 16:53:50,869 superfastpath.py [line:286] one_slot INFO Fast block at Node 4 for Epoch sidAFAST0 and Slot 7 has delay, TPS and TXs: 0.725506067276001, 10000 
2024-07-12 16:53:50,869 superfastpath.py [line:288] one_slot INFO AVG TPS: 23615, delay: 0.753912 
2024-07-12 16:53:50,869 superfastpath.py [line:295] one_slot INFO Leaving slot 8 
2024-07-12 16:53:50,869 superfastpath.py [line:225] one_slot INFO Entering slot 9 
2024-07-12 16:53:51,147 superfastpath.py [line:286] one_slot INFO Fast block at Node 4 for Epoch sidAFAST0 and Slot 8 has delay, TPS and TXs: 0.5507690906524658, 10000 
2024-07-12 16:53:51,147 superfastpath.py [line:288] one_slot INFO AVG TPS: 24672, delay: 0.728519 
2024-07-12 16:53:51,148 superfastpath.py [line:295] one_slot INFO Leaving slot 9 
2024-07-12 16:53:51,148 superfastpath.py [line:225] one_slot INFO Entering slot 10 
2024-07-12 16:53:51,372 superfastpath.py [line:286] one_slot INFO Fast block at Node 4 for Epoch sidAFAST0 and Slot 9 has delay, TPS and TXs: 0.4720289707183838, 10000 
2024-07-12 16:53:51,372 superfastpath.py [line:288] one_slot INFO AVG TPS: 25957, delay: 0.700020 
2024-07-12 16:53:51,372 superfastpath.py [line:295] one_slot INFO Leaving slot 10 
2024-07-12 16:53:51,372 superfastpath.py [line:225] one_slot INFO Entering slot 11 
2024-07-12 16:53:51,495 superfastpath.py [line:286] one_slot INFO Fast block at Node 4 for Epoch sidAFAST0 and Slot 10 has delay, TPS and TXs: 0.28269386291503906, 10000 
2024-07-12 16:53:51,496 superfastpath.py [line:288] one_slot INFO AVG TPS: 27849, delay: 0.658287 
2024-07-12 16:53:51,496 superfastpath.py [line:295] one_slot INFO Leaving slot 11 
2024-07-12 16:53:51,496 superfastpath.py [line:359] sufastpath INFO Leaves fastpath at 12 slot 
2024-07-12 16:53:51,497 Superfast.py [line:308] wait_for_fastpath INFO Fastpath of epoch 0 completed 
2024-07-12 16:53:51,497 Superfast.py [line:336] _run_epoch INFO Fastpath tps: 27834 
2024-07-12 16:53:56,498 Superfast.py [line:208] run_bft INFO node 4 breaks in 8.594329 seconds in epoch 0 with total delivered Txs 100000 and average delay 0.658287 
