2022-07-13 04:05:41,842 ng_k_s.py [line:470] run_bft INFO Node 15 starts to run at time:1657656341.8426156 
2022-07-13 04:05:41,885 ng_k_s.py [line:382] _finalize_output INFO ************************************************************* 
2022-07-13 04:05:41,886 ng_k_s.py [line:383] _finalize_output INFO                          warm-up start                        
2022-07-13 04:05:41,886 ng_k_s.py [line:384] _finalize_output INFO ************************************************************* 
2022-07-13 04:05:46,673 ng_k_s.py [line:390] _finalize_output INFO warm-up time: 4.831083 
2022-07-13 04:05:46,675 ng_k_s.py [line:391] _finalize_output INFO ************************************************************* 
2022-07-13 04:05:46,675 ng_k_s.py [line:392] _finalize_output INFO                        warm-up finished                       
2022-07-13 04:05:46,677 ng_k_s.py [line:393] _finalize_output INFO ************************************************************* 
2022-07-13 04:05:48,051 ng_k_s.py [line:453] _finalize_output INFO node: 15 epoch: 1 run: 6.208400, total delivered Txs after warm-up: 13000, average delay after warm-up: 3.850676,  tps after warm-up: 9438.642452, average vaba delay after warm-up: 0.683631 
2022-07-13 04:05:49,318 ng_k_s.py [line:330] _run_VABA_round INFO sid: 15: 0 txs batches need to call help in epoch 2, 0 in total, 0.000000  
2022-07-13 04:05:49,318 ng_k_s.py [line:453] _finalize_output INFO node: 15 epoch: 2 run: 7.476138, total delivered Txs after warm-up: 18600, average delay after warm-up: 3.590047,  tps after warm-up: 7031.991003, average vaba delay after warm-up: 0.877474 
2022-07-13 04:05:49,370 ng_k_s.py [line:288] catch INFO sid: 15: 0 txs batches need to call help after 50ms in epoch 2, 0 in total, 0.000000  
2022-07-13 04:05:49,425 ng_k_s.py [line:302] catch INFO sid: 15: 0 txs batches need to call help after 100ms in epoch 2, 0 in total, 0.000000  
2022-07-13 04:05:50,590 ng_k_s.py [line:330] _run_VABA_round INFO sid: 15: 0 txs batches need to call help in epoch 3, 0 in total, 0.000000  
2022-07-13 04:05:50,591 ng_k_s.py [line:453] _finalize_output INFO node: 15 epoch: 3 run: 8.748603, total delivered Txs after warm-up: 25400, average delay after warm-up: 3.409545,  tps after warm-up: 6483.694084, average vaba delay after warm-up: 0.975908 
2022-07-13 04:05:50,644 ng_k_s.py [line:288] catch INFO sid: 15: 0 txs batches need to call help after 50ms in epoch 3, 0 in total, 0.000000  
2022-07-13 04:05:50,695 ng_k_s.py [line:302] catch INFO sid: 15: 0 txs batches need to call help after 100ms in epoch 3, 0 in total, 0.000000  
2022-07-13 04:05:51,985 ng_k_s.py [line:330] _run_VABA_round INFO sid: 15: 0 txs batches need to call help in epoch 4, 0 in total, 0.000000  
2022-07-13 04:05:51,986 ng_k_s.py [line:453] _finalize_output INFO node: 15 epoch: 4 run: 10.143738, total delivered Txs after warm-up: 31100, average delay after warm-up: 3.314818,  tps after warm-up: 5853.946618, average vaba delay after warm-up: 1.059634 
2022-07-13 04:05:52,041 ng_k_s.py [line:288] catch INFO sid: 15: 0 txs batches need to call help after 50ms in epoch 4, 0 in total, 0.000000  
2022-07-13 04:05:52,095 ng_k_s.py [line:302] catch INFO sid: 15: 0 txs batches need to call help after 100ms in epoch 4, 0 in total, 0.000000  
2024-07-12 16:53:47,373 sufp_node.py [line:79] run INFO node 15's starts to run consensus on process id 28580 
2024-07-12 16:53:47,374 sufp_node.py [line:80] run INFO parameters: N=16, f=5, S=10, T=1, fast-batch=10000, acs-batch=62, K=1, O=0 
2024-07-12 16:53:47,374 sufp_node.py [line:62] prepare_bootstrap INFO node id 15 is inserting dummy payload TXs 
2024-07-12 16:53:47,375 sufp_node.py [line:70] prepare_bootstrap INFO node id 15 just inserts 50000 TXs 
2024-07-12 16:53:47,376 sufp_node.py [line:70] prepare_bootstrap INFO node id 15 just inserts 50000 TXs 
2024-07-12 16:53:47,376 sufp_node.py [line:74] prepare_bootstrap INFO node id 15 completed the loading of dummy TXs 
2024-07-12 16:53:47,376 Superfast.py [line:178] run_bft INFO Node 15 starts to run at time:1720774427.3764608 
2024-07-12 16:53:47,376 Superfast.py [line:231] _run_epoch INFO Node enters epoch 0 
2024-07-12 16:53:47,378 superfastpath.py [line:43] sufastpath INFO Entering fast path 
2024-07-12 16:53:47,378 superfastpath.py [line:225] one_slot INFO Entering slot 1 
2024-07-12 16:53:48,015 superfastpath.py [line:295] one_slot INFO Leaving slot 1 
2024-07-12 16:53:48,015 superfastpath.py [line:225] one_slot INFO Entering slot 2 
2024-07-12 16:53:48,710 superfastpath.py [line:286] one_slot INFO Fast block at Node 15 for Epoch sidAFAST0 and Slot 1 has delay, TPS and TXs: 1.2970900535583496, 10000 
2024-07-12 16:53:48,710 superfastpath.py [line:288] one_slot INFO AVG TPS: 7508, delay: 1.297090 
2024-07-12 16:53:48,710 superfastpath.py [line:295] one_slot INFO Leaving slot 2 
2024-07-12 16:53:48,711 superfastpath.py [line:225] one_slot INFO Entering slot 3 
2024-07-12 16:53:49,005 superfastpath.py [line:286] one_slot INFO Fast block at Node 15 for Epoch sidAFAST0 and Slot 2 has delay, TPS and TXs: 0.9606301784515381, 10000 
2024-07-12 16:53:49,005 superfastpath.py [line:288] one_slot INFO AVG TPS: 12296, delay: 1.128860 
2024-07-12 16:53:49,005 superfastpath.py [line:295] one_slot INFO Leaving slot 3 
2024-07-12 16:53:49,005 superfastpath.py [line:225] one_slot INFO Entering slot 4 
2024-07-12 16:53:49,451 superfastpath.py [line:286] one_slot INFO Fast block at Node 15 for Epoch sidAFAST0 and Slot 3 has delay, TPS and TXs: 0.6753494739532471, 10000 
2024-07-12 16:53:49,466 superfastpath.py [line:288] one_slot INFO AVG TPS: 14372, delay: 0.977690 
2024-07-12 16:53:49,466 superfastpath.py [line:295] one_slot INFO Leaving slot 4 
2024-07-12 16:53:49,466 superfastpath.py [line:225] one_slot INFO Entering slot 5 
2024-07-12 16:53:49,759 superfastpath.py [line:286] one_slot INFO Fast block at Node 15 for Epoch sidAFAST0 and Slot 4 has delay, TPS and TXs: 0.7230336666107178, 10000 
2024-07-12 16:53:49,759 superfastpath.py [line:288] one_slot INFO AVG TPS: 16801, delay: 0.914026 
2024-07-12 16:53:49,759 superfastpath.py [line:295] one_slot INFO Leaving slot 5 
2024-07-12 16:53:49,759 superfastpath.py [line:225] one_slot INFO Entering slot 6 
2024-07-12 16:53:50,121 superfastpath.py [line:286] one_slot INFO Fast block at Node 15 for Epoch sidAFAST0 and Slot 5 has delay, TPS and TXs: 0.6367862224578857, 10000 
2024-07-12 16:53:50,122 superfastpath.py [line:288] one_slot INFO AVG TPS: 18227, delay: 0.858578 
2024-07-12 16:53:50,123 superfastpath.py [line:295] one_slot INFO Leaving slot 6 
2024-07-12 16:53:50,123 superfastpath.py [line:225] one_slot INFO Entering slot 7 
2024-07-12 16:53:50,512 superfastpath.py [line:286] one_slot INFO Fast block at Node 15 for Epoch sidAFAST0 and Slot 6 has delay, TPS and TXs: 0.72648024559021, 10000 
2024-07-12 16:53:50,512 superfastpath.py [line:288] one_slot INFO AVG TPS: 19144, delay: 0.836562 
2024-07-12 16:53:50,513 superfastpath.py [line:295] one_slot INFO Leaving slot 7 
2024-07-12 16:53:50,513 superfastpath.py [line:225] one_slot INFO Entering slot 8 
2024-07-12 16:53:50,928 superfastpath.py [line:286] one_slot INFO Fast block at Node 15 for Epoch sidAFAST0 and Slot 7 has delay, TPS and TXs: 0.7905189990997314, 10000 
2024-07-12 16:53:50,989 superfastpath.py [line:288] one_slot INFO AVG TPS: 19386, delay: 0.829984 
2024-07-12 16:53:50,990 superfastpath.py [line:295] one_slot INFO Leaving slot 8 
2024-07-12 16:53:50,990 superfastpath.py [line:225] one_slot INFO Entering slot 9 
2024-07-12 16:53:51,178 superfastpath.py [line:286] one_slot INFO Fast block at Node 15 for Epoch sidAFAST0 and Slot 8 has delay, TPS and TXs: 0.6308853626251221, 10000 
2024-07-12 16:53:51,178 superfastpath.py [line:288] one_slot INFO AVG TPS: 21052, delay: 0.805097 
2024-07-12 16:53:51,179 superfastpath.py [line:295] one_slot INFO Leaving slot 9 
2024-07-12 16:53:51,179 superfastpath.py [line:225] one_slot INFO Entering slot 10 
2024-07-12 16:53:51,436 superfastpath.py [line:286] one_slot INFO Fast block at Node 15 for Epoch sidAFAST0 and Slot 9 has delay, TPS and TXs: 0.4125819206237793, 10000 
2024-07-12 16:53:51,436 superfastpath.py [line:288] one_slot INFO AVG TPS: 22179, delay: 0.761484 
2024-07-12 16:53:51,436 superfastpath.py [line:295] one_slot INFO Leaving slot 10 
2024-07-12 16:53:51,437 superfastpath.py [line:225] one_slot INFO Entering slot 11 
2024-07-12 16:53:51,495 superfastpath.py [line:286] one_slot INFO Fast block at Node 15 for Epoch sidAFAST0 and Slot 10 has delay, TPS and TXs: 0.27531933784484863, 10000 
2024-07-12 16:53:51,495 superfastpath.py [line:288] one_slot INFO AVG TPS: 24293, delay: 0.712868 
2024-07-12 16:53:51,495 superfastpath.py [line:295] one_slot INFO Leaving slot 11 
2024-07-12 16:53:51,495 superfastpath.py [line:359] sufastpath INFO Leaves fastpath at 12 slot 
2024-07-12 16:53:51,496 Superfast.py [line:308] wait_for_fastpath INFO Fastpath of epoch 0 completed 
2024-07-12 16:53:51,496 Superfast.py [line:336] _run_epoch INFO Fastpath tps: 24276 
2024-07-12 16:53:56,499 Superfast.py [line:208] run_bft INFO node 15 breaks in 9.123226 seconds in epoch 0 with total delivered Txs 100000 and average delay 0.712868 
