2022-07-13 04:05:42,160 ng_k_s.py [line:470] run_bft INFO Node 9 starts to run at time:1657656342.1602643 
2022-07-13 04:05:42,211 ng_k_s.py [line:382] _finalize_output INFO ************************************************************* 
2022-07-13 04:05:42,211 ng_k_s.py [line:383] _finalize_output INFO                          warm-up start                        
2022-07-13 04:05:42,211 ng_k_s.py [line:384] _finalize_output INFO ************************************************************* 
2022-07-13 04:05:47,029 ng_k_s.py [line:390] _finalize_output INFO warm-up time: 4.869237 
2022-07-13 04:05:47,033 ng_k_s.py [line:391] _finalize_output INFO ************************************************************* 
2022-07-13 04:05:47,033 ng_k_s.py [line:392] _finalize_output INFO                        warm-up finished                       
2022-07-13 04:05:47,033 ng_k_s.py [line:393] _finalize_output INFO ************************************************************* 
2022-07-13 04:05:48,189 ng_k_s.py [line:453] _finalize_output INFO node: 9 epoch: 1 run: 6.029686, total delivered Txs after warm-up: 13000, average delay after warm-up: 3.989611,  tps after warm-up: 11202.562419, average vaba delay after warm-up: 0.578197 
2022-07-13 04:05:49,549 ng_k_s.py [line:330] _run_VABA_round INFO sid: 9: 0 txs batches need to call help in epoch 2, 0 in total, 0.000000  
2022-07-13 04:05:49,556 ng_k_s.py [line:453] _finalize_output INFO node: 9 epoch: 2 run: 7.395586, total delivered Txs after warm-up: 18600, average delay after warm-up: 3.758536,  tps after warm-up: 7362.401628, average vaba delay after warm-up: 0.839829 
2022-07-13 04:05:49,608 ng_k_s.py [line:288] catch INFO sid: 9: 0 txs batches need to call help after 50ms in epoch 2, 0 in total, 0.000000  
2022-07-13 04:05:49,662 ng_k_s.py [line:302] catch INFO sid: 9: 0 txs batches need to call help after 100ms in epoch 2, 0 in total, 0.000000  
2022-07-13 04:05:50,795 ng_k_s.py [line:330] _run_VABA_round INFO sid: 9: 0 txs batches need to call help in epoch 3, 0 in total, 0.000000  
2022-07-13 04:05:50,796 ng_k_s.py [line:453] _finalize_output INFO node: 9 epoch: 3 run: 8.636162, total delivered Txs after warm-up: 25400, average delay after warm-up: 3.587864,  tps after warm-up: 6742.899777, average vaba delay after warm-up: 0.939874 
2022-07-13 04:05:50,853 ng_k_s.py [line:288] catch INFO sid: 9: 0 txs batches need to call help after 50ms in epoch 3, 0 in total, 0.000000  
2022-07-13 04:05:50,911 ng_k_s.py [line:302] catch INFO sid: 9: 0 txs batches need to call help after 100ms in epoch 3, 0 in total, 0.000000  
2022-07-13 04:05:52,030 ng_k_s.py [line:330] _run_VABA_round INFO sid: 9: 0 txs batches need to call help in epoch 4, 0 in total, 0.000000  
2022-07-13 04:05:52,038 ng_k_s.py [line:453] _finalize_output INFO node: 9 epoch: 4 run: 9.878047, total delivered Txs after warm-up: 31100, average delay after warm-up: 3.469978,  tps after warm-up: 6209.059288, average vaba delay after warm-up: 1.000208 
2022-07-13 04:05:52,091 ng_k_s.py [line:288] catch INFO sid: 9: 0 txs batches need to call help after 50ms in epoch 4, 0 in total, 0.000000  
2022-07-13 04:05:52,147 ng_k_s.py [line:302] catch INFO sid: 9: 0 txs batches need to call help after 100ms in epoch 4, 0 in total, 0.000000  
2024-07-12 16:53:47,860 sufp_node.py [line:79] run INFO node 9's starts to run consensus on process id 28574 
2024-07-12 16:53:47,860 sufp_node.py [line:80] run INFO parameters: N=16, f=5, S=10, T=1, fast-batch=10000, acs-batch=62, K=1, O=0 
2024-07-12 16:53:47,860 sufp_node.py [line:62] prepare_bootstrap INFO node id 9 is inserting dummy payload TXs 
2024-07-12 16:53:47,861 sufp_node.py [line:70] prepare_bootstrap INFO node id 9 just inserts 50000 TXs 
2024-07-12 16:53:47,861 sufp_node.py [line:70] prepare_bootstrap INFO node id 9 just inserts 50000 TXs 
2024-07-12 16:53:47,861 sufp_node.py [line:74] prepare_bootstrap INFO node id 9 completed the loading of dummy TXs 
2024-07-12 16:53:47,861 Superfast.py [line:178] run_bft INFO Node 9 starts to run at time:1720774427.8618064 
2024-07-12 16:53:47,861 Superfast.py [line:231] _run_epoch INFO Node enters epoch 0 
2024-07-12 16:53:47,862 superfastpath.py [line:43] sufastpath INFO Entering fast path 
2024-07-12 16:53:47,863 superfastpath.py [line:225] one_slot INFO Entering slot 1 
2024-07-12 16:53:47,979 superfastpath.py [line:295] one_slot INFO Leaving slot 1 
2024-07-12 16:53:47,979 superfastpath.py [line:225] one_slot INFO Entering slot 2 
2024-07-12 16:53:48,657 superfastpath.py [line:286] one_slot INFO Fast block at Node 9 for Epoch sidAFAST0 and Slot 1 has delay, TPS and TXs: 0.7813498973846436, 10000 
2024-07-12 16:53:48,658 superfastpath.py [line:288] one_slot INFO AVG TPS: 12577, delay: 0.781350 
2024-07-12 16:53:48,658 superfastpath.py [line:295] one_slot INFO Leaving slot 2 
2024-07-12 16:53:48,658 superfastpath.py [line:225] one_slot INFO Entering slot 3 
2024-07-12 16:53:48,970 superfastpath.py [line:286] one_slot INFO Fast block at Node 9 for Epoch sidAFAST0 and Slot 2 has delay, TPS and TXs: 0.9678633213043213, 10000 
2024-07-12 16:53:48,970 superfastpath.py [line:288] one_slot INFO AVG TPS: 18060, delay: 0.874607 
2024-07-12 16:53:48,970 superfastpath.py [line:295] one_slot INFO Leaving slot 3 
2024-07-12 16:53:48,970 superfastpath.py [line:225] one_slot INFO Entering slot 4 
2024-07-12 16:53:49,341 superfastpath.py [line:286] one_slot INFO Fast block at Node 9 for Epoch sidAFAST0 and Slot 3 has delay, TPS and TXs: 0.6434059143066406, 10000 
2024-07-12 16:53:49,341 superfastpath.py [line:288] one_slot INFO AVG TPS: 20284, delay: 0.797540 
2024-07-12 16:53:49,342 superfastpath.py [line:295] one_slot INFO Leaving slot 4 
2024-07-12 16:53:49,343 superfastpath.py [line:225] one_slot INFO Entering slot 5 
2024-07-12 16:53:49,679 superfastpath.py [line:286] one_slot INFO Fast block at Node 9 for Epoch sidAFAST0 and Slot 4 has delay, TPS and TXs: 0.6961541175842285, 10000 
2024-07-12 16:53:49,680 superfastpath.py [line:288] one_slot INFO AVG TPS: 22014, delay: 0.772193 
2024-07-12 16:53:49,680 superfastpath.py [line:295] one_slot INFO Leaving slot 5 
2024-07-12 16:53:49,680 superfastpath.py [line:225] one_slot INFO Entering slot 6 
2024-07-12 16:53:50,117 superfastpath.py [line:286] one_slot INFO Fast block at Node 9 for Epoch sidAFAST0 and Slot 5 has delay, TPS and TXs: 0.7599775791168213, 10000 
2024-07-12 16:53:50,117 superfastpath.py [line:288] one_slot INFO AVG TPS: 22177, delay: 0.769750 
2024-07-12 16:53:50,117 superfastpath.py [line:295] one_slot INFO Leaving slot 6 
2024-07-12 16:53:50,118 superfastpath.py [line:225] one_slot INFO Entering slot 7 
2024-07-12 16:53:50,500 superfastpath.py [line:286] one_slot INFO Fast block at Node 9 for Epoch sidAFAST0 and Slot 6 has delay, TPS and TXs: 0.7901511192321777, 10000 
2024-07-12 16:53:50,500 superfastpath.py [line:288] one_slot INFO AVG TPS: 22745, delay: 0.773150 
2024-07-12 16:53:50,500 superfastpath.py [line:295] one_slot INFO Leaving slot 7 
2024-07-12 16:53:50,501 superfastpath.py [line:225] one_slot INFO Entering slot 8 
2024-07-12 16:53:50,930 superfastpath.py [line:286] one_slot INFO Fast block at Node 9 for Epoch sidAFAST0 and Slot 7 has delay, TPS and TXs: 0.7632687091827393, 10000 
2024-07-12 16:53:50,992 superfastpath.py [line:288] one_slot INFO AVG TPS: 22367, delay: 0.771739 
2024-07-12 16:53:50,992 superfastpath.py [line:295] one_slot INFO Leaving slot 8 
2024-07-12 16:53:50,993 superfastpath.py [line:225] one_slot INFO Entering slot 9 
2024-07-12 16:53:51,180 superfastpath.py [line:286] one_slot INFO Fast block at Node 9 for Epoch sidAFAST0 and Slot 8 has delay, TPS and TXs: 0.6337234973907471, 10000 
2024-07-12 16:53:51,180 superfastpath.py [line:288] one_slot INFO AVG TPS: 24114, delay: 0.754487 
2024-07-12 16:53:51,181 superfastpath.py [line:295] one_slot INFO Leaving slot 9 
2024-07-12 16:53:51,181 superfastpath.py [line:225] one_slot INFO Entering slot 10 
2024-07-12 16:53:51,517 superfastpath.py [line:286] one_slot INFO Fast block at Node 9 for Epoch sidAFAST0 and Slot 9 has delay, TPS and TXs: 0.45618176460266113, 10000 
2024-07-12 16:53:51,517 superfastpath.py [line:288] one_slot INFO AVG TPS: 24628, delay: 0.721342 
2024-07-12 16:53:51,517 superfastpath.py [line:295] one_slot INFO Leaving slot 10 
2024-07-12 16:53:51,517 superfastpath.py [line:225] one_slot INFO Entering slot 11 
2024-07-12 16:53:51,546 superfastpath.py [line:286] one_slot INFO Fast block at Node 9 for Epoch sidAFAST0 and Slot 10 has delay, TPS and TXs: 0.34502696990966797, 10000 
2024-07-12 16:53:51,546 superfastpath.py [line:288] one_slot INFO AVG TPS: 27149, delay: 0.683710 
2024-07-12 16:53:51,546 superfastpath.py [line:295] one_slot INFO Leaving slot 11 
2024-07-12 16:53:51,547 superfastpath.py [line:359] sufastpath INFO Leaves fastpath at 12 slot 
2024-07-12 16:53:51,548 Superfast.py [line:308] wait_for_fastpath INFO Fastpath of epoch 0 completed 
2024-07-12 16:53:51,548 Superfast.py [line:336] _run_epoch INFO Fastpath tps: 27127 
2024-07-12 16:53:56,549 Superfast.py [line:208] run_bft INFO node 9 breaks in 8.687246 seconds in epoch 0 with total delivered Txs 100000 and average delay 0.683710 
