2022-07-13 04:05:42,094 ng_k_s.py [line:470] run_bft INFO Node 11 starts to run at time:1657656342.0943239 
2022-07-13 04:05:42,159 ng_k_s.py [line:382] _finalize_output INFO ************************************************************* 
2022-07-13 04:05:42,160 ng_k_s.py [line:383] _finalize_output INFO                          warm-up start                        
2022-07-13 04:05:42,160 ng_k_s.py [line:384] _finalize_output INFO ************************************************************* 
2022-07-13 04:05:46,623 ng_k_s.py [line:390] _finalize_output INFO warm-up time: 4.528845 
2022-07-13 04:05:46,627 ng_k_s.py [line:391] _finalize_output INFO ************************************************************* 
2022-07-13 04:05:46,627 ng_k_s.py [line:392] _finalize_output INFO                        warm-up finished                       
2022-07-13 04:05:46,627 ng_k_s.py [line:393] _finalize_output INFO ************************************************************* 
2022-07-13 04:05:47,999 ng_k_s.py [line:453] _finalize_output INFO node: 11 epoch: 1 run: 5.904677, total delivered Txs after warm-up: 13000, average delay after warm-up: 3.798662,  tps after warm-up: 9448.827499, average vaba delay after warm-up: 0.685522 
2022-07-13 04:05:49,242 ng_k_s.py [line:330] _run_VABA_round INFO sid: 11: 0 txs batches need to call help in epoch 2, 0 in total, 0.000000  
2022-07-13 04:05:49,243 ng_k_s.py [line:453] _finalize_output INFO node: 11 epoch: 2 run: 7.148779, total delivered Txs after warm-up: 18600, average delay after warm-up: 3.530917,  tps after warm-up: 7099.416551, average vaba delay after warm-up: 0.871445 
2022-07-13 04:05:49,294 ng_k_s.py [line:288] catch INFO sid: 11: 0 txs batches need to call help after 50ms in epoch 2, 0 in total, 0.000000  
2022-07-13 04:05:49,345 ng_k_s.py [line:302] catch INFO sid: 11: 0 txs batches need to call help after 100ms in epoch 2, 0 in total, 0.000000  
2022-07-13 04:05:50,544 ng_k_s.py [line:330] _run_VABA_round INFO sid: 11: 0 txs batches need to call help in epoch 3, 0 in total, 0.000000  
2022-07-13 04:05:50,546 ng_k_s.py [line:453] _finalize_output INFO node: 11 epoch: 3 run: 8.452501, total delivered Txs after warm-up: 25400, average delay after warm-up: 3.354360,  tps after warm-up: 6473.555458, average vaba delay after warm-up: 0.979382 
2022-07-13 04:05:50,601 ng_k_s.py [line:288] catch INFO sid: 11: 0 txs batches need to call help after 50ms in epoch 3, 0 in total, 0.000000  
2022-07-13 04:05:50,666 ng_k_s.py [line:302] catch INFO sid: 11: 0 txs batches need to call help after 100ms in epoch 3, 0 in total, 0.000000  
2022-07-13 04:05:52,053 ng_k_s.py [line:330] _run_VABA_round INFO sid: 11: 0 txs batches need to call help in epoch 4, 0 in total, 0.000000  
2022-07-13 04:05:52,054 ng_k_s.py [line:453] _finalize_output INFO node: 11 epoch: 4 run: 9.959888, total delivered Txs after warm-up: 31100, average delay after warm-up: 3.282184,  tps after warm-up: 5726.340573, average vaba delay after warm-up: 1.084912 
2022-07-13 04:05:52,110 ng_k_s.py [line:288] catch INFO sid: 11: 0 txs batches need to call help after 50ms in epoch 4, 0 in total, 0.000000  
2022-07-13 04:05:52,162 ng_k_s.py [line:302] catch INFO sid: 11: 0 txs batches need to call help after 100ms in epoch 4, 0 in total, 0.000000  
2024-07-12 16:53:47,810 sufp_node.py [line:79] run INFO node 11's starts to run consensus on process id 28576 
2024-07-12 16:53:47,811 sufp_node.py [line:80] run INFO parameters: N=16, f=5, S=10, T=1, fast-batch=10000, acs-batch=62, K=1, O=0 
2024-07-12 16:53:47,811 sufp_node.py [line:62] prepare_bootstrap INFO node id 11 is inserting dummy payload TXs 
2024-07-12 16:53:47,812 sufp_node.py [line:70] prepare_bootstrap INFO node id 11 just inserts 50000 TXs 
2024-07-12 16:53:47,812 sufp_node.py [line:70] prepare_bootstrap INFO node id 11 just inserts 50000 TXs 
2024-07-12 16:53:47,812 sufp_node.py [line:74] prepare_bootstrap INFO node id 11 completed the loading of dummy TXs 
2024-07-12 16:53:47,812 Superfast.py [line:178] run_bft INFO Node 11 starts to run at time:1720774427.8124142 
2024-07-12 16:53:47,812 Superfast.py [line:231] _run_epoch INFO Node enters epoch 0 
2024-07-12 16:53:47,813 superfastpath.py [line:43] sufastpath INFO Entering fast path 
2024-07-12 16:53:47,813 superfastpath.py [line:225] one_slot INFO Entering slot 1 
2024-07-12 16:53:48,016 superfastpath.py [line:295] one_slot INFO Leaving slot 1 
2024-07-12 16:53:48,016 superfastpath.py [line:225] one_slot INFO Entering slot 2 
2024-07-12 16:53:48,634 superfastpath.py [line:286] one_slot INFO Fast block at Node 11 for Epoch sidAFAST0 and Slot 1 has delay, TPS and TXs: 0.7608399391174316, 10000 
2024-07-12 16:53:48,634 superfastpath.py [line:288] one_slot INFO AVG TPS: 12180, delay: 0.760840 
2024-07-12 16:53:48,634 superfastpath.py [line:295] one_slot INFO Leaving slot 2 
2024-07-12 16:53:48,634 superfastpath.py [line:225] one_slot INFO Entering slot 3 
2024-07-12 16:53:49,033 superfastpath.py [line:286] one_slot INFO Fast block at Node 11 for Epoch sidAFAST0 and Slot 2 has delay, TPS and TXs: 0.9824271202087402, 10000 
2024-07-12 16:53:49,034 superfastpath.py [line:288] one_slot INFO AVG TPS: 16385, delay: 0.871634 
2024-07-12 16:53:49,034 superfastpath.py [line:295] one_slot INFO Leaving slot 3 
2024-07-12 16:53:49,036 superfastpath.py [line:225] one_slot INFO Entering slot 4 
2024-07-12 16:53:49,385 superfastpath.py [line:286] one_slot INFO Fast block at Node 11 for Epoch sidAFAST0 and Slot 3 has delay, TPS and TXs: 0.7180562019348145, 10000 
2024-07-12 16:53:49,386 superfastpath.py [line:288] one_slot INFO AVG TPS: 19075, delay: 0.820441 
2024-07-12 16:53:49,386 superfastpath.py [line:295] one_slot INFO Leaving slot 4 
2024-07-12 16:53:49,386 superfastpath.py [line:225] one_slot INFO Entering slot 5 
2024-07-12 16:53:49,775 superfastpath.py [line:286] one_slot INFO Fast block at Node 11 for Epoch sidAFAST0 and Slot 4 has delay, TPS and TXs: 0.7052314281463623, 10000 
2024-07-12 16:53:49,775 superfastpath.py [line:288] one_slot INFO AVG TPS: 20384, delay: 0.791639 
2024-07-12 16:53:49,776 superfastpath.py [line:295] one_slot INFO Leaving slot 5 
2024-07-12 16:53:49,776 superfastpath.py [line:225] one_slot INFO Entering slot 6 
2024-07-12 16:53:50,241 superfastpath.py [line:286] one_slot INFO Fast block at Node 11 for Epoch sidAFAST0 and Slot 5 has delay, TPS and TXs: 0.8148372173309326, 10000 
2024-07-12 16:53:50,242 superfastpath.py [line:288] one_slot INFO AVG TPS: 20587, delay: 0.796278 
2024-07-12 16:53:50,242 superfastpath.py [line:295] one_slot INFO Leaving slot 6 
2024-07-12 16:53:50,243 superfastpath.py [line:225] one_slot INFO Entering slot 7 
2024-07-12 16:53:50,562 superfastpath.py [line:286] one_slot INFO Fast block at Node 11 for Epoch sidAFAST0 and Slot 6 has delay, TPS and TXs: 0.7314453125, 10000 
2024-07-12 16:53:50,562 superfastpath.py [line:288] one_slot INFO AVG TPS: 21826, delay: 0.785473 
2024-07-12 16:53:50,562 superfastpath.py [line:295] one_slot INFO Leaving slot 7 
2024-07-12 16:53:50,562 superfastpath.py [line:225] one_slot INFO Entering slot 8 
2024-07-12 16:53:50,931 superfastpath.py [line:286] one_slot INFO Fast block at Node 11 for Epoch sidAFAST0 and Slot 7 has delay, TPS and TXs: 0.653465747833252, 10000 
2024-07-12 16:53:50,988 superfastpath.py [line:288] one_slot INFO AVG TPS: 22047, delay: 0.766615 
2024-07-12 16:53:50,988 superfastpath.py [line:295] one_slot INFO Leaving slot 8 
2024-07-12 16:53:50,989 superfastpath.py [line:225] one_slot INFO Entering slot 9 
2024-07-12 16:53:51,126 superfastpath.py [line:286] one_slot INFO Fast block at Node 11 for Epoch sidAFAST0 and Slot 8 has delay, TPS and TXs: 0.5450372695922852, 10000 
2024-07-12 16:53:51,126 superfastpath.py [line:288] one_slot INFO AVG TPS: 24144, delay: 0.738918 
2024-07-12 16:53:51,127 superfastpath.py [line:295] one_slot INFO Leaving slot 9 
2024-07-12 16:53:51,127 superfastpath.py [line:225] one_slot INFO Entering slot 10 
2024-07-12 16:53:51,391 superfastpath.py [line:286] one_slot INFO Fast block at Node 11 for Epoch sidAFAST0 and Slot 9 has delay, TPS and TXs: 0.3826136589050293, 10000 
2024-07-12 16:53:51,391 superfastpath.py [line:288] one_slot INFO AVG TPS: 25152, delay: 0.699328 
2024-07-12 16:53:51,391 superfastpath.py [line:295] one_slot INFO Leaving slot 10 
2024-07-12 16:53:51,391 superfastpath.py [line:225] one_slot INFO Entering slot 11 
2024-07-12 16:53:51,427 superfastpath.py [line:286] one_slot INFO Fast block at Node 11 for Epoch sidAFAST0 and Slot 10 has delay, TPS and TXs: 0.27770090103149414, 10000 
2024-07-12 16:53:51,427 superfastpath.py [line:288] one_slot INFO AVG TPS: 27670, delay: 0.657165 
2024-07-12 16:53:51,427 superfastpath.py [line:295] one_slot INFO Leaving slot 11 
2024-07-12 16:53:51,427 superfastpath.py [line:359] sufastpath INFO Leaves fastpath at 12 slot 
2024-07-12 16:53:51,428 Superfast.py [line:308] wait_for_fastpath INFO Fastpath of epoch 0 completed 
2024-07-12 16:53:51,429 Superfast.py [line:336] _run_epoch INFO Fastpath tps: 27652 
2024-07-12 16:53:56,429 Superfast.py [line:208] run_bft INFO node 11 breaks in 8.616829 seconds in epoch 0 with total delivered Txs 100000 and average delay 0.657165 
