2022-07-13 04:05:41,756 ng_k_s.py [line:470] run_bft INFO Node 6 starts to run at time:1657656341.7561069 
2022-07-13 04:05:41,787 ng_k_s.py [line:382] _finalize_output INFO ************************************************************* 
2022-07-13 04:05:41,788 ng_k_s.py [line:383] _finalize_output INFO                          warm-up start                        
2022-07-13 04:05:41,788 ng_k_s.py [line:384] _finalize_output INFO ************************************************************* 
2022-07-13 04:05:46,711 ng_k_s.py [line:390] _finalize_output INFO warm-up time: 4.955056 
2022-07-13 04:05:46,713 ng_k_s.py [line:391] _finalize_output INFO ************************************************************* 
2022-07-13 04:05:46,714 ng_k_s.py [line:392] _finalize_output INFO                        warm-up finished                       
2022-07-13 04:05:46,714 ng_k_s.py [line:393] _finalize_output INFO ************************************************************* 
2022-07-13 04:05:47,960 ng_k_s.py [line:453] _finalize_output INFO node: 6 epoch: 1 run: 6.204274, total delivered Txs after warm-up: 13000, average delay after warm-up: 3.760041,  tps after warm-up: 10406.516379, average vaba delay after warm-up: 0.622998 
2022-07-13 04:05:49,625 ng_k_s.py [line:330] _run_VABA_round INFO sid: 6: 0 txs batches need to call help in epoch 2, 0 in total, 0.000000  
2022-07-13 04:05:49,625 ng_k_s.py [line:453] _finalize_output INFO node: 6 epoch: 2 run: 7.869474, total delivered Txs after warm-up: 18600, average delay after warm-up: 3.619078,  tps after warm-up: 6382.063285, average vaba delay after warm-up: 0.969136 
2022-07-13 04:05:49,684 ng_k_s.py [line:288] catch INFO sid: 6: 0 txs batches need to call help after 50ms in epoch 2, 0 in total, 0.000000  
2022-07-13 04:05:49,740 ng_k_s.py [line:302] catch INFO sid: 6: 0 txs batches need to call help after 100ms in epoch 2, 0 in total, 0.000000  
2022-07-13 04:05:50,753 ng_k_s.py [line:330] _run_VABA_round INFO sid: 6: 0 txs batches need to call help in epoch 3, 0 in total, 0.000000  
2022-07-13 04:05:50,767 ng_k_s.py [line:453] _finalize_output INFO node: 6 epoch: 3 run: 9.010952, total delivered Txs after warm-up: 25400, average delay after warm-up: 3.477880,  tps after warm-up: 6262.488293, average vaba delay after warm-up: 1.012130 
2022-07-13 04:05:50,819 ng_k_s.py [line:288] catch INFO sid: 6: 0 txs batches need to call help after 50ms in epoch 3, 0 in total, 0.000000  
2022-07-13 04:05:50,869 ng_k_s.py [line:302] catch INFO sid: 6: 0 txs batches need to call help after 100ms in epoch 3, 0 in total, 0.000000  
2022-07-13 04:05:52,197 ng_k_s.py [line:330] _run_VABA_round INFO sid: 6: 0 txs batches need to call help in epoch 4, 0 in total, 0.000000  
2022-07-13 04:05:52,197 ng_k_s.py [line:453] _finalize_output INFO node: 6 epoch: 4 run: 10.441164, total delivered Txs after warm-up: 31100, average delay after warm-up: 3.409285,  tps after warm-up: 5668.864647, average vaba delay after warm-up: 1.095607 
2022-07-13 04:05:52,259 ng_k_s.py [line:288] catch INFO sid: 6: 0 txs batches need to call help after 50ms in epoch 4, 0 in total, 0.000000  
2022-07-13 04:05:52,315 ng_k_s.py [line:302] catch INFO sid: 6: 0 txs batches need to call help after 100ms in epoch 4, 0 in total, 0.000000  
2024-07-12 16:53:47,874 sufp_node.py [line:79] run INFO node 6's starts to run consensus on process id 28571 
2024-07-12 16:53:47,875 sufp_node.py [line:80] run INFO parameters: N=16, f=5, S=10, T=1, fast-batch=10000, acs-batch=62, K=1, O=0 
2024-07-12 16:53:47,875 sufp_node.py [line:62] prepare_bootstrap INFO node id 6 is inserting dummy payload TXs 
2024-07-12 16:53:47,875 sufp_node.py [line:70] prepare_bootstrap INFO node id 6 just inserts 50000 TXs 
2024-07-12 16:53:47,875 sufp_node.py [line:70] prepare_bootstrap INFO node id 6 just inserts 50000 TXs 
2024-07-12 16:53:47,875 sufp_node.py [line:74] prepare_bootstrap INFO node id 6 completed the loading of dummy TXs 
2024-07-12 16:53:47,876 Superfast.py [line:178] run_bft INFO Node 6 starts to run at time:1720774427.8760157 
2024-07-12 16:53:47,876 Superfast.py [line:231] _run_epoch INFO Node enters epoch 0 
2024-07-12 16:53:47,877 superfastpath.py [line:43] sufastpath INFO Entering fast path 
2024-07-12 16:53:47,878 superfastpath.py [line:225] one_slot INFO Entering slot 1 
2024-07-12 16:53:47,985 superfastpath.py [line:295] one_slot INFO Leaving slot 1 
2024-07-12 16:53:47,985 superfastpath.py [line:225] one_slot INFO Entering slot 2 
2024-07-12 16:53:48,618 superfastpath.py [line:286] one_slot INFO Fast block at Node 6 for Epoch sidAFAST0 and Slot 1 has delay, TPS and TXs: 0.6890275478363037, 10000 
2024-07-12 16:53:48,618 superfastpath.py [line:288] one_slot INFO AVG TPS: 13500, delay: 0.689028 
2024-07-12 16:53:48,618 superfastpath.py [line:295] one_slot INFO Leaving slot 2 
2024-07-12 16:53:48,618 superfastpath.py [line:225] one_slot INFO Entering slot 3 
2024-07-12 16:53:49,002 superfastpath.py [line:286] one_slot INFO Fast block at Node 6 for Epoch sidAFAST0 and Slot 2 has delay, TPS and TXs: 0.9463522434234619, 10000 
2024-07-12 16:53:49,002 superfastpath.py [line:288] one_slot INFO AVG TPS: 17788, delay: 0.817690 
2024-07-12 16:53:49,002 superfastpath.py [line:295] one_slot INFO Leaving slot 3 
2024-07-12 16:53:49,003 superfastpath.py [line:225] one_slot INFO Entering slot 4 
2024-07-12 16:53:49,252 superfastpath.py [line:286] one_slot INFO Fast block at Node 6 for Epoch sidAFAST0 and Slot 3 has delay, TPS and TXs: 0.6044816970825195, 10000 
2024-07-12 16:53:49,252 superfastpath.py [line:288] one_slot INFO AVG TPS: 21819, delay: 0.746620 
2024-07-12 16:53:49,252 superfastpath.py [line:295] one_slot INFO Leaving slot 4 
2024-07-12 16:53:49,255 superfastpath.py [line:225] one_slot INFO Entering slot 5 
2024-07-12 16:53:49,691 superfastpath.py [line:286] one_slot INFO Fast block at Node 6 for Epoch sidAFAST0 and Slot 4 has delay, TPS and TXs: 0.6728544235229492, 10000 
2024-07-12 16:53:49,691 superfastpath.py [line:288] one_slot INFO AVG TPS: 22052, delay: 0.728179 
2024-07-12 16:53:49,691 superfastpath.py [line:295] one_slot INFO Leaving slot 5 
2024-07-12 16:53:49,691 superfastpath.py [line:225] one_slot INFO Entering slot 6 
2024-07-12 16:53:50,166 superfastpath.py [line:286] one_slot INFO Fast block at Node 6 for Epoch sidAFAST0 and Slot 5 has delay, TPS and TXs: 0.8449790477752686, 10000 
2024-07-12 16:53:50,166 superfastpath.py [line:288] one_slot INFO AVG TPS: 21844, delay: 0.751539 
2024-07-12 16:53:50,167 superfastpath.py [line:295] one_slot INFO Leaving slot 6 
2024-07-12 16:53:50,168 superfastpath.py [line:225] one_slot INFO Entering slot 7 
2024-07-12 16:53:50,460 superfastpath.py [line:286] one_slot INFO Fast block at Node 6 for Epoch sidAFAST0 and Slot 6 has delay, TPS and TXs: 0.7556445598602295, 10000 
2024-07-12 16:53:50,460 superfastpath.py [line:288] one_slot INFO AVG TPS: 23228, delay: 0.752223 
2024-07-12 16:53:50,461 superfastpath.py [line:295] one_slot INFO Leaving slot 7 
2024-07-12 16:53:50,461 superfastpath.py [line:225] one_slot INFO Entering slot 8 
2024-07-12 16:53:50,862 superfastpath.py [line:286] one_slot INFO Fast block at Node 6 for Epoch sidAFAST0 and Slot 7 has delay, TPS and TXs: 0.6525788307189941, 10000 
2024-07-12 16:53:50,862 superfastpath.py [line:288] one_slot INFO AVG TPS: 23454, delay: 0.737988 
2024-07-12 16:53:50,862 superfastpath.py [line:295] one_slot INFO Leaving slot 8 
2024-07-12 16:53:50,862 superfastpath.py [line:225] one_slot INFO Entering slot 9 
2024-07-12 16:53:51,177 superfastpath.py [line:286] one_slot INFO Fast block at Node 6 for Epoch sidAFAST0 and Slot 8 has delay, TPS and TXs: 0.6873703002929688, 10000 
2024-07-12 16:53:51,178 superfastpath.py [line:288] one_slot INFO AVG TPS: 24241, delay: 0.731661 
2024-07-12 16:53:51,178 superfastpath.py [line:295] one_slot INFO Leaving slot 9 
2024-07-12 16:53:51,178 superfastpath.py [line:225] one_slot INFO Entering slot 10 
2024-07-12 16:53:51,338 superfastpath.py [line:286] one_slot INFO Fast block at Node 6 for Epoch sidAFAST0 and Slot 9 has delay, TPS and TXs: 0.4619715213775635, 10000 
2024-07-12 16:53:51,338 superfastpath.py [line:288] one_slot INFO AVG TPS: 26006, delay: 0.701696 
2024-07-12 16:53:51,338 superfastpath.py [line:295] one_slot INFO Leaving slot 10 
2024-07-12 16:53:51,339 superfastpath.py [line:225] one_slot INFO Entering slot 11 
2024-07-12 16:53:51,424 superfastpath.py [line:286] one_slot INFO Fast block at Node 6 for Epoch sidAFAST0 and Slot 10 has delay, TPS and TXs: 0.2186431884765625, 10000 
2024-07-12 16:53:51,425 superfastpath.py [line:288] one_slot INFO AVG TPS: 28184, delay: 0.653390 
2024-07-12 16:53:51,426 superfastpath.py [line:295] one_slot INFO Leaving slot 11 
2024-07-12 16:53:51,426 superfastpath.py [line:359] sufastpath INFO Leaves fastpath at 12 slot 
2024-07-12 16:53:51,426 Superfast.py [line:308] wait_for_fastpath INFO Fastpath of epoch 0 completed 
2024-07-12 16:53:51,427 Superfast.py [line:336] _run_epoch INFO Fastpath tps: 28155 
2024-07-12 16:53:56,429 Superfast.py [line:208] run_bft INFO node 6 breaks in 8.553281 seconds in epoch 0 with total delivered Txs 100000 and average delay 0.653390 
