2022-07-13 04:05:35,071 socket_client_ng.py [line:156] run INFO node id 4 is running on pid 5133 
2022-07-13 04:05:35,071 socket_client_ng.py [line:47] _connect_and_send_forever INFO node 4's socket client starts to make outgoing connections on process id 5133 
2022-07-13 04:05:35,071 socket_client_ng.py [line:66] _connect INFO node 4's socket client starts to make outgoing connections to node 0 server 
2022-07-13 04:05:35,079 socket_client_ng.py [line:74] _connect INFO node 4's socket client made an outgoing connection to node 0 server 
2022-07-13 04:05:35,079 socket_client_ng.py [line:66] _connect INFO node 4's socket client starts to make outgoing connections to node 1 server 
2022-07-13 04:05:35,080 socket_client_ng.py [line:74] _connect INFO node 4's socket client made an outgoing connection to node 1 server 
2022-07-13 04:05:35,080 socket_client_ng.py [line:66] _connect INFO node 4's socket client starts to make outgoing connections to node 2 server 
2022-07-13 04:05:35,081 socket_client_ng.py [line:74] _connect INFO node 4's socket client made an outgoing connection to node 2 server 
2022-07-13 04:05:35,081 socket_client_ng.py [line:66] _connect INFO node 4's socket client starts to make outgoing connections to node 3 server 
2022-07-13 04:05:35,082 socket_client_ng.py [line:74] _connect INFO node 4's socket client made an outgoing connection to node 3 server 
2022-07-13 04:05:35,082 socket_client_ng.py [line:66] _connect INFO node 4's socket client starts to make outgoing connections to node 4 server 
2022-07-13 04:05:35,083 socket_client_ng.py [line:77] _connect INFO node 4's socket client fails to make connection to node 4 server 
2022-07-13 04:05:35,083 socket_client_ng.py [line:66] _connect INFO node 4's socket client starts to make outgoing connections to node 5 server 
2022-07-13 04:05:35,083 socket_client_ng.py [line:74] _connect INFO node 4's socket client made an outgoing connection to node 5 server 
2022-07-13 04:05:35,083 socket_client_ng.py [line:66] _connect INFO node 4's socket client starts to make outgoing connections to node 6 server 
2022-07-13 04:05:35,084 socket_client_ng.py [line:74] _connect INFO node 4's socket client made an outgoing connection to node 6 server 
2022-07-13 04:05:35,084 socket_client_ng.py [line:66] _connect INFO node 4's socket client starts to make outgoing connections to node 7 server 
2022-07-13 04:05:35,084 socket_client_ng.py [line:74] _connect INFO node 4's socket client made an outgoing connection to node 7 server 
2022-07-13 04:05:35,085 socket_client_ng.py [line:66] _connect INFO node 4's socket client starts to make outgoing connections to node 8 server 
2022-07-13 04:05:35,085 socket_client_ng.py [line:77] _connect INFO node 4's socket client fails to make connection to node 8 server 
2022-07-13 04:05:35,085 socket_client_ng.py [line:66] _connect INFO node 4's socket client starts to make outgoing connections to node 9 server 
2022-07-13 04:05:35,086 socket_client_ng.py [line:77] _connect INFO node 4's socket client fails to make connection to node 9 server 
2022-07-13 04:05:35,086 socket_client_ng.py [line:66] _connect INFO node 4's socket client starts to make outgoing connections to node 10 server 
2022-07-13 04:05:35,086 socket_client_ng.py [line:74] _connect INFO node 4's socket client made an outgoing connection to node 10 server 
2022-07-13 04:05:35,086 socket_client_ng.py [line:66] _connect INFO node 4's socket client starts to make outgoing connections to node 11 server 
2022-07-13 04:05:35,087 socket_client_ng.py [line:77] _connect INFO node 4's socket client fails to make connection to node 11 server 
2022-07-13 04:05:35,087 socket_client_ng.py [line:66] _connect INFO node 4's socket client starts to make outgoing connections to node 12 server 
2022-07-13 04:05:35,087 socket_client_ng.py [line:74] _connect INFO node 4's socket client made an outgoing connection to node 12 server 
2022-07-13 04:05:35,088 socket_client_ng.py [line:66] _connect INFO node 4's socket client starts to make outgoing connections to node 13 server 
2022-07-13 04:05:35,088 socket_client_ng.py [line:74] _connect INFO node 4's socket client made an outgoing connection to node 13 server 
2022-07-13 04:05:35,088 socket_client_ng.py [line:66] _connect INFO node 4's socket client starts to make outgoing connections to node 14 server 
2022-07-13 04:05:35,089 socket_client_ng.py [line:74] _connect INFO node 4's socket client made an outgoing connection to node 14 server 
2022-07-13 04:05:35,089 socket_client_ng.py [line:66] _connect INFO node 4's socket client starts to make outgoing connections to node 15 server 
2022-07-13 04:05:35,090 socket_client_ng.py [line:74] _connect INFO node 4's socket client made an outgoing connection to node 15 server 
2022-07-13 04:05:35,090 socket_client_ng.py [line:66] _connect INFO node 4's socket client starts to make outgoing connections to node 4 server 
2022-07-13 04:05:35,090 socket_client_ng.py [line:77] _connect INFO node 4's socket client fails to make connection to node 4 server 
2022-07-13 04:05:35,090 socket_client_ng.py [line:66] _connect INFO node 4's socket client starts to make outgoing connections to node 8 server 
2022-07-13 04:05:35,091 socket_client_ng.py [line:77] _connect INFO node 4's socket client fails to make connection to node 8 server 
2022-07-13 04:05:35,091 socket_client_ng.py [line:66] _connect INFO node 4's socket client starts to make outgoing connections to node 9 server 
2022-07-13 04:05:35,091 socket_client_ng.py [line:77] _connect INFO node 4's socket client fails to make connection to node 9 server 
2022-07-13 04:05:35,091 socket_client_ng.py [line:66] _connect INFO node 4's socket client starts to make outgoing connections to node 11 server 
2022-07-13 04:05:35,092 socket_client_ng.py [line:77] _connect INFO node 4's socket client fails to make connection to node 11 server 
2022-07-13 04:05:35,092 socket_client_ng.py [line:66] _connect INFO node 4's socket client starts to make outgoing connections to node 4 server 
2022-07-13 04:05:35,092 socket_client_ng.py [line:77] _connect INFO node 4's socket client fails to make connection to node 4 server 
2022-07-13 04:05:35,092 socket_client_ng.py [line:66] _connect INFO node 4's socket client starts to make outgoing connections to node 8 server 
2022-07-13 04:05:35,092 socket_client_ng.py [line:77] _connect INFO node 4's socket client fails to make connection to node 8 server 
2022-07-13 04:05:35,092 socket_client_ng.py [line:66] _connect INFO node 4's socket client starts to make outgoing connections to node 9 server 
2022-07-13 04:05:35,093 socket_client_ng.py [line:77] _connect INFO node 4's socket client fails to make connection to node 9 server 
2022-07-13 04:05:35,093 socket_client_ng.py [line:66] _connect INFO node 4's socket client starts to make outgoing connections to node 11 server 
2022-07-13 04:05:35,093 socket_client_ng.py [line:77] _connect INFO node 4's socket client fails to make connection to node 11 server 
2022-07-13 04:05:35,093 socket_client_ng.py [line:66] _connect INFO node 4's socket client starts to make outgoing connections to node 4 server 
2022-07-13 04:05:35,094 socket_client_ng.py [line:74] _connect INFO node 4's socket client made an outgoing connection to node 4 server 
2022-07-13 04:05:35,094 socket_client_ng.py [line:66] _connect INFO node 4's socket client starts to make outgoing connections to node 8 server 
2022-07-13 04:05:35,094 socket_client_ng.py [line:77] _connect INFO node 4's socket client fails to make connection to node 8 server 
2022-07-13 04:05:35,094 socket_client_ng.py [line:66] _connect INFO node 4's socket client starts to make outgoing connections to node 9 server 
2022-07-13 04:05:35,094 socket_client_ng.py [line:77] _connect INFO node 4's socket client fails to make connection to node 9 server 
2022-07-13 04:05:35,094 socket_client_ng.py [line:66] _connect INFO node 4's socket client starts to make outgoing connections to node 11 server 
2022-07-13 04:05:35,095 socket_client_ng.py [line:77] _connect INFO node 4's socket client fails to make connection to node 11 server 
2022-07-13 04:05:35,095 socket_client_ng.py [line:66] _connect INFO node 4's socket client starts to make outgoing connections to node 8 server 
2022-07-13 04:05:35,095 socket_client_ng.py [line:77] _connect INFO node 4's socket client fails to make connection to node 8 server 
2022-07-13 04:05:35,095 socket_client_ng.py [line:66] _connect INFO node 4's socket client starts to make outgoing connections to node 9 server 
2022-07-13 04:05:35,095 socket_client_ng.py [line:77] _connect INFO node 4's socket client fails to make connection to node 9 server 
2022-07-13 04:05:35,095 socket_client_ng.py [line:66] _connect INFO node 4's socket client starts to make outgoing connections to node 11 server 
2022-07-13 04:05:35,095 socket_client_ng.py [line:77] _connect INFO node 4's socket client fails to make connection to node 11 server 
2022-07-13 04:05:35,096 socket_client_ng.py [line:66] _connect INFO node 4's socket client starts to make outgoing connections to node 8 server 
2022-07-13 04:05:35,096 socket_client_ng.py [line:77] _connect INFO node 4's socket client fails to make connection to node 8 server 
2022-07-13 04:05:35,096 socket_client_ng.py [line:66] _connect INFO node 4's socket client starts to make outgoing connections to node 9 server 
2022-07-13 04:05:35,096 socket_client_ng.py [line:77] _connect INFO node 4's socket client fails to make connection to node 9 server 
2022-07-13 04:05:35,096 socket_client_ng.py [line:66] _connect INFO node 4's socket client starts to make outgoing connections to node 11 server 
2022-07-13 04:05:35,096 socket_client_ng.py [line:77] _connect INFO node 4's socket client fails to make connection to node 11 server 
2022-07-13 04:05:35,097 socket_client_ng.py [line:66] _connect INFO node 4's socket client starts to make outgoing connections to node 8 server 
2022-07-13 04:05:35,097 socket_client_ng.py [line:77] _connect INFO node 4's socket client fails to make connection to node 8 server 
2022-07-13 04:05:35,097 socket_client_ng.py [line:66] _connect INFO node 4's socket client starts to make outgoing connections to node 9 server 
2022-07-13 04:05:35,097 socket_client_ng.py [line:77] _connect INFO node 4's socket client fails to make connection to node 9 server 
2022-07-13 04:05:35,097 socket_client_ng.py [line:66] _connect INFO node 4's socket client starts to make outgoing connections to node 11 server 
2022-07-13 04:05:35,102 socket_client_ng.py [line:77] _connect INFO node 4's socket client fails to make connection to node 11 server 
2022-07-13 04:05:35,102 socket_client_ng.py [line:66] _connect INFO node 4's socket client starts to make outgoing connections to node 8 server 
2022-07-13 04:05:35,103 socket_client_ng.py [line:77] _connect INFO node 4's socket client fails to make connection to node 8 server 
2022-07-13 04:05:35,103 socket_client_ng.py [line:66] _connect INFO node 4's socket client starts to make outgoing connections to node 9 server 
2022-07-13 04:05:35,103 socket_client_ng.py [line:77] _connect INFO node 4's socket client fails to make connection to node 9 server 
2022-07-13 04:05:35,103 socket_client_ng.py [line:66] _connect INFO node 4's socket client starts to make outgoing connections to node 11 server 
2022-07-13 04:05:35,103 socket_client_ng.py [line:77] _connect INFO node 4's socket client fails to make connection to node 11 server 
2022-07-13 04:05:35,103 socket_client_ng.py [line:66] _connect INFO node 4's socket client starts to make outgoing connections to node 8 server 
2022-07-13 04:05:35,104 socket_client_ng.py [line:77] _connect INFO node 4's socket client fails to make connection to node 8 server 
2022-07-13 04:05:35,104 socket_client_ng.py [line:66] _connect INFO node 4's socket client starts to make outgoing connections to node 9 server 
2022-07-13 04:05:35,104 socket_client_ng.py [line:77] _connect INFO node 4's socket client fails to make connection to node 9 server 
2022-07-13 04:05:35,104 socket_client_ng.py [line:66] _connect INFO node 4's socket client starts to make outgoing connections to node 11 server 
2022-07-13 04:05:35,104 socket_client_ng.py [line:77] _connect INFO node 4's socket client fails to make connection to node 11 server 
2022-07-13 04:05:35,104 socket_client_ng.py [line:66] _connect INFO node 4's socket client starts to make outgoing connections to node 8 server 
2022-07-13 04:05:35,105 socket_client_ng.py [line:77] _connect INFO node 4's socket client fails to make connection to node 8 server 
2022-07-13 04:05:35,105 socket_client_ng.py [line:66] _connect INFO node 4's socket client starts to make outgoing connections to node 9 server 
2022-07-13 04:05:35,105 socket_client_ng.py [line:77] _connect INFO node 4's socket client fails to make connection to node 9 server 
2022-07-13 04:05:35,105 socket_client_ng.py [line:66] _connect INFO node 4's socket client starts to make outgoing connections to node 11 server 
2022-07-13 04:05:35,105 socket_client_ng.py [line:77] _connect INFO node 4's socket client fails to make connection to node 11 server 
2022-07-13 04:05:35,106 socket_client_ng.py [line:66] _connect INFO node 4's socket client starts to make outgoing connections to node 8 server 
2022-07-13 04:05:35,106 socket_client_ng.py [line:77] _connect INFO node 4's socket client fails to make connection to node 8 server 
2022-07-13 04:05:35,106 socket_client_ng.py [line:66] _connect INFO node 4's socket client starts to make outgoing connections to node 9 server 
2022-07-13 04:05:35,107 socket_client_ng.py [line:77] _connect INFO node 4's socket client fails to make connection to node 9 server 
2022-07-13 04:05:35,107 socket_client_ng.py [line:66] _connect INFO node 4's socket client starts to make outgoing connections to node 11 server 
2022-07-13 04:05:35,108 socket_client_ng.py [line:77] _connect INFO node 4's socket client fails to make connection to node 11 server 
2022-07-13 04:05:35,108 socket_client_ng.py [line:66] _connect INFO node 4's socket client starts to make outgoing connections to node 8 server 
2022-07-13 04:05:35,108 socket_client_ng.py [line:77] _connect INFO node 4's socket client fails to make connection to node 8 server 
2022-07-13 04:05:35,108 socket_client_ng.py [line:66] _connect INFO node 4's socket client starts to make outgoing connections to node 9 server 
2022-07-13 04:05:35,108 socket_client_ng.py [line:77] _connect INFO node 4's socket client fails to make connection to node 9 server 
2022-07-13 04:05:35,109 socket_client_ng.py [line:66] _connect INFO node 4's socket client starts to make outgoing connections to node 11 server 
2022-07-13 04:05:35,109 socket_client_ng.py [line:77] _connect INFO node 4's socket client fails to make connection to node 11 server 
2022-07-13 04:05:35,109 socket_client_ng.py [line:66] _connect INFO node 4's socket client starts to make outgoing connections to node 8 server 
2022-07-13 04:05:35,109 socket_client_ng.py [line:77] _connect INFO node 4's socket client fails to make connection to node 8 server 
2022-07-13 04:05:35,109 socket_client_ng.py [line:66] _connect INFO node 4's socket client starts to make outgoing connections to node 9 server 
2022-07-13 04:05:35,110 socket_client_ng.py [line:77] _connect INFO node 4's socket client fails to make connection to node 9 server 
2022-07-13 04:05:35,110 socket_client_ng.py [line:66] _connect INFO node 4's socket client starts to make outgoing connections to node 11 server 
2022-07-13 04:05:35,110 socket_client_ng.py [line:77] _connect INFO node 4's socket client fails to make connection to node 11 server 
2022-07-13 04:05:35,110 socket_client_ng.py [line:66] _connect INFO node 4's socket client starts to make outgoing connections to node 8 server 
2022-07-13 04:05:35,110 socket_client_ng.py [line:77] _connect INFO node 4's socket client fails to make connection to node 8 server 
2022-07-13 04:05:35,110 socket_client_ng.py [line:66] _connect INFO node 4's socket client starts to make outgoing connections to node 9 server 
2022-07-13 04:05:35,111 socket_client_ng.py [line:77] _connect INFO node 4's socket client fails to make connection to node 9 server 
2022-07-13 04:05:35,111 socket_client_ng.py [line:66] _connect INFO node 4's socket client starts to make outgoing connections to node 11 server 
2022-07-13 04:05:35,111 socket_client_ng.py [line:77] _connect INFO node 4's socket client fails to make connection to node 11 server 
2022-07-13 04:05:35,111 socket_client_ng.py [line:66] _connect INFO node 4's socket client starts to make outgoing connections to node 8 server 
2022-07-13 04:05:35,111 socket_client_ng.py [line:77] _connect INFO node 4's socket client fails to make connection to node 8 server 
2022-07-13 04:05:35,111 socket_client_ng.py [line:66] _connect INFO node 4's socket client starts to make outgoing connections to node 9 server 
2022-07-13 04:05:35,112 socket_client_ng.py [line:77] _connect INFO node 4's socket client fails to make connection to node 9 server 
2022-07-13 04:05:35,112 socket_client_ng.py [line:66] _connect INFO node 4's socket client starts to make outgoing connections to node 11 server 
2022-07-13 04:05:35,112 socket_client_ng.py [line:77] _connect INFO node 4's socket client fails to make connection to node 11 server 
2022-07-13 04:05:35,112 socket_client_ng.py [line:66] _connect INFO node 4's socket client starts to make outgoing connections to node 8 server 
2022-07-13 04:05:35,112 socket_client_ng.py [line:77] _connect INFO node 4's socket client fails to make connection to node 8 server 
2022-07-13 04:05:35,112 socket_client_ng.py [line:66] _connect INFO node 4's socket client starts to make outgoing connections to node 9 server 
2022-07-13 04:05:35,113 socket_client_ng.py [line:77] _connect INFO node 4's socket client fails to make connection to node 9 server 
2022-07-13 04:05:35,113 socket_client_ng.py [line:66] _connect INFO node 4's socket client starts to make outgoing connections to node 11 server 
2022-07-13 04:05:35,113 socket_client_ng.py [line:77] _connect INFO node 4's socket client fails to make connection to node 11 server 
2022-07-13 04:05:35,113 socket_client_ng.py [line:66] _connect INFO node 4's socket client starts to make outgoing connections to node 8 server 
2022-07-13 04:05:35,113 socket_client_ng.py [line:77] _connect INFO node 4's socket client fails to make connection to node 8 server 
2022-07-13 04:05:35,113 socket_client_ng.py [line:66] _connect INFO node 4's socket client starts to make outgoing connections to node 9 server 
2022-07-13 04:05:35,114 socket_client_ng.py [line:77] _connect INFO node 4's socket client fails to make connection to node 9 server 
2022-07-13 04:05:35,114 socket_client_ng.py [line:66] _connect INFO node 4's socket client starts to make outgoing connections to node 11 server 
2022-07-13 04:05:35,114 socket_client_ng.py [line:77] _connect INFO node 4's socket client fails to make connection to node 11 server 
2022-07-13 04:05:35,114 socket_client_ng.py [line:66] _connect INFO node 4's socket client starts to make outgoing connections to node 8 server 
2022-07-13 04:05:35,114 socket_client_ng.py [line:77] _connect INFO node 4's socket client fails to make connection to node 8 server 
2022-07-13 04:05:35,114 socket_client_ng.py [line:66] _connect INFO node 4's socket client starts to make outgoing connections to node 9 server 
2022-07-13 04:05:35,115 socket_client_ng.py [line:77] _connect INFO node 4's socket client fails to make connection to node 9 server 
2022-07-13 04:05:35,115 socket_client_ng.py [line:66] _connect INFO node 4's socket client starts to make outgoing connections to node 11 server 
2022-07-13 04:05:35,115 socket_client_ng.py [line:77] _connect INFO node 4's socket client fails to make connection to node 11 server 
2022-07-13 04:05:35,115 socket_client_ng.py [line:66] _connect INFO node 4's socket client starts to make outgoing connections to node 8 server 
2022-07-13 04:05:35,115 socket_client_ng.py [line:77] _connect INFO node 4's socket client fails to make connection to node 8 server 
2022-07-13 04:05:35,115 socket_client_ng.py [line:66] _connect INFO node 4's socket client starts to make outgoing connections to node 9 server 
2022-07-13 04:05:35,116 socket_client_ng.py [line:77] _connect INFO node 4's socket client fails to make connection to node 9 server 
2022-07-13 04:05:35,116 socket_client_ng.py [line:66] _connect INFO node 4's socket client starts to make outgoing connections to node 11 server 
2022-07-13 04:05:35,116 socket_client_ng.py [line:77] _connect INFO node 4's socket client fails to make connection to node 11 server 
2022-07-13 04:05:35,116 socket_client_ng.py [line:66] _connect INFO node 4's socket client starts to make outgoing connections to node 8 server 
2022-07-13 04:05:35,116 socket_client_ng.py [line:77] _connect INFO node 4's socket client fails to make connection to node 8 server 
2022-07-13 04:05:35,116 socket_client_ng.py [line:66] _connect INFO node 4's socket client starts to make outgoing connections to node 9 server 
2022-07-13 04:05:35,117 socket_client_ng.py [line:77] _connect INFO node 4's socket client fails to make connection to node 9 server 
2022-07-13 04:05:35,117 socket_client_ng.py [line:66] _connect INFO node 4's socket client starts to make outgoing connections to node 11 server 
2022-07-13 04:05:35,117 socket_client_ng.py [line:77] _connect INFO node 4's socket client fails to make connection to node 11 server 
2022-07-13 04:05:35,117 socket_client_ng.py [line:66] _connect INFO node 4's socket client starts to make outgoing connections to node 8 server 
2022-07-13 04:05:35,117 socket_client_ng.py [line:77] _connect INFO node 4's socket client fails to make connection to node 8 server 
2022-07-13 04:05:35,118 socket_client_ng.py [line:66] _connect INFO node 4's socket client starts to make outgoing connections to node 9 server 
2022-07-13 04:05:35,118 socket_client_ng.py [line:77] _connect INFO node 4's socket client fails to make connection to node 9 server 
2022-07-13 04:05:35,118 socket_client_ng.py [line:66] _connect INFO node 4's socket client starts to make outgoing connections to node 11 server 
2022-07-13 04:05:35,118 socket_client_ng.py [line:77] _connect INFO node 4's socket client fails to make connection to node 11 server 
2022-07-13 04:05:35,118 socket_client_ng.py [line:66] _connect INFO node 4's socket client starts to make outgoing connections to node 8 server 
2022-07-13 04:05:35,119 socket_client_ng.py [line:77] _connect INFO node 4's socket client fails to make connection to node 8 server 
2022-07-13 04:05:35,119 socket_client_ng.py [line:66] _connect INFO node 4's socket client starts to make outgoing connections to node 9 server 
2022-07-13 04:05:35,119 socket_client_ng.py [line:77] _connect INFO node 4's socket client fails to make connection to node 9 server 
2022-07-13 04:05:35,119 socket_client_ng.py [line:66] _connect INFO node 4's socket client starts to make outgoing connections to node 11 server 
2022-07-13 04:05:35,120 socket_client_ng.py [line:77] _connect INFO node 4's socket client fails to make connection to node 11 server 
2022-07-13 04:05:35,120 socket_client_ng.py [line:66] _connect INFO node 4's socket client starts to make outgoing connections to node 8 server 
2022-07-13 04:05:35,120 socket_client_ng.py [line:77] _connect INFO node 4's socket client fails to make connection to node 8 server 
2022-07-13 04:05:35,120 socket_client_ng.py [line:66] _connect INFO node 4's socket client starts to make outgoing connections to node 9 server 
2022-07-13 04:05:35,120 socket_client_ng.py [line:77] _connect INFO node 4's socket client fails to make connection to node 9 server 
2022-07-13 04:05:35,121 socket_client_ng.py [line:66] _connect INFO node 4's socket client starts to make outgoing connections to node 11 server 
2022-07-13 04:05:35,121 socket_client_ng.py [line:77] _connect INFO node 4's socket client fails to make connection to node 11 server 
2022-07-13 04:05:35,121 socket_client_ng.py [line:66] _connect INFO node 4's socket client starts to make outgoing connections to node 8 server 
2022-07-13 04:05:35,121 socket_client_ng.py [line:77] _connect INFO node 4's socket client fails to make connection to node 8 server 
2022-07-13 04:05:35,122 socket_client_ng.py [line:66] _connect INFO node 4's socket client starts to make outgoing connections to node 9 server 
2022-07-13 04:05:35,122 socket_client_ng.py [line:77] _connect INFO node 4's socket client fails to make connection to node 9 server 
2022-07-13 04:05:35,122 socket_client_ng.py [line:66] _connect INFO node 4's socket client starts to make outgoing connections to node 11 server 
2022-07-13 04:05:35,123 socket_client_ng.py [line:77] _connect INFO node 4's socket client fails to make connection to node 11 server 
2022-07-13 04:05:35,123 socket_client_ng.py [line:66] _connect INFO node 4's socket client starts to make outgoing connections to node 8 server 
2022-07-13 04:05:35,123 socket_client_ng.py [line:77] _connect INFO node 4's socket client fails to make connection to node 8 server 
2022-07-13 04:05:35,123 socket_client_ng.py [line:66] _connect INFO node 4's socket client starts to make outgoing connections to node 9 server 
2022-07-13 04:05:35,124 socket_client_ng.py [line:77] _connect INFO node 4's socket client fails to make connection to node 9 server 
2022-07-13 04:05:35,124 socket_client_ng.py [line:66] _connect INFO node 4's socket client starts to make outgoing connections to node 11 server 
2022-07-13 04:05:35,124 socket_client_ng.py [line:77] _connect INFO node 4's socket client fails to make connection to node 11 server 
2022-07-13 04:05:35,124 socket_client_ng.py [line:66] _connect INFO node 4's socket client starts to make outgoing connections to node 8 server 
2022-07-13 04:05:35,125 socket_client_ng.py [line:77] _connect INFO node 4's socket client fails to make connection to node 8 server 
2022-07-13 04:05:35,125 socket_client_ng.py [line:66] _connect INFO node 4's socket client starts to make outgoing connections to node 9 server 
2022-07-13 04:05:35,125 socket_client_ng.py [line:77] _connect INFO node 4's socket client fails to make connection to node 9 server 
2022-07-13 04:05:35,125 socket_client_ng.py [line:66] _connect INFO node 4's socket client starts to make outgoing connections to node 11 server 
2022-07-13 04:05:35,126 socket_client_ng.py [line:77] _connect INFO node 4's socket client fails to make connection to node 11 server 
2022-07-13 04:05:35,126 socket_client_ng.py [line:66] _connect INFO node 4's socket client starts to make outgoing connections to node 8 server 
2022-07-13 04:05:35,126 socket_client_ng.py [line:77] _connect INFO node 4's socket client fails to make connection to node 8 server 
2022-07-13 04:05:35,126 socket_client_ng.py [line:66] _connect INFO node 4's socket client starts to make outgoing connections to node 9 server 
2022-07-13 04:05:35,126 socket_client_ng.py [line:77] _connect INFO node 4's socket client fails to make connection to node 9 server 
2022-07-13 04:05:35,126 socket_client_ng.py [line:66] _connect INFO node 4's socket client starts to make outgoing connections to node 11 server 
2022-07-13 04:05:35,127 socket_client_ng.py [line:77] _connect INFO node 4's socket client fails to make connection to node 11 server 
2022-07-13 04:05:35,127 socket_client_ng.py [line:66] _connect INFO node 4's socket client starts to make outgoing connections to node 8 server 
2022-07-13 04:05:35,127 socket_client_ng.py [line:77] _connect INFO node 4's socket client fails to make connection to node 8 server 
2022-07-13 04:05:35,127 socket_client_ng.py [line:66] _connect INFO node 4's socket client starts to make outgoing connections to node 9 server 
2022-07-13 04:05:35,127 socket_client_ng.py [line:77] _connect INFO node 4's socket client fails to make connection to node 9 server 
2022-07-13 04:05:35,127 socket_client_ng.py [line:66] _connect INFO node 4's socket client starts to make outgoing connections to node 11 server 
2022-07-13 04:05:35,128 socket_client_ng.py [line:77] _connect INFO node 4's socket client fails to make connection to node 11 server 
2022-07-13 04:05:35,128 socket_client_ng.py [line:66] _connect INFO node 4's socket client starts to make outgoing connections to node 8 server 
2022-07-13 04:05:35,128 socket_client_ng.py [line:77] _connect INFO node 4's socket client fails to make connection to node 8 server 
2022-07-13 04:05:35,128 socket_client_ng.py [line:66] _connect INFO node 4's socket client starts to make outgoing connections to node 9 server 
2022-07-13 04:05:35,128 socket_client_ng.py [line:77] _connect INFO node 4's socket client fails to make connection to node 9 server 
2022-07-13 04:05:35,128 socket_client_ng.py [line:66] _connect INFO node 4's socket client starts to make outgoing connections to node 11 server 
2022-07-13 04:05:35,129 socket_client_ng.py [line:77] _connect INFO node 4's socket client fails to make connection to node 11 server 
2022-07-13 04:05:35,129 socket_client_ng.py [line:66] _connect INFO node 4's socket client starts to make outgoing connections to node 8 server 
2022-07-13 04:05:35,129 socket_client_ng.py [line:77] _connect INFO node 4's socket client fails to make connection to node 8 server 
2022-07-13 04:05:35,129 socket_client_ng.py [line:66] _connect INFO node 4's socket client starts to make outgoing connections to node 9 server 
2022-07-13 04:05:35,129 socket_client_ng.py [line:77] _connect INFO node 4's socket client fails to make connection to node 9 server 
2022-07-13 04:05:35,129 socket_client_ng.py [line:66] _connect INFO node 4's socket client starts to make outgoing connections to node 11 server 
2022-07-13 04:05:35,130 socket_client_ng.py [line:77] _connect INFO node 4's socket client fails to make connection to node 11 server 
2022-07-13 04:05:35,130 socket_client_ng.py [line:66] _connect INFO node 4's socket client starts to make outgoing connections to node 8 server 
2022-07-13 04:05:35,130 socket_client_ng.py [line:77] _connect INFO node 4's socket client fails to make connection to node 8 server 
2022-07-13 04:05:35,130 socket_client_ng.py [line:66] _connect INFO node 4's socket client starts to make outgoing connections to node 9 server 
2022-07-13 04:05:35,130 socket_client_ng.py [line:77] _connect INFO node 4's socket client fails to make connection to node 9 server 
2022-07-13 04:05:35,130 socket_client_ng.py [line:66] _connect INFO node 4's socket client starts to make outgoing connections to node 11 server 
2022-07-13 04:05:35,131 socket_client_ng.py [line:77] _connect INFO node 4's socket client fails to make connection to node 11 server 
2022-07-13 04:05:35,131 socket_client_ng.py [line:66] _connect INFO node 4's socket client starts to make outgoing connections to node 8 server 
2022-07-13 04:05:35,131 socket_client_ng.py [line:77] _connect INFO node 4's socket client fails to make connection to node 8 server 
2022-07-13 04:05:35,131 socket_client_ng.py [line:66] _connect INFO node 4's socket client starts to make outgoing connections to node 9 server 
2022-07-13 04:05:35,131 socket_client_ng.py [line:77] _connect INFO node 4's socket client fails to make connection to node 9 server 
2022-07-13 04:05:35,132 socket_client_ng.py [line:66] _connect INFO node 4's socket client starts to make outgoing connections to node 11 server 
2022-07-13 04:05:35,132 socket_client_ng.py [line:77] _connect INFO node 4's socket client fails to make connection to node 11 server 
2022-07-13 04:05:35,132 socket_client_ng.py [line:66] _connect INFO node 4's socket client starts to make outgoing connections to node 8 server 
2022-07-13 04:05:35,132 socket_client_ng.py [line:77] _connect INFO node 4's socket client fails to make connection to node 8 server 
2022-07-13 04:05:35,132 socket_client_ng.py [line:66] _connect INFO node 4's socket client starts to make outgoing connections to node 9 server 
2022-07-13 04:05:35,133 socket_client_ng.py [line:77] _connect INFO node 4's socket client fails to make connection to node 9 server 
2022-07-13 04:05:35,133 socket_client_ng.py [line:66] _connect INFO node 4's socket client starts to make outgoing connections to node 11 server 
2022-07-13 04:05:35,133 socket_client_ng.py [line:77] _connect INFO node 4's socket client fails to make connection to node 11 server 
2022-07-13 04:05:35,133 socket_client_ng.py [line:66] _connect INFO node 4's socket client starts to make outgoing connections to node 8 server 
2022-07-13 04:05:35,134 socket_client_ng.py [line:77] _connect INFO node 4's socket client fails to make connection to node 8 server 
2022-07-13 04:05:35,134 socket_client_ng.py [line:66] _connect INFO node 4's socket client starts to make outgoing connections to node 9 server 
2022-07-13 04:05:35,135 socket_client_ng.py [line:77] _connect INFO node 4's socket client fails to make connection to node 9 server 
2022-07-13 04:05:35,135 socket_client_ng.py [line:66] _connect INFO node 4's socket client starts to make outgoing connections to node 11 server 
2022-07-13 04:05:35,135 socket_client_ng.py [line:77] _connect INFO node 4's socket client fails to make connection to node 11 server 
2022-07-13 04:05:35,135 socket_client_ng.py [line:66] _connect INFO node 4's socket client starts to make outgoing connections to node 8 server 
2022-07-13 04:05:35,136 socket_client_ng.py [line:77] _connect INFO node 4's socket client fails to make connection to node 8 server 
2022-07-13 04:05:35,136 socket_client_ng.py [line:66] _connect INFO node 4's socket client starts to make outgoing connections to node 9 server 
2022-07-13 04:05:35,136 socket_client_ng.py [line:77] _connect INFO node 4's socket client fails to make connection to node 9 server 
2022-07-13 04:05:35,136 socket_client_ng.py [line:66] _connect INFO node 4's socket client starts to make outgoing connections to node 11 server 
2022-07-13 04:05:35,137 socket_client_ng.py [line:77] _connect INFO node 4's socket client fails to make connection to node 11 server 
2022-07-13 04:05:35,137 socket_client_ng.py [line:66] _connect INFO node 4's socket client starts to make outgoing connections to node 8 server 
2022-07-13 04:05:35,137 socket_client_ng.py [line:77] _connect INFO node 4's socket client fails to make connection to node 8 server 
2022-07-13 04:05:35,137 socket_client_ng.py [line:66] _connect INFO node 4's socket client starts to make outgoing connections to node 9 server 
2022-07-13 04:05:35,138 socket_client_ng.py [line:77] _connect INFO node 4's socket client fails to make connection to node 9 server 
2022-07-13 04:05:35,138 socket_client_ng.py [line:66] _connect INFO node 4's socket client starts to make outgoing connections to node 11 server 
2022-07-13 04:05:35,139 socket_client_ng.py [line:77] _connect INFO node 4's socket client fails to make connection to node 11 server 
2022-07-13 04:05:35,139 socket_client_ng.py [line:66] _connect INFO node 4's socket client starts to make outgoing connections to node 8 server 
2022-07-13 04:05:35,140 socket_client_ng.py [line:77] _connect INFO node 4's socket client fails to make connection to node 8 server 
2022-07-13 04:05:35,140 socket_client_ng.py [line:66] _connect INFO node 4's socket client starts to make outgoing connections to node 9 server 
2022-07-13 04:05:35,141 socket_client_ng.py [line:77] _connect INFO node 4's socket client fails to make connection to node 9 server 
2022-07-13 04:05:35,141 socket_client_ng.py [line:66] _connect INFO node 4's socket client starts to make outgoing connections to node 11 server 
2022-07-13 04:05:35,141 socket_client_ng.py [line:77] _connect INFO node 4's socket client fails to make connection to node 11 server 
2022-07-13 04:05:35,141 socket_client_ng.py [line:66] _connect INFO node 4's socket client starts to make outgoing connections to node 8 server 
2022-07-13 04:05:35,141 socket_client_ng.py [line:77] _connect INFO node 4's socket client fails to make connection to node 8 server 
2022-07-13 04:05:35,142 socket_client_ng.py [line:66] _connect INFO node 4's socket client starts to make outgoing connections to node 9 server 
2022-07-13 04:05:35,142 socket_client_ng.py [line:77] _connect INFO node 4's socket client fails to make connection to node 9 server 
2022-07-13 04:05:35,142 socket_client_ng.py [line:66] _connect INFO node 4's socket client starts to make outgoing connections to node 11 server 
2022-07-13 04:05:35,142 socket_client_ng.py [line:77] _connect INFO node 4's socket client fails to make connection to node 11 server 
2022-07-13 04:05:35,142 socket_client_ng.py [line:66] _connect INFO node 4's socket client starts to make outgoing connections to node 8 server 
2022-07-13 04:05:35,143 socket_client_ng.py [line:77] _connect INFO node 4's socket client fails to make connection to node 8 server 
2022-07-13 04:05:35,143 socket_client_ng.py [line:66] _connect INFO node 4's socket client starts to make outgoing connections to node 9 server 
2022-07-13 04:05:35,143 socket_client_ng.py [line:77] _connect INFO node 4's socket client fails to make connection to node 9 server 
2022-07-13 04:05:35,143 socket_client_ng.py [line:66] _connect INFO node 4's socket client starts to make outgoing connections to node 11 server 
2022-07-13 04:05:35,143 socket_client_ng.py [line:77] _connect INFO node 4's socket client fails to make connection to node 11 server 
2022-07-13 04:05:35,143 socket_client_ng.py [line:66] _connect INFO node 4's socket client starts to make outgoing connections to node 8 server 
2022-07-13 04:05:35,144 socket_client_ng.py [line:77] _connect INFO node 4's socket client fails to make connection to node 8 server 
2022-07-13 04:05:35,144 socket_client_ng.py [line:66] _connect INFO node 4's socket client starts to make outgoing connections to node 9 server 
2022-07-13 04:05:35,144 socket_client_ng.py [line:77] _connect INFO node 4's socket client fails to make connection to node 9 server 
2022-07-13 04:05:35,144 socket_client_ng.py [line:66] _connect INFO node 4's socket client starts to make outgoing connections to node 11 server 
2022-07-13 04:05:35,145 socket_client_ng.py [line:77] _connect INFO node 4's socket client fails to make connection to node 11 server 
2022-07-13 04:05:35,145 socket_client_ng.py [line:66] _connect INFO node 4's socket client starts to make outgoing connections to node 8 server 
2022-07-13 04:05:35,145 socket_client_ng.py [line:77] _connect INFO node 4's socket client fails to make connection to node 8 server 
2022-07-13 04:05:35,145 socket_client_ng.py [line:66] _connect INFO node 4's socket client starts to make outgoing connections to node 9 server 
2022-07-13 04:05:35,145 socket_client_ng.py [line:77] _connect INFO node 4's socket client fails to make connection to node 9 server 
2022-07-13 04:05:35,145 socket_client_ng.py [line:66] _connect INFO node 4's socket client starts to make outgoing connections to node 11 server 
2022-07-13 04:05:35,146 socket_client_ng.py [line:77] _connect INFO node 4's socket client fails to make connection to node 11 server 
2022-07-13 04:05:35,146 socket_client_ng.py [line:66] _connect INFO node 4's socket client starts to make outgoing connections to node 8 server 
2022-07-13 04:05:35,146 socket_client_ng.py [line:77] _connect INFO node 4's socket client fails to make connection to node 8 server 
2022-07-13 04:05:35,146 socket_client_ng.py [line:66] _connect INFO node 4's socket client starts to make outgoing connections to node 9 server 
2022-07-13 04:05:35,146 socket_client_ng.py [line:77] _connect INFO node 4's socket client fails to make connection to node 9 server 
2022-07-13 04:05:35,147 socket_client_ng.py [line:66] _connect INFO node 4's socket client starts to make outgoing connections to node 11 server 
2022-07-13 04:05:35,147 socket_client_ng.py [line:77] _connect INFO node 4's socket client fails to make connection to node 11 server 
2022-07-13 04:05:35,147 socket_client_ng.py [line:66] _connect INFO node 4's socket client starts to make outgoing connections to node 8 server 
2022-07-13 04:05:35,147 socket_client_ng.py [line:77] _connect INFO node 4's socket client fails to make connection to node 8 server 
2022-07-13 04:05:35,147 socket_client_ng.py [line:66] _connect INFO node 4's socket client starts to make outgoing connections to node 9 server 
2022-07-13 04:05:35,148 socket_client_ng.py [line:77] _connect INFO node 4's socket client fails to make connection to node 9 server 
2022-07-13 04:05:35,148 socket_client_ng.py [line:66] _connect INFO node 4's socket client starts to make outgoing connections to node 11 server 
2022-07-13 04:05:35,148 socket_client_ng.py [line:77] _connect INFO node 4's socket client fails to make connection to node 11 server 
2022-07-13 04:05:35,148 socket_client_ng.py [line:66] _connect INFO node 4's socket client starts to make outgoing connections to node 8 server 
2022-07-13 04:05:35,148 socket_client_ng.py [line:77] _connect INFO node 4's socket client fails to make connection to node 8 server 
2022-07-13 04:05:35,149 socket_client_ng.py [line:66] _connect INFO node 4's socket client starts to make outgoing connections to node 9 server 
2022-07-13 04:05:35,149 socket_client_ng.py [line:77] _connect INFO node 4's socket client fails to make connection to node 9 server 
2022-07-13 04:05:35,149 socket_client_ng.py [line:66] _connect INFO node 4's socket client starts to make outgoing connections to node 11 server 
2022-07-13 04:05:35,149 socket_client_ng.py [line:77] _connect INFO node 4's socket client fails to make connection to node 11 server 
2022-07-13 04:05:35,149 socket_client_ng.py [line:66] _connect INFO node 4's socket client starts to make outgoing connections to node 8 server 
2022-07-13 04:05:35,150 socket_client_ng.py [line:77] _connect INFO node 4's socket client fails to make connection to node 8 server 
2022-07-13 04:05:35,150 socket_client_ng.py [line:66] _connect INFO node 4's socket client starts to make outgoing connections to node 9 server 
2022-07-13 04:05:35,150 socket_client_ng.py [line:77] _connect INFO node 4's socket client fails to make connection to node 9 server 
2022-07-13 04:05:35,150 socket_client_ng.py [line:66] _connect INFO node 4's socket client starts to make outgoing connections to node 11 server 
2022-07-13 04:05:35,150 socket_client_ng.py [line:77] _connect INFO node 4's socket client fails to make connection to node 11 server 
2022-07-13 04:05:35,151 socket_client_ng.py [line:66] _connect INFO node 4's socket client starts to make outgoing connections to node 8 server 
2022-07-13 04:05:35,151 socket_client_ng.py [line:77] _connect INFO node 4's socket client fails to make connection to node 8 server 
2022-07-13 04:05:35,151 socket_client_ng.py [line:66] _connect INFO node 4's socket client starts to make outgoing connections to node 9 server 
2022-07-13 04:05:35,151 socket_client_ng.py [line:77] _connect INFO node 4's socket client fails to make connection to node 9 server 
2022-07-13 04:05:35,151 socket_client_ng.py [line:66] _connect INFO node 4's socket client starts to make outgoing connections to node 11 server 
2022-07-13 04:05:35,152 socket_client_ng.py [line:77] _connect INFO node 4's socket client fails to make connection to node 11 server 
2022-07-13 04:05:35,152 socket_client_ng.py [line:66] _connect INFO node 4's socket client starts to make outgoing connections to node 8 server 
2022-07-13 04:05:35,152 socket_client_ng.py [line:77] _connect INFO node 4's socket client fails to make connection to node 8 server 
2022-07-13 04:05:35,152 socket_client_ng.py [line:66] _connect INFO node 4's socket client starts to make outgoing connections to node 9 server 
2022-07-13 04:05:35,153 socket_client_ng.py [line:77] _connect INFO node 4's socket client fails to make connection to node 9 server 
2022-07-13 04:05:35,153 socket_client_ng.py [line:66] _connect INFO node 4's socket client starts to make outgoing connections to node 11 server 
2022-07-13 04:05:35,153 socket_client_ng.py [line:77] _connect INFO node 4's socket client fails to make connection to node 11 server 
2022-07-13 04:05:35,153 socket_client_ng.py [line:66] _connect INFO node 4's socket client starts to make outgoing connections to node 8 server 
2022-07-13 04:05:35,153 socket_client_ng.py [line:77] _connect INFO node 4's socket client fails to make connection to node 8 server 
2022-07-13 04:05:35,153 socket_client_ng.py [line:66] _connect INFO node 4's socket client starts to make outgoing connections to node 9 server 
2022-07-13 04:05:35,154 socket_client_ng.py [line:77] _connect INFO node 4's socket client fails to make connection to node 9 server 
2022-07-13 04:05:35,154 socket_client_ng.py [line:66] _connect INFO node 4's socket client starts to make outgoing connections to node 11 server 
2022-07-13 04:05:35,154 socket_client_ng.py [line:77] _connect INFO node 4's socket client fails to make connection to node 11 server 
2022-07-13 04:05:35,154 socket_client_ng.py [line:66] _connect INFO node 4's socket client starts to make outgoing connections to node 8 server 
2022-07-13 04:05:35,155 socket_client_ng.py [line:77] _connect INFO node 4's socket client fails to make connection to node 8 server 
2022-07-13 04:05:35,155 socket_client_ng.py [line:66] _connect INFO node 4's socket client starts to make outgoing connections to node 9 server 
2022-07-13 04:05:35,155 socket_client_ng.py [line:77] _connect INFO node 4's socket client fails to make connection to node 9 server 
2022-07-13 04:05:35,155 socket_client_ng.py [line:66] _connect INFO node 4's socket client starts to make outgoing connections to node 11 server 
2022-07-13 04:05:35,155 socket_client_ng.py [line:77] _connect INFO node 4's socket client fails to make connection to node 11 server 
2022-07-13 04:05:35,155 socket_client_ng.py [line:66] _connect INFO node 4's socket client starts to make outgoing connections to node 8 server 
2022-07-13 04:05:35,156 socket_client_ng.py [line:77] _connect INFO node 4's socket client fails to make connection to node 8 server 
2022-07-13 04:05:35,156 socket_client_ng.py [line:66] _connect INFO node 4's socket client starts to make outgoing connections to node 9 server 
2022-07-13 04:05:35,156 socket_client_ng.py [line:77] _connect INFO node 4's socket client fails to make connection to node 9 server 
2022-07-13 04:05:35,156 socket_client_ng.py [line:66] _connect INFO node 4's socket client starts to make outgoing connections to node 11 server 
2022-07-13 04:05:35,156 socket_client_ng.py [line:77] _connect INFO node 4's socket client fails to make connection to node 11 server 
2022-07-13 04:05:35,157 socket_client_ng.py [line:66] _connect INFO node 4's socket client starts to make outgoing connections to node 8 server 
2022-07-13 04:05:35,157 socket_client_ng.py [line:77] _connect INFO node 4's socket client fails to make connection to node 8 server 
2022-07-13 04:05:35,157 socket_client_ng.py [line:66] _connect INFO node 4's socket client starts to make outgoing connections to node 9 server 
2022-07-13 04:05:35,157 socket_client_ng.py [line:77] _connect INFO node 4's socket client fails to make connection to node 9 server 
2022-07-13 04:05:35,157 socket_client_ng.py [line:66] _connect INFO node 4's socket client starts to make outgoing connections to node 11 server 
2022-07-13 04:05:35,158 socket_client_ng.py [line:77] _connect INFO node 4's socket client fails to make connection to node 11 server 
2022-07-13 04:05:35,158 socket_client_ng.py [line:66] _connect INFO node 4's socket client starts to make outgoing connections to node 8 server 
2022-07-13 04:05:35,158 socket_client_ng.py [line:77] _connect INFO node 4's socket client fails to make connection to node 8 server 
2022-07-13 04:05:35,158 socket_client_ng.py [line:66] _connect INFO node 4's socket client starts to make outgoing connections to node 9 server 
2022-07-13 04:05:35,159 socket_client_ng.py [line:77] _connect INFO node 4's socket client fails to make connection to node 9 server 
2022-07-13 04:05:35,159 socket_client_ng.py [line:66] _connect INFO node 4's socket client starts to make outgoing connections to node 11 server 
2022-07-13 04:05:35,159 socket_client_ng.py [line:77] _connect INFO node 4's socket client fails to make connection to node 11 server 
2022-07-13 04:05:35,159 socket_client_ng.py [line:66] _connect INFO node 4's socket client starts to make outgoing connections to node 8 server 
2022-07-13 04:05:35,161 socket_client_ng.py [line:77] _connect INFO node 4's socket client fails to make connection to node 8 server 
2022-07-13 04:05:35,161 socket_client_ng.py [line:66] _connect INFO node 4's socket client starts to make outgoing connections to node 9 server 
2022-07-13 04:05:35,161 socket_client_ng.py [line:77] _connect INFO node 4's socket client fails to make connection to node 9 server 
2022-07-13 04:05:35,161 socket_client_ng.py [line:66] _connect INFO node 4's socket client starts to make outgoing connections to node 11 server 
2022-07-13 04:05:35,162 socket_client_ng.py [line:77] _connect INFO node 4's socket client fails to make connection to node 11 server 
2022-07-13 04:05:35,162 socket_client_ng.py [line:66] _connect INFO node 4's socket client starts to make outgoing connections to node 8 server 
2022-07-13 04:05:35,167 socket_client_ng.py [line:77] _connect INFO node 4's socket client fails to make connection to node 8 server 
2022-07-13 04:05:35,167 socket_client_ng.py [line:66] _connect INFO node 4's socket client starts to make outgoing connections to node 9 server 
2022-07-13 04:05:35,168 socket_client_ng.py [line:77] _connect INFO node 4's socket client fails to make connection to node 9 server 
2022-07-13 04:05:35,168 socket_client_ng.py [line:66] _connect INFO node 4's socket client starts to make outgoing connections to node 11 server 
2022-07-13 04:05:35,168 socket_client_ng.py [line:77] _connect INFO node 4's socket client fails to make connection to node 11 server 
2022-07-13 04:05:35,168 socket_client_ng.py [line:66] _connect INFO node 4's socket client starts to make outgoing connections to node 8 server 
2022-07-13 04:05:35,168 socket_client_ng.py [line:77] _connect INFO node 4's socket client fails to make connection to node 8 server 
2022-07-13 04:05:35,169 socket_client_ng.py [line:66] _connect INFO node 4's socket client starts to make outgoing connections to node 9 server 
2022-07-13 04:05:35,169 socket_client_ng.py [line:77] _connect INFO node 4's socket client fails to make connection to node 9 server 
2022-07-13 04:05:35,169 socket_client_ng.py [line:66] _connect INFO node 4's socket client starts to make outgoing connections to node 11 server 
2022-07-13 04:05:35,169 socket_client_ng.py [line:77] _connect INFO node 4's socket client fails to make connection to node 11 server 
2022-07-13 04:05:35,169 socket_client_ng.py [line:66] _connect INFO node 4's socket client starts to make outgoing connections to node 8 server 
2022-07-13 04:05:35,170 socket_client_ng.py [line:77] _connect INFO node 4's socket client fails to make connection to node 8 server 
2022-07-13 04:05:35,170 socket_client_ng.py [line:66] _connect INFO node 4's socket client starts to make outgoing connections to node 9 server 
2022-07-13 04:05:35,170 socket_client_ng.py [line:77] _connect INFO node 4's socket client fails to make connection to node 9 server 
2022-07-13 04:05:35,170 socket_client_ng.py [line:66] _connect INFO node 4's socket client starts to make outgoing connections to node 11 server 
2022-07-13 04:05:35,171 socket_client_ng.py [line:77] _connect INFO node 4's socket client fails to make connection to node 11 server 
2022-07-13 04:05:35,171 socket_client_ng.py [line:66] _connect INFO node 4's socket client starts to make outgoing connections to node 8 server 
2022-07-13 04:05:35,171 socket_client_ng.py [line:77] _connect INFO node 4's socket client fails to make connection to node 8 server 
2022-07-13 04:05:35,171 socket_client_ng.py [line:66] _connect INFO node 4's socket client starts to make outgoing connections to node 9 server 
2022-07-13 04:05:35,171 socket_client_ng.py [line:77] _connect INFO node 4's socket client fails to make connection to node 9 server 
2022-07-13 04:05:35,171 socket_client_ng.py [line:66] _connect INFO node 4's socket client starts to make outgoing connections to node 11 server 
2022-07-13 04:05:35,172 socket_client_ng.py [line:77] _connect INFO node 4's socket client fails to make connection to node 11 server 
2022-07-13 04:05:35,172 socket_client_ng.py [line:66] _connect INFO node 4's socket client starts to make outgoing connections to node 8 server 
2022-07-13 04:05:35,172 socket_client_ng.py [line:77] _connect INFO node 4's socket client fails to make connection to node 8 server 
2022-07-13 04:05:35,172 socket_client_ng.py [line:66] _connect INFO node 4's socket client starts to make outgoing connections to node 9 server 
2022-07-13 04:05:35,178 socket_client_ng.py [line:77] _connect INFO node 4's socket client fails to make connection to node 9 server 
2022-07-13 04:05:35,178 socket_client_ng.py [line:66] _connect INFO node 4's socket client starts to make outgoing connections to node 11 server 
2022-07-13 04:05:35,178 socket_client_ng.py [line:77] _connect INFO node 4's socket client fails to make connection to node 11 server 
2022-07-13 04:05:35,179 socket_client_ng.py [line:66] _connect INFO node 4's socket client starts to make outgoing connections to node 8 server 
2022-07-13 04:05:35,179 socket_client_ng.py [line:77] _connect INFO node 4's socket client fails to make connection to node 8 server 
2022-07-13 04:05:35,179 socket_client_ng.py [line:66] _connect INFO node 4's socket client starts to make outgoing connections to node 9 server 
2022-07-13 04:05:35,179 socket_client_ng.py [line:77] _connect INFO node 4's socket client fails to make connection to node 9 server 
2022-07-13 04:05:35,179 socket_client_ng.py [line:66] _connect INFO node 4's socket client starts to make outgoing connections to node 11 server 
2022-07-13 04:05:35,180 socket_client_ng.py [line:77] _connect INFO node 4's socket client fails to make connection to node 11 server 
2022-07-13 04:05:35,180 socket_client_ng.py [line:66] _connect INFO node 4's socket client starts to make outgoing connections to node 8 server 
2022-07-13 04:05:35,180 socket_client_ng.py [line:77] _connect INFO node 4's socket client fails to make connection to node 8 server 
2022-07-13 04:05:35,180 socket_client_ng.py [line:66] _connect INFO node 4's socket client starts to make outgoing connections to node 9 server 
2022-07-13 04:05:35,181 socket_client_ng.py [line:77] _connect INFO node 4's socket client fails to make connection to node 9 server 
2022-07-13 04:05:35,181 socket_client_ng.py [line:66] _connect INFO node 4's socket client starts to make outgoing connections to node 11 server 
2022-07-13 04:05:35,181 socket_client_ng.py [line:77] _connect INFO node 4's socket client fails to make connection to node 11 server 
2022-07-13 04:05:35,181 socket_client_ng.py [line:66] _connect INFO node 4's socket client starts to make outgoing connections to node 8 server 
2022-07-13 04:05:35,181 socket_client_ng.py [line:77] _connect INFO node 4's socket client fails to make connection to node 8 server 
2022-07-13 04:05:35,181 socket_client_ng.py [line:66] _connect INFO node 4's socket client starts to make outgoing connections to node 9 server 
2022-07-13 04:05:35,182 socket_client_ng.py [line:77] _connect INFO node 4's socket client fails to make connection to node 9 server 
2022-07-13 04:05:35,182 socket_client_ng.py [line:66] _connect INFO node 4's socket client starts to make outgoing connections to node 11 server 
2022-07-13 04:05:35,187 socket_client_ng.py [line:77] _connect INFO node 4's socket client fails to make connection to node 11 server 
2022-07-13 04:05:35,187 socket_client_ng.py [line:66] _connect INFO node 4's socket client starts to make outgoing connections to node 8 server 
2022-07-13 04:05:35,188 socket_client_ng.py [line:77] _connect INFO node 4's socket client fails to make connection to node 8 server 
2022-07-13 04:05:35,188 socket_client_ng.py [line:66] _connect INFO node 4's socket client starts to make outgoing connections to node 9 server 
2022-07-13 04:05:35,188 socket_client_ng.py [line:77] _connect INFO node 4's socket client fails to make connection to node 9 server 
2022-07-13 04:05:35,188 socket_client_ng.py [line:66] _connect INFO node 4's socket client starts to make outgoing connections to node 11 server 
2022-07-13 04:05:35,190 socket_client_ng.py [line:77] _connect INFO node 4's socket client fails to make connection to node 11 server 
2022-07-13 04:05:35,190 socket_client_ng.py [line:66] _connect INFO node 4's socket client starts to make outgoing connections to node 8 server 
2022-07-13 04:05:35,191 socket_client_ng.py [line:77] _connect INFO node 4's socket client fails to make connection to node 8 server 
2022-07-13 04:05:35,191 socket_client_ng.py [line:66] _connect INFO node 4's socket client starts to make outgoing connections to node 9 server 
2022-07-13 04:05:35,196 socket_client_ng.py [line:77] _connect INFO node 4's socket client fails to make connection to node 9 server 
2022-07-13 04:05:35,196 socket_client_ng.py [line:66] _connect INFO node 4's socket client starts to make outgoing connections to node 11 server 
2022-07-13 04:05:35,197 socket_client_ng.py [line:74] _connect INFO node 4's socket client made an outgoing connection to node 11 server 
2022-07-13 04:05:35,197 socket_client_ng.py [line:66] _connect INFO node 4's socket client starts to make outgoing connections to node 8 server 
2022-07-13 04:05:35,197 socket_client_ng.py [line:77] _connect INFO node 4's socket client fails to make connection to node 8 server 
2022-07-13 04:05:35,197 socket_client_ng.py [line:66] _connect INFO node 4's socket client starts to make outgoing connections to node 9 server 
2022-07-13 04:05:35,198 socket_client_ng.py [line:77] _connect INFO node 4's socket client fails to make connection to node 9 server 
2022-07-13 04:05:35,198 socket_client_ng.py [line:66] _connect INFO node 4's socket client starts to make outgoing connections to node 8 server 
2022-07-13 04:05:35,204 socket_client_ng.py [line:77] _connect INFO node 4's socket client fails to make connection to node 8 server 
2022-07-13 04:05:35,204 socket_client_ng.py [line:66] _connect INFO node 4's socket client starts to make outgoing connections to node 9 server 
2022-07-13 04:05:35,204 socket_client_ng.py [line:77] _connect INFO node 4's socket client fails to make connection to node 9 server 
2022-07-13 04:05:35,205 socket_client_ng.py [line:66] _connect INFO node 4's socket client starts to make outgoing connections to node 8 server 
2022-07-13 04:05:35,205 socket_client_ng.py [line:77] _connect INFO node 4's socket client fails to make connection to node 8 server 
2022-07-13 04:05:35,205 socket_client_ng.py [line:66] _connect INFO node 4's socket client starts to make outgoing connections to node 9 server 
2022-07-13 04:05:35,207 socket_client_ng.py [line:77] _connect INFO node 4's socket client fails to make connection to node 9 server 
2022-07-13 04:05:35,208 socket_client_ng.py [line:66] _connect INFO node 4's socket client starts to make outgoing connections to node 8 server 
2022-07-13 04:05:35,213 socket_client_ng.py [line:77] _connect INFO node 4's socket client fails to make connection to node 8 server 
2022-07-13 04:05:35,213 socket_client_ng.py [line:66] _connect INFO node 4's socket client starts to make outgoing connections to node 9 server 
2022-07-13 04:05:35,214 socket_client_ng.py [line:77] _connect INFO node 4's socket client fails to make connection to node 9 server 
2022-07-13 04:05:35,214 socket_client_ng.py [line:66] _connect INFO node 4's socket client starts to make outgoing connections to node 8 server 
2022-07-13 04:05:35,214 socket_client_ng.py [line:77] _connect INFO node 4's socket client fails to make connection to node 8 server 
2022-07-13 04:05:35,214 socket_client_ng.py [line:66] _connect INFO node 4's socket client starts to make outgoing connections to node 9 server 
2022-07-13 04:05:35,219 socket_client_ng.py [line:77] _connect INFO node 4's socket client fails to make connection to node 9 server 
2022-07-13 04:05:35,219 socket_client_ng.py [line:66] _connect INFO node 4's socket client starts to make outgoing connections to node 8 server 
2022-07-13 04:05:35,219 socket_client_ng.py [line:77] _connect INFO node 4's socket client fails to make connection to node 8 server 
2022-07-13 04:05:35,219 socket_client_ng.py [line:66] _connect INFO node 4's socket client starts to make outgoing connections to node 9 server 
2022-07-13 04:05:35,220 socket_client_ng.py [line:77] _connect INFO node 4's socket client fails to make connection to node 9 server 
2022-07-13 04:05:35,220 socket_client_ng.py [line:66] _connect INFO node 4's socket client starts to make outgoing connections to node 8 server 
2022-07-13 04:05:35,220 socket_client_ng.py [line:77] _connect INFO node 4's socket client fails to make connection to node 8 server 
2022-07-13 04:05:35,220 socket_client_ng.py [line:66] _connect INFO node 4's socket client starts to make outgoing connections to node 9 server 
2022-07-13 04:05:35,221 socket_client_ng.py [line:77] _connect INFO node 4's socket client fails to make connection to node 9 server 
2022-07-13 04:05:35,221 socket_client_ng.py [line:66] _connect INFO node 4's socket client starts to make outgoing connections to node 8 server 
2022-07-13 04:05:35,221 socket_client_ng.py [line:77] _connect INFO node 4's socket client fails to make connection to node 8 server 
2022-07-13 04:05:35,222 socket_client_ng.py [line:66] _connect INFO node 4's socket client starts to make outgoing connections to node 9 server 
2022-07-13 04:05:35,222 socket_client_ng.py [line:77] _connect INFO node 4's socket client fails to make connection to node 9 server 
2022-07-13 04:05:35,222 socket_client_ng.py [line:66] _connect INFO node 4's socket client starts to make outgoing connections to node 8 server 
2022-07-13 04:05:35,222 socket_client_ng.py [line:77] _connect INFO node 4's socket client fails to make connection to node 8 server 
2022-07-13 04:05:35,222 socket_client_ng.py [line:66] _connect INFO node 4's socket client starts to make outgoing connections to node 9 server 
2022-07-13 04:05:35,234 socket_client_ng.py [line:77] _connect INFO node 4's socket client fails to make connection to node 9 server 
2022-07-13 04:05:35,234 socket_client_ng.py [line:66] _connect INFO node 4's socket client starts to make outgoing connections to node 8 server 
2022-07-13 04:05:35,235 socket_client_ng.py [line:77] _connect INFO node 4's socket client fails to make connection to node 8 server 
2022-07-13 04:05:35,235 socket_client_ng.py [line:66] _connect INFO node 4's socket client starts to make outgoing connections to node 9 server 
2022-07-13 04:05:35,235 socket_client_ng.py [line:77] _connect INFO node 4's socket client fails to make connection to node 9 server 
2022-07-13 04:05:35,235 socket_client_ng.py [line:66] _connect INFO node 4's socket client starts to make outgoing connections to node 8 server 
2022-07-13 04:05:35,236 socket_client_ng.py [line:77] _connect INFO node 4's socket client fails to make connection to node 8 server 
2022-07-13 04:05:35,236 socket_client_ng.py [line:66] _connect INFO node 4's socket client starts to make outgoing connections to node 9 server 
2022-07-13 04:05:35,236 socket_client_ng.py [line:77] _connect INFO node 4's socket client fails to make connection to node 9 server 
2022-07-13 04:05:35,236 socket_client_ng.py [line:66] _connect INFO node 4's socket client starts to make outgoing connections to node 8 server 
2022-07-13 04:05:35,237 socket_client_ng.py [line:77] _connect INFO node 4's socket client fails to make connection to node 8 server 
2022-07-13 04:05:35,237 socket_client_ng.py [line:66] _connect INFO node 4's socket client starts to make outgoing connections to node 9 server 
2022-07-13 04:05:35,237 socket_client_ng.py [line:77] _connect INFO node 4's socket client fails to make connection to node 9 server 
2022-07-13 04:05:35,237 socket_client_ng.py [line:66] _connect INFO node 4's socket client starts to make outgoing connections to node 8 server 
2022-07-13 04:05:35,237 socket_client_ng.py [line:77] _connect INFO node 4's socket client fails to make connection to node 8 server 
2022-07-13 04:05:35,238 socket_client_ng.py [line:66] _connect INFO node 4's socket client starts to make outgoing connections to node 9 server 
2022-07-13 04:05:35,238 socket_client_ng.py [line:77] _connect INFO node 4's socket client fails to make connection to node 9 server 
2022-07-13 04:05:35,238 socket_client_ng.py [line:66] _connect INFO node 4's socket client starts to make outgoing connections to node 8 server 
2022-07-13 04:05:35,243 socket_client_ng.py [line:77] _connect INFO node 4's socket client fails to make connection to node 8 server 
2022-07-13 04:05:35,243 socket_client_ng.py [line:66] _connect INFO node 4's socket client starts to make outgoing connections to node 9 server 
2022-07-13 04:05:35,243 socket_client_ng.py [line:77] _connect INFO node 4's socket client fails to make connection to node 9 server 
2022-07-13 04:05:35,243 socket_client_ng.py [line:66] _connect INFO node 4's socket client starts to make outgoing connections to node 8 server 
2022-07-13 04:05:35,244 socket_client_ng.py [line:77] _connect INFO node 4's socket client fails to make connection to node 8 server 
2022-07-13 04:05:35,244 socket_client_ng.py [line:66] _connect INFO node 4's socket client starts to make outgoing connections to node 9 server 
2022-07-13 04:05:35,244 socket_client_ng.py [line:77] _connect INFO node 4's socket client fails to make connection to node 9 server 
2022-07-13 04:05:35,244 socket_client_ng.py [line:66] _connect INFO node 4's socket client starts to make outgoing connections to node 8 server 
2022-07-13 04:05:35,245 socket_client_ng.py [line:77] _connect INFO node 4's socket client fails to make connection to node 8 server 
2022-07-13 04:05:35,245 socket_client_ng.py [line:66] _connect INFO node 4's socket client starts to make outgoing connections to node 9 server 
2022-07-13 04:05:35,248 socket_client_ng.py [line:77] _connect INFO node 4's socket client fails to make connection to node 9 server 
2022-07-13 04:05:35,249 socket_client_ng.py [line:66] _connect INFO node 4's socket client starts to make outgoing connections to node 8 server 
2022-07-13 04:05:35,249 socket_client_ng.py [line:74] _connect INFO node 4's socket client made an outgoing connection to node 8 server 
2022-07-13 04:05:35,249 socket_client_ng.py [line:66] _connect INFO node 4's socket client starts to make outgoing connections to node 9 server 
2022-07-13 04:05:35,249 socket_client_ng.py [line:77] _connect INFO node 4's socket client fails to make connection to node 9 server 
2022-07-13 04:05:35,250 socket_client_ng.py [line:66] _connect INFO node 4's socket client starts to make outgoing connections to node 9 server 
2022-07-13 04:05:35,250 socket_client_ng.py [line:77] _connect INFO node 4's socket client fails to make connection to node 9 server 
2022-07-13 04:05:35,250 socket_client_ng.py [line:66] _connect INFO node 4's socket client starts to make outgoing connections to node 9 server 
2022-07-13 04:05:35,250 socket_client_ng.py [line:77] _connect INFO node 4's socket client fails to make connection to node 9 server 
2022-07-13 04:05:35,251 socket_client_ng.py [line:66] _connect INFO node 4's socket client starts to make outgoing connections to node 9 server 
2022-07-13 04:05:35,251 socket_client_ng.py [line:77] _connect INFO node 4's socket client fails to make connection to node 9 server 
2022-07-13 04:05:35,251 socket_client_ng.py [line:66] _connect INFO node 4's socket client starts to make outgoing connections to node 9 server 
2022-07-13 04:05:35,251 socket_client_ng.py [line:77] _connect INFO node 4's socket client fails to make connection to node 9 server 
2022-07-13 04:05:35,251 socket_client_ng.py [line:66] _connect INFO node 4's socket client starts to make outgoing connections to node 9 server 
2022-07-13 04:05:35,252 socket_client_ng.py [line:77] _connect INFO node 4's socket client fails to make connection to node 9 server 
2022-07-13 04:05:35,252 socket_client_ng.py [line:66] _connect INFO node 4's socket client starts to make outgoing connections to node 9 server 
2022-07-13 04:05:35,253 socket_client_ng.py [line:77] _connect INFO node 4's socket client fails to make connection to node 9 server 
2022-07-13 04:05:35,253 socket_client_ng.py [line:66] _connect INFO node 4's socket client starts to make outgoing connections to node 9 server 
2022-07-13 04:05:35,253 socket_client_ng.py [line:77] _connect INFO node 4's socket client fails to make connection to node 9 server 
2022-07-13 04:05:35,253 socket_client_ng.py [line:66] _connect INFO node 4's socket client starts to make outgoing connections to node 9 server 
2022-07-13 04:05:35,254 socket_client_ng.py [line:77] _connect INFO node 4's socket client fails to make connection to node 9 server 
2022-07-13 04:05:35,254 socket_client_ng.py [line:66] _connect INFO node 4's socket client starts to make outgoing connections to node 9 server 
2022-07-13 04:05:35,254 socket_client_ng.py [line:77] _connect INFO node 4's socket client fails to make connection to node 9 server 
2022-07-13 04:05:35,254 socket_client_ng.py [line:66] _connect INFO node 4's socket client starts to make outgoing connections to node 9 server 
2022-07-13 04:05:35,254 socket_client_ng.py [line:77] _connect INFO node 4's socket client fails to make connection to node 9 server 
2022-07-13 04:05:35,255 socket_client_ng.py [line:66] _connect INFO node 4's socket client starts to make outgoing connections to node 9 server 
2022-07-13 04:05:35,255 socket_client_ng.py [line:77] _connect INFO node 4's socket client fails to make connection to node 9 server 
2022-07-13 04:05:35,255 socket_client_ng.py [line:66] _connect INFO node 4's socket client starts to make outgoing connections to node 9 server 
2022-07-13 04:05:35,255 socket_client_ng.py [line:77] _connect INFO node 4's socket client fails to make connection to node 9 server 
2022-07-13 04:05:35,255 socket_client_ng.py [line:66] _connect INFO node 4's socket client starts to make outgoing connections to node 9 server 
2022-07-13 04:05:35,257 socket_client_ng.py [line:77] _connect INFO node 4's socket client fails to make connection to node 9 server 
2022-07-13 04:05:35,257 socket_client_ng.py [line:66] _connect INFO node 4's socket client starts to make outgoing connections to node 9 server 
2022-07-13 04:05:35,258 socket_client_ng.py [line:77] _connect INFO node 4's socket client fails to make connection to node 9 server 
2022-07-13 04:05:35,258 socket_client_ng.py [line:66] _connect INFO node 4's socket client starts to make outgoing connections to node 9 server 
2022-07-13 04:05:35,266 socket_client_ng.py [line:77] _connect INFO node 4's socket client fails to make connection to node 9 server 
2022-07-13 04:05:35,266 socket_client_ng.py [line:66] _connect INFO node 4's socket client starts to make outgoing connections to node 9 server 
2022-07-13 04:05:35,266 socket_client_ng.py [line:77] _connect INFO node 4's socket client fails to make connection to node 9 server 
2022-07-13 04:05:35,266 socket_client_ng.py [line:66] _connect INFO node 4's socket client starts to make outgoing connections to node 9 server 
2022-07-13 04:05:35,267 socket_client_ng.py [line:77] _connect INFO node 4's socket client fails to make connection to node 9 server 
2022-07-13 04:05:35,267 socket_client_ng.py [line:66] _connect INFO node 4's socket client starts to make outgoing connections to node 9 server 
2022-07-13 04:05:35,267 socket_client_ng.py [line:77] _connect INFO node 4's socket client fails to make connection to node 9 server 
2022-07-13 04:05:35,267 socket_client_ng.py [line:66] _connect INFO node 4's socket client starts to make outgoing connections to node 9 server 
2022-07-13 04:05:35,268 socket_client_ng.py [line:77] _connect INFO node 4's socket client fails to make connection to node 9 server 
2022-07-13 04:05:35,268 socket_client_ng.py [line:66] _connect INFO node 4's socket client starts to make outgoing connections to node 9 server 
2022-07-13 04:05:35,268 socket_client_ng.py [line:77] _connect INFO node 4's socket client fails to make connection to node 9 server 
2022-07-13 04:05:35,268 socket_client_ng.py [line:66] _connect INFO node 4's socket client starts to make outgoing connections to node 9 server 
2022-07-13 04:05:35,269 socket_client_ng.py [line:77] _connect INFO node 4's socket client fails to make connection to node 9 server 
2022-07-13 04:05:35,269 socket_client_ng.py [line:66] _connect INFO node 4's socket client starts to make outgoing connections to node 9 server 
2022-07-13 04:05:35,270 socket_client_ng.py [line:77] _connect INFO node 4's socket client fails to make connection to node 9 server 
2022-07-13 04:05:35,270 socket_client_ng.py [line:66] _connect INFO node 4's socket client starts to make outgoing connections to node 9 server 
2022-07-13 04:05:35,270 socket_client_ng.py [line:77] _connect INFO node 4's socket client fails to make connection to node 9 server 
2022-07-13 04:05:35,270 socket_client_ng.py [line:66] _connect INFO node 4's socket client starts to make outgoing connections to node 9 server 
2022-07-13 04:05:35,271 socket_client_ng.py [line:77] _connect INFO node 4's socket client fails to make connection to node 9 server 
2022-07-13 04:05:35,271 socket_client_ng.py [line:66] _connect INFO node 4's socket client starts to make outgoing connections to node 9 server 
2022-07-13 04:05:35,271 socket_client_ng.py [line:77] _connect INFO node 4's socket client fails to make connection to node 9 server 
2022-07-13 04:05:35,271 socket_client_ng.py [line:66] _connect INFO node 4's socket client starts to make outgoing connections to node 9 server 
2022-07-13 04:05:35,271 socket_client_ng.py [line:77] _connect INFO node 4's socket client fails to make connection to node 9 server 
2022-07-13 04:05:35,272 socket_client_ng.py [line:66] _connect INFO node 4's socket client starts to make outgoing connections to node 9 server 
2022-07-13 04:05:35,272 socket_client_ng.py [line:77] _connect INFO node 4's socket client fails to make connection to node 9 server 
2022-07-13 04:05:35,272 socket_client_ng.py [line:66] _connect INFO node 4's socket client starts to make outgoing connections to node 9 server 
2022-07-13 04:05:35,273 socket_client_ng.py [line:77] _connect INFO node 4's socket client fails to make connection to node 9 server 
2022-07-13 04:05:35,274 socket_client_ng.py [line:66] _connect INFO node 4's socket client starts to make outgoing connections to node 9 server 
2022-07-13 04:05:35,274 socket_client_ng.py [line:77] _connect INFO node 4's socket client fails to make connection to node 9 server 
2022-07-13 04:05:35,274 socket_client_ng.py [line:66] _connect INFO node 4's socket client starts to make outgoing connections to node 9 server 
2022-07-13 04:05:35,275 socket_client_ng.py [line:77] _connect INFO node 4's socket client fails to make connection to node 9 server 
2022-07-13 04:05:35,275 socket_client_ng.py [line:66] _connect INFO node 4's socket client starts to make outgoing connections to node 9 server 
2022-07-13 04:05:35,275 socket_client_ng.py [line:77] _connect INFO node 4's socket client fails to make connection to node 9 server 
2022-07-13 04:05:35,275 socket_client_ng.py [line:66] _connect INFO node 4's socket client starts to make outgoing connections to node 9 server 
2022-07-13 04:05:35,276 socket_client_ng.py [line:77] _connect INFO node 4's socket client fails to make connection to node 9 server 
2022-07-13 04:05:35,276 socket_client_ng.py [line:66] _connect INFO node 4's socket client starts to make outgoing connections to node 9 server 
2022-07-13 04:05:35,276 socket_client_ng.py [line:77] _connect INFO node 4's socket client fails to make connection to node 9 server 
2022-07-13 04:05:35,276 socket_client_ng.py [line:66] _connect INFO node 4's socket client starts to make outgoing connections to node 9 server 
2022-07-13 04:05:35,277 socket_client_ng.py [line:77] _connect INFO node 4's socket client fails to make connection to node 9 server 
2022-07-13 04:05:35,277 socket_client_ng.py [line:66] _connect INFO node 4's socket client starts to make outgoing connections to node 9 server 
2022-07-13 04:05:35,277 socket_client_ng.py [line:77] _connect INFO node 4's socket client fails to make connection to node 9 server 
2022-07-13 04:05:35,277 socket_client_ng.py [line:66] _connect INFO node 4's socket client starts to make outgoing connections to node 9 server 
2022-07-13 04:05:35,278 socket_client_ng.py [line:77] _connect INFO node 4's socket client fails to make connection to node 9 server 
2022-07-13 04:05:35,278 socket_client_ng.py [line:66] _connect INFO node 4's socket client starts to make outgoing connections to node 9 server 
2022-07-13 04:05:35,278 socket_client_ng.py [line:77] _connect INFO node 4's socket client fails to make connection to node 9 server 
2022-07-13 04:05:35,278 socket_client_ng.py [line:66] _connect INFO node 4's socket client starts to make outgoing connections to node 9 server 
2022-07-13 04:05:35,279 socket_client_ng.py [line:77] _connect INFO node 4's socket client fails to make connection to node 9 server 
2022-07-13 04:05:35,279 socket_client_ng.py [line:66] _connect INFO node 4's socket client starts to make outgoing connections to node 9 server 
2022-07-13 04:05:35,280 socket_client_ng.py [line:77] _connect INFO node 4's socket client fails to make connection to node 9 server 
2022-07-13 04:05:35,280 socket_client_ng.py [line:66] _connect INFO node 4's socket client starts to make outgoing connections to node 9 server 
2022-07-13 04:05:35,280 socket_client_ng.py [line:77] _connect INFO node 4's socket client fails to make connection to node 9 server 
2022-07-13 04:05:35,281 socket_client_ng.py [line:66] _connect INFO node 4's socket client starts to make outgoing connections to node 9 server 
2022-07-13 04:05:35,281 socket_client_ng.py [line:77] _connect INFO node 4's socket client fails to make connection to node 9 server 
2022-07-13 04:05:35,281 socket_client_ng.py [line:66] _connect INFO node 4's socket client starts to make outgoing connections to node 9 server 
2022-07-13 04:05:35,281 socket_client_ng.py [line:77] _connect INFO node 4's socket client fails to make connection to node 9 server 
2022-07-13 04:05:35,281 socket_client_ng.py [line:66] _connect INFO node 4's socket client starts to make outgoing connections to node 9 server 
2022-07-13 04:05:35,282 socket_client_ng.py [line:77] _connect INFO node 4's socket client fails to make connection to node 9 server 
2022-07-13 04:05:35,282 socket_client_ng.py [line:66] _connect INFO node 4's socket client starts to make outgoing connections to node 9 server 
2022-07-13 04:05:35,282 socket_client_ng.py [line:77] _connect INFO node 4's socket client fails to make connection to node 9 server 
2022-07-13 04:05:35,282 socket_client_ng.py [line:66] _connect INFO node 4's socket client starts to make outgoing connections to node 9 server 
2022-07-13 04:05:35,283 socket_client_ng.py [line:77] _connect INFO node 4's socket client fails to make connection to node 9 server 
2022-07-13 04:05:35,283 socket_client_ng.py [line:66] _connect INFO node 4's socket client starts to make outgoing connections to node 9 server 
2022-07-13 04:05:35,283 socket_client_ng.py [line:77] _connect INFO node 4's socket client fails to make connection to node 9 server 
2022-07-13 04:05:35,283 socket_client_ng.py [line:66] _connect INFO node 4's socket client starts to make outgoing connections to node 9 server 
2022-07-13 04:05:35,284 socket_client_ng.py [line:77] _connect INFO node 4's socket client fails to make connection to node 9 server 
2022-07-13 04:05:35,284 socket_client_ng.py [line:66] _connect INFO node 4's socket client starts to make outgoing connections to node 9 server 
2022-07-13 04:05:35,284 socket_client_ng.py [line:77] _connect INFO node 4's socket client fails to make connection to node 9 server 
2022-07-13 04:05:35,284 socket_client_ng.py [line:66] _connect INFO node 4's socket client starts to make outgoing connections to node 9 server 
2022-07-13 04:05:35,285 socket_client_ng.py [line:74] _connect INFO node 4's socket client made an outgoing connection to node 9 server 
2024-07-12 16:53:46,913 socket_client.py [line:157] run INFO node id 4 is running on pid 28751 
2024-07-12 16:53:46,913 socket_client.py [line:44] _connect_and_send_forever INFO node 4's socket client starts to make outgoing connections on process id 28751 
