2022-07-13 04:05:35,160 socket_client_ng.py [line:156] run INFO node id 11 is running on pid 5136 
2022-07-13 04:05:35,161 socket_client_ng.py [line:47] _connect_and_send_forever INFO node 11's socket client starts to make outgoing connections on process id 5136 
2022-07-13 04:05:35,161 socket_client_ng.py [line:66] _connect INFO node 11's socket client starts to make outgoing connections to node 0 server 
2022-07-13 04:05:35,195 socket_client_ng.py [line:74] _connect INFO node 11's socket client made an outgoing connection to node 0 server 
2022-07-13 04:05:35,195 socket_client_ng.py [line:66] _connect INFO node 11's socket client starts to make outgoing connections to node 1 server 
2022-07-13 04:05:35,196 socket_client_ng.py [line:74] _connect INFO node 11's socket client made an outgoing connection to node 1 server 
2022-07-13 04:05:35,196 socket_client_ng.py [line:66] _connect INFO node 11's socket client starts to make outgoing connections to node 2 server 
2022-07-13 04:05:35,196 socket_client_ng.py [line:74] _connect INFO node 11's socket client made an outgoing connection to node 2 server 
2022-07-13 04:05:35,197 socket_client_ng.py [line:66] _connect INFO node 11's socket client starts to make outgoing connections to node 3 server 
2022-07-13 04:05:35,198 socket_client_ng.py [line:74] _connect INFO node 11's socket client made an outgoing connection to node 3 server 
2022-07-13 04:05:35,198 socket_client_ng.py [line:66] _connect INFO node 11's socket client starts to make outgoing connections to node 4 server 
2022-07-13 04:05:35,198 socket_client_ng.py [line:74] _connect INFO node 11's socket client made an outgoing connection to node 4 server 
2022-07-13 04:05:35,198 socket_client_ng.py [line:66] _connect INFO node 11's socket client starts to make outgoing connections to node 5 server 
2022-07-13 04:05:35,199 socket_client_ng.py [line:74] _connect INFO node 11's socket client made an outgoing connection to node 5 server 
2022-07-13 04:05:35,199 socket_client_ng.py [line:66] _connect INFO node 11's socket client starts to make outgoing connections to node 6 server 
2022-07-13 04:05:35,200 socket_client_ng.py [line:74] _connect INFO node 11's socket client made an outgoing connection to node 6 server 
2022-07-13 04:05:35,200 socket_client_ng.py [line:66] _connect INFO node 11's socket client starts to make outgoing connections to node 7 server 
2022-07-13 04:05:35,201 socket_client_ng.py [line:74] _connect INFO node 11's socket client made an outgoing connection to node 7 server 
2022-07-13 04:05:35,201 socket_client_ng.py [line:66] _connect INFO node 11's socket client starts to make outgoing connections to node 8 server 
2022-07-13 04:05:35,201 socket_client_ng.py [line:77] _connect INFO node 11's socket client fails to make connection to node 8 server 
2022-07-13 04:05:35,202 socket_client_ng.py [line:66] _connect INFO node 11's socket client starts to make outgoing connections to node 9 server 
2022-07-13 04:05:35,202 socket_client_ng.py [line:77] _connect INFO node 11's socket client fails to make connection to node 9 server 
2022-07-13 04:05:35,202 socket_client_ng.py [line:66] _connect INFO node 11's socket client starts to make outgoing connections to node 10 server 
2022-07-13 04:05:35,203 socket_client_ng.py [line:74] _connect INFO node 11's socket client made an outgoing connection to node 10 server 
2022-07-13 04:05:35,203 socket_client_ng.py [line:66] _connect INFO node 11's socket client starts to make outgoing connections to node 11 server 
2022-07-13 04:05:35,204 socket_client_ng.py [line:74] _connect INFO node 11's socket client made an outgoing connection to node 11 server 
2022-07-13 04:05:35,204 socket_client_ng.py [line:66] _connect INFO node 11's socket client starts to make outgoing connections to node 12 server 
2022-07-13 04:05:35,205 socket_client_ng.py [line:74] _connect INFO node 11's socket client made an outgoing connection to node 12 server 
2022-07-13 04:05:35,205 socket_client_ng.py [line:66] _connect INFO node 11's socket client starts to make outgoing connections to node 13 server 
2022-07-13 04:05:35,206 socket_client_ng.py [line:74] _connect INFO node 11's socket client made an outgoing connection to node 13 server 
2022-07-13 04:05:35,207 socket_client_ng.py [line:66] _connect INFO node 11's socket client starts to make outgoing connections to node 14 server 
2022-07-13 04:05:35,208 socket_client_ng.py [line:74] _connect INFO node 11's socket client made an outgoing connection to node 14 server 
2022-07-13 04:05:35,208 socket_client_ng.py [line:66] _connect INFO node 11's socket client starts to make outgoing connections to node 15 server 
2022-07-13 04:05:35,209 socket_client_ng.py [line:74] _connect INFO node 11's socket client made an outgoing connection to node 15 server 
2022-07-13 04:05:35,209 socket_client_ng.py [line:66] _connect INFO node 11's socket client starts to make outgoing connections to node 8 server 
2022-07-13 04:05:35,209 socket_client_ng.py [line:77] _connect INFO node 11's socket client fails to make connection to node 8 server 
2022-07-13 04:05:35,210 socket_client_ng.py [line:66] _connect INFO node 11's socket client starts to make outgoing connections to node 9 server 
2022-07-13 04:05:35,210 socket_client_ng.py [line:77] _connect INFO node 11's socket client fails to make connection to node 9 server 
2022-07-13 04:05:35,210 socket_client_ng.py [line:66] _connect INFO node 11's socket client starts to make outgoing connections to node 8 server 
2022-07-13 04:05:35,211 socket_client_ng.py [line:77] _connect INFO node 11's socket client fails to make connection to node 8 server 
2022-07-13 04:05:35,211 socket_client_ng.py [line:66] _connect INFO node 11's socket client starts to make outgoing connections to node 9 server 
2022-07-13 04:05:35,212 socket_client_ng.py [line:77] _connect INFO node 11's socket client fails to make connection to node 9 server 
2022-07-13 04:05:35,212 socket_client_ng.py [line:66] _connect INFO node 11's socket client starts to make outgoing connections to node 8 server 
2022-07-13 04:05:35,213 socket_client_ng.py [line:77] _connect INFO node 11's socket client fails to make connection to node 8 server 
2022-07-13 04:05:35,213 socket_client_ng.py [line:66] _connect INFO node 11's socket client starts to make outgoing connections to node 9 server 
2022-07-13 04:05:35,214 socket_client_ng.py [line:77] _connect INFO node 11's socket client fails to make connection to node 9 server 
2022-07-13 04:05:35,215 socket_client_ng.py [line:66] _connect INFO node 11's socket client starts to make outgoing connections to node 8 server 
2022-07-13 04:05:35,215 socket_client_ng.py [line:77] _connect INFO node 11's socket client fails to make connection to node 8 server 
2022-07-13 04:05:35,216 socket_client_ng.py [line:66] _connect INFO node 11's socket client starts to make outgoing connections to node 9 server 
2022-07-13 04:05:35,217 socket_client_ng.py [line:77] _connect INFO node 11's socket client fails to make connection to node 9 server 
2022-07-13 04:05:35,217 socket_client_ng.py [line:66] _connect INFO node 11's socket client starts to make outgoing connections to node 8 server 
2022-07-13 04:05:35,218 socket_client_ng.py [line:77] _connect INFO node 11's socket client fails to make connection to node 8 server 
2022-07-13 04:05:35,218 socket_client_ng.py [line:66] _connect INFO node 11's socket client starts to make outgoing connections to node 9 server 
2022-07-13 04:05:35,219 socket_client_ng.py [line:77] _connect INFO node 11's socket client fails to make connection to node 9 server 
2022-07-13 04:05:35,219 socket_client_ng.py [line:66] _connect INFO node 11's socket client starts to make outgoing connections to node 8 server 
2022-07-13 04:05:35,220 socket_client_ng.py [line:77] _connect INFO node 11's socket client fails to make connection to node 8 server 
2022-07-13 04:05:35,220 socket_client_ng.py [line:66] _connect INFO node 11's socket client starts to make outgoing connections to node 9 server 
2022-07-13 04:05:35,221 socket_client_ng.py [line:77] _connect INFO node 11's socket client fails to make connection to node 9 server 
2022-07-13 04:05:35,221 socket_client_ng.py [line:66] _connect INFO node 11's socket client starts to make outgoing connections to node 8 server 
2022-07-13 04:05:35,222 socket_client_ng.py [line:77] _connect INFO node 11's socket client fails to make connection to node 8 server 
2022-07-13 04:05:35,222 socket_client_ng.py [line:66] _connect INFO node 11's socket client starts to make outgoing connections to node 9 server 
2022-07-13 04:05:35,223 socket_client_ng.py [line:77] _connect INFO node 11's socket client fails to make connection to node 9 server 
2022-07-13 04:05:35,223 socket_client_ng.py [line:66] _connect INFO node 11's socket client starts to make outgoing connections to node 8 server 
2022-07-13 04:05:35,224 socket_client_ng.py [line:77] _connect INFO node 11's socket client fails to make connection to node 8 server 
2022-07-13 04:05:35,224 socket_client_ng.py [line:66] _connect INFO node 11's socket client starts to make outgoing connections to node 9 server 
2022-07-13 04:05:35,225 socket_client_ng.py [line:77] _connect INFO node 11's socket client fails to make connection to node 9 server 
2022-07-13 04:05:35,225 socket_client_ng.py [line:66] _connect INFO node 11's socket client starts to make outgoing connections to node 8 server 
2022-07-13 04:05:35,226 socket_client_ng.py [line:77] _connect INFO node 11's socket client fails to make connection to node 8 server 
2022-07-13 04:05:35,227 socket_client_ng.py [line:66] _connect INFO node 11's socket client starts to make outgoing connections to node 9 server 
2022-07-13 04:05:35,228 socket_client_ng.py [line:77] _connect INFO node 11's socket client fails to make connection to node 9 server 
2022-07-13 04:05:35,228 socket_client_ng.py [line:66] _connect INFO node 11's socket client starts to make outgoing connections to node 8 server 
2022-07-13 04:05:35,229 socket_client_ng.py [line:77] _connect INFO node 11's socket client fails to make connection to node 8 server 
2022-07-13 04:05:35,229 socket_client_ng.py [line:66] _connect INFO node 11's socket client starts to make outgoing connections to node 9 server 
2022-07-13 04:05:35,230 socket_client_ng.py [line:77] _connect INFO node 11's socket client fails to make connection to node 9 server 
2022-07-13 04:05:35,230 socket_client_ng.py [line:66] _connect INFO node 11's socket client starts to make outgoing connections to node 8 server 
2022-07-13 04:05:35,231 socket_client_ng.py [line:77] _connect INFO node 11's socket client fails to make connection to node 8 server 
2022-07-13 04:05:35,231 socket_client_ng.py [line:66] _connect INFO node 11's socket client starts to make outgoing connections to node 9 server 
2022-07-13 04:05:35,232 socket_client_ng.py [line:77] _connect INFO node 11's socket client fails to make connection to node 9 server 
2022-07-13 04:05:35,232 socket_client_ng.py [line:66] _connect INFO node 11's socket client starts to make outgoing connections to node 8 server 
2022-07-13 04:05:35,233 socket_client_ng.py [line:77] _connect INFO node 11's socket client fails to make connection to node 8 server 
2022-07-13 04:05:35,233 socket_client_ng.py [line:66] _connect INFO node 11's socket client starts to make outgoing connections to node 9 server 
2022-07-13 04:05:35,234 socket_client_ng.py [line:77] _connect INFO node 11's socket client fails to make connection to node 9 server 
2022-07-13 04:05:35,234 socket_client_ng.py [line:66] _connect INFO node 11's socket client starts to make outgoing connections to node 8 server 
2022-07-13 04:05:35,235 socket_client_ng.py [line:77] _connect INFO node 11's socket client fails to make connection to node 8 server 
2022-07-13 04:05:35,236 socket_client_ng.py [line:66] _connect INFO node 11's socket client starts to make outgoing connections to node 9 server 
2022-07-13 04:05:35,236 socket_client_ng.py [line:77] _connect INFO node 11's socket client fails to make connection to node 9 server 
2022-07-13 04:05:35,237 socket_client_ng.py [line:66] _connect INFO node 11's socket client starts to make outgoing connections to node 8 server 
2022-07-13 04:05:35,237 socket_client_ng.py [line:77] _connect INFO node 11's socket client fails to make connection to node 8 server 
2022-07-13 04:05:35,238 socket_client_ng.py [line:66] _connect INFO node 11's socket client starts to make outgoing connections to node 9 server 
2022-07-13 04:05:35,239 socket_client_ng.py [line:77] _connect INFO node 11's socket client fails to make connection to node 9 server 
2022-07-13 04:05:35,239 socket_client_ng.py [line:66] _connect INFO node 11's socket client starts to make outgoing connections to node 8 server 
2022-07-13 04:05:35,240 socket_client_ng.py [line:77] _connect INFO node 11's socket client fails to make connection to node 8 server 
2022-07-13 04:05:35,240 socket_client_ng.py [line:66] _connect INFO node 11's socket client starts to make outgoing connections to node 9 server 
2022-07-13 04:05:35,245 socket_client_ng.py [line:77] _connect INFO node 11's socket client fails to make connection to node 9 server 
2022-07-13 04:05:35,245 socket_client_ng.py [line:66] _connect INFO node 11's socket client starts to make outgoing connections to node 8 server 
2022-07-13 04:05:35,247 socket_client_ng.py [line:74] _connect INFO node 11's socket client made an outgoing connection to node 8 server 
2022-07-13 04:05:35,247 socket_client_ng.py [line:66] _connect INFO node 11's socket client starts to make outgoing connections to node 9 server 
2022-07-13 04:05:35,248 socket_client_ng.py [line:77] _connect INFO node 11's socket client fails to make connection to node 9 server 
2022-07-13 04:05:35,248 socket_client_ng.py [line:66] _connect INFO node 11's socket client starts to make outgoing connections to node 9 server 
2022-07-13 04:05:35,249 socket_client_ng.py [line:77] _connect INFO node 11's socket client fails to make connection to node 9 server 
2022-07-13 04:05:35,249 socket_client_ng.py [line:66] _connect INFO node 11's socket client starts to make outgoing connections to node 9 server 
2022-07-13 04:05:35,250 socket_client_ng.py [line:77] _connect INFO node 11's socket client fails to make connection to node 9 server 
2022-07-13 04:05:35,250 socket_client_ng.py [line:66] _connect INFO node 11's socket client starts to make outgoing connections to node 9 server 
2022-07-13 04:05:35,251 socket_client_ng.py [line:77] _connect INFO node 11's socket client fails to make connection to node 9 server 
2022-07-13 04:05:35,251 socket_client_ng.py [line:66] _connect INFO node 11's socket client starts to make outgoing connections to node 9 server 
2022-07-13 04:05:35,252 socket_client_ng.py [line:77] _connect INFO node 11's socket client fails to make connection to node 9 server 
2022-07-13 04:05:35,252 socket_client_ng.py [line:66] _connect INFO node 11's socket client starts to make outgoing connections to node 9 server 
2022-07-13 04:05:35,253 socket_client_ng.py [line:77] _connect INFO node 11's socket client fails to make connection to node 9 server 
2022-07-13 04:05:35,253 socket_client_ng.py [line:66] _connect INFO node 11's socket client starts to make outgoing connections to node 9 server 
2022-07-13 04:05:35,254 socket_client_ng.py [line:77] _connect INFO node 11's socket client fails to make connection to node 9 server 
2022-07-13 04:05:35,254 socket_client_ng.py [line:66] _connect INFO node 11's socket client starts to make outgoing connections to node 9 server 
2022-07-13 04:05:35,260 socket_client_ng.py [line:77] _connect INFO node 11's socket client fails to make connection to node 9 server 
2022-07-13 04:05:35,260 socket_client_ng.py [line:66] _connect INFO node 11's socket client starts to make outgoing connections to node 9 server 
2022-07-13 04:05:35,261 socket_client_ng.py [line:77] _connect INFO node 11's socket client fails to make connection to node 9 server 
2022-07-13 04:05:35,261 socket_client_ng.py [line:66] _connect INFO node 11's socket client starts to make outgoing connections to node 9 server 
2022-07-13 04:05:35,262 socket_client_ng.py [line:77] _connect INFO node 11's socket client fails to make connection to node 9 server 
2022-07-13 04:05:35,262 socket_client_ng.py [line:66] _connect INFO node 11's socket client starts to make outgoing connections to node 9 server 
2022-07-13 04:05:35,264 socket_client_ng.py [line:77] _connect INFO node 11's socket client fails to make connection to node 9 server 
2022-07-13 04:05:35,264 socket_client_ng.py [line:66] _connect INFO node 11's socket client starts to make outgoing connections to node 9 server 
2022-07-13 04:05:35,265 socket_client_ng.py [line:77] _connect INFO node 11's socket client fails to make connection to node 9 server 
2022-07-13 04:05:35,265 socket_client_ng.py [line:66] _connect INFO node 11's socket client starts to make outgoing connections to node 9 server 
2022-07-13 04:05:35,266 socket_client_ng.py [line:77] _connect INFO node 11's socket client fails to make connection to node 9 server 
2022-07-13 04:05:35,266 socket_client_ng.py [line:66] _connect INFO node 11's socket client starts to make outgoing connections to node 9 server 
2022-07-13 04:05:35,268 socket_client_ng.py [line:77] _connect INFO node 11's socket client fails to make connection to node 9 server 
2022-07-13 04:05:35,268 socket_client_ng.py [line:66] _connect INFO node 11's socket client starts to make outgoing connections to node 9 server 
2022-07-13 04:05:35,269 socket_client_ng.py [line:77] _connect INFO node 11's socket client fails to make connection to node 9 server 
2022-07-13 04:05:35,269 socket_client_ng.py [line:66] _connect INFO node 11's socket client starts to make outgoing connections to node 9 server 
2022-07-13 04:05:35,275 socket_client_ng.py [line:77] _connect INFO node 11's socket client fails to make connection to node 9 server 
2022-07-13 04:05:35,276 socket_client_ng.py [line:66] _connect INFO node 11's socket client starts to make outgoing connections to node 9 server 
2022-07-13 04:05:35,277 socket_client_ng.py [line:77] _connect INFO node 11's socket client fails to make connection to node 9 server 
2022-07-13 04:05:35,277 socket_client_ng.py [line:66] _connect INFO node 11's socket client starts to make outgoing connections to node 9 server 
2022-07-13 04:05:35,278 socket_client_ng.py [line:77] _connect INFO node 11's socket client fails to make connection to node 9 server 
2022-07-13 04:05:35,278 socket_client_ng.py [line:66] _connect INFO node 11's socket client starts to make outgoing connections to node 9 server 
2022-07-13 04:05:35,279 socket_client_ng.py [line:77] _connect INFO node 11's socket client fails to make connection to node 9 server 
2022-07-13 04:05:35,279 socket_client_ng.py [line:66] _connect INFO node 11's socket client starts to make outgoing connections to node 9 server 
2022-07-13 04:05:35,280 socket_client_ng.py [line:77] _connect INFO node 11's socket client fails to make connection to node 9 server 
2022-07-13 04:05:35,280 socket_client_ng.py [line:66] _connect INFO node 11's socket client starts to make outgoing connections to node 9 server 
2022-07-13 04:05:35,281 socket_client_ng.py [line:77] _connect INFO node 11's socket client fails to make connection to node 9 server 
2022-07-13 04:05:35,281 socket_client_ng.py [line:66] _connect INFO node 11's socket client starts to make outgoing connections to node 9 server 
2022-07-13 04:05:35,282 socket_client_ng.py [line:77] _connect INFO node 11's socket client fails to make connection to node 9 server 
2022-07-13 04:05:35,282 socket_client_ng.py [line:66] _connect INFO node 11's socket client starts to make outgoing connections to node 9 server 
2022-07-13 04:05:35,283 socket_client_ng.py [line:77] _connect INFO node 11's socket client fails to make connection to node 9 server 
2022-07-13 04:05:35,283 socket_client_ng.py [line:66] _connect INFO node 11's socket client starts to make outgoing connections to node 9 server 
2022-07-13 04:05:35,284 socket_client_ng.py [line:77] _connect INFO node 11's socket client fails to make connection to node 9 server 
2022-07-13 04:05:35,284 socket_client_ng.py [line:66] _connect INFO node 11's socket client starts to make outgoing connections to node 9 server 
2022-07-13 04:05:35,286 socket_client_ng.py [line:74] _connect INFO node 11's socket client made an outgoing connection to node 9 server 
2024-07-12 16:53:46,823 socket_client.py [line:157] run INFO node id 11 is running on pid 28743 
2024-07-12 16:53:46,824 socket_client.py [line:44] _connect_and_send_forever INFO node 11's socket client starts to make outgoing connections on process id 28743 
