2022-07-13 04:05:35,273 socket_client_ng.py [line:156] run INFO node id 9 is running on pid 5141 
2022-07-13 04:05:35,273 socket_client_ng.py [line:47] _connect_and_send_forever INFO node 9's socket client starts to make outgoing connections on process id 5141 
2022-07-13 04:05:35,274 socket_client_ng.py [line:66] _connect INFO node 9's socket client starts to make outgoing connections to node 0 server 
2022-07-13 04:05:35,294 socket_client_ng.py [line:74] _connect INFO node 9's socket client made an outgoing connection to node 0 server 
2022-07-13 04:05:35,294 socket_client_ng.py [line:66] _connect INFO node 9's socket client starts to make outgoing connections to node 1 server 
2022-07-13 04:05:35,294 socket_client_ng.py [line:74] _connect INFO node 9's socket client made an outgoing connection to node 1 server 
2022-07-13 04:05:35,294 socket_client_ng.py [line:66] _connect INFO node 9's socket client starts to make outgoing connections to node 2 server 
2022-07-13 04:05:35,295 socket_client_ng.py [line:74] _connect INFO node 9's socket client made an outgoing connection to node 2 server 
2022-07-13 04:05:35,295 socket_client_ng.py [line:66] _connect INFO node 9's socket client starts to make outgoing connections to node 3 server 
2022-07-13 04:05:35,295 socket_client_ng.py [line:74] _connect INFO node 9's socket client made an outgoing connection to node 3 server 
2022-07-13 04:05:35,295 socket_client_ng.py [line:66] _connect INFO node 9's socket client starts to make outgoing connections to node 4 server 
2022-07-13 04:05:35,295 socket_client_ng.py [line:74] _connect INFO node 9's socket client made an outgoing connection to node 4 server 
2022-07-13 04:05:35,296 socket_client_ng.py [line:66] _connect INFO node 9's socket client starts to make outgoing connections to node 5 server 
2022-07-13 04:05:35,296 socket_client_ng.py [line:74] _connect INFO node 9's socket client made an outgoing connection to node 5 server 
2022-07-13 04:05:35,296 socket_client_ng.py [line:66] _connect INFO node 9's socket client starts to make outgoing connections to node 6 server 
2022-07-13 04:05:35,296 socket_client_ng.py [line:74] _connect INFO node 9's socket client made an outgoing connection to node 6 server 
2022-07-13 04:05:35,296 socket_client_ng.py [line:66] _connect INFO node 9's socket client starts to make outgoing connections to node 7 server 
2022-07-13 04:05:35,297 socket_client_ng.py [line:74] _connect INFO node 9's socket client made an outgoing connection to node 7 server 
2022-07-13 04:05:35,297 socket_client_ng.py [line:66] _connect INFO node 9's socket client starts to make outgoing connections to node 8 server 
2022-07-13 04:05:35,297 socket_client_ng.py [line:74] _connect INFO node 9's socket client made an outgoing connection to node 8 server 
2022-07-13 04:05:35,297 socket_client_ng.py [line:66] _connect INFO node 9's socket client starts to make outgoing connections to node 9 server 
2022-07-13 04:05:35,297 socket_client_ng.py [line:74] _connect INFO node 9's socket client made an outgoing connection to node 9 server 
2022-07-13 04:05:35,297 socket_client_ng.py [line:66] _connect INFO node 9's socket client starts to make outgoing connections to node 10 server 
2022-07-13 04:05:35,298 socket_client_ng.py [line:74] _connect INFO node 9's socket client made an outgoing connection to node 10 server 
2022-07-13 04:05:35,298 socket_client_ng.py [line:66] _connect INFO node 9's socket client starts to make outgoing connections to node 11 server 
2022-07-13 04:05:35,298 socket_client_ng.py [line:74] _connect INFO node 9's socket client made an outgoing connection to node 11 server 
2022-07-13 04:05:35,298 socket_client_ng.py [line:66] _connect INFO node 9's socket client starts to make outgoing connections to node 12 server 
2022-07-13 04:05:35,298 socket_client_ng.py [line:74] _connect INFO node 9's socket client made an outgoing connection to node 12 server 
2022-07-13 04:05:35,298 socket_client_ng.py [line:66] _connect INFO node 9's socket client starts to make outgoing connections to node 13 server 
2022-07-13 04:05:35,298 socket_client_ng.py [line:74] _connect INFO node 9's socket client made an outgoing connection to node 13 server 
2022-07-13 04:05:35,299 socket_client_ng.py [line:66] _connect INFO node 9's socket client starts to make outgoing connections to node 14 server 
2022-07-13 04:05:35,299 socket_client_ng.py [line:74] _connect INFO node 9's socket client made an outgoing connection to node 14 server 
2022-07-13 04:05:35,299 socket_client_ng.py [line:66] _connect INFO node 9's socket client starts to make outgoing connections to node 15 server 
2022-07-13 04:05:35,299 socket_client_ng.py [line:74] _connect INFO node 9's socket client made an outgoing connection to node 15 server 
2024-07-12 16:53:46,871 socket_client.py [line:157] run INFO node id 9 is running on pid 28747 
2024-07-12 16:53:46,872 socket_client.py [line:44] _connect_and_send_forever INFO node 9's socket client starts to make outgoing connections on process id 28747 
